Archive member included to satisfy reference by file (symbol)

e:/truestudio for stm32 9.3.0/armtools/bin/../lib/gcc/arm-atollic-eabi/6.3.1/../../../../arm-atollic-eabi/lib/armv7e-m/fpu\libc_nano.a(lib_a-errno.o)
                              Src\syscalls.o (__errno)
e:/truestudio for stm32 9.3.0/armtools/bin/../lib/gcc/arm-atollic-eabi/6.3.1/../../../../arm-atollic-eabi/lib/armv7e-m/fpu\libc_nano.a(lib_a-impure.o)
                              e:/truestudio for stm32 9.3.0/armtools/bin/../lib/gcc/arm-atollic-eabi/6.3.1/../../../../arm-atollic-eabi/lib/armv7e-m/fpu\libc_nano.a(lib_a-errno.o) (_impure_ptr)
e:/truestudio for stm32 9.3.0/armtools/bin/../lib/gcc/arm-atollic-eabi/6.3.1/../../../../arm-atollic-eabi/lib/armv7e-m/fpu\libc_nano.a(lib_a-init.o)
                              startup\startup_stm32f401xc.o (__libc_init_array)
e:/truestudio for stm32 9.3.0/armtools/bin/../lib/gcc/arm-atollic-eabi/6.3.1/../../../../arm-atollic-eabi/lib/armv7e-m/fpu\libc_nano.a(lib_a-malloc.o)
                              Middlewares\ST\STM32_USB_Device_Library\Class\HID\Src\usbd_hid.o (malloc)
e:/truestudio for stm32 9.3.0/armtools/bin/../lib/gcc/arm-atollic-eabi/6.3.1/../../../../arm-atollic-eabi/lib/armv7e-m/fpu\libc_nano.a(lib_a-memset.o)
                              Src\keyboardBinds.o (memset)
e:/truestudio for stm32 9.3.0/armtools/bin/../lib/gcc/arm-atollic-eabi/6.3.1/../../../../arm-atollic-eabi/lib/armv7e-m/fpu\libc_nano.a(lib_a-nano-freer.o)
                              e:/truestudio for stm32 9.3.0/armtools/bin/../lib/gcc/arm-atollic-eabi/6.3.1/../../../../arm-atollic-eabi/lib/armv7e-m/fpu\libc_nano.a(lib_a-malloc.o) (_free_r)
e:/truestudio for stm32 9.3.0/armtools/bin/../lib/gcc/arm-atollic-eabi/6.3.1/../../../../arm-atollic-eabi/lib/armv7e-m/fpu\libc_nano.a(lib_a-nano-mallocr.o)
                              e:/truestudio for stm32 9.3.0/armtools/bin/../lib/gcc/arm-atollic-eabi/6.3.1/../../../../arm-atollic-eabi/lib/armv7e-m/fpu\libc_nano.a(lib_a-malloc.o) (_malloc_r)
e:/truestudio for stm32 9.3.0/armtools/bin/../lib/gcc/arm-atollic-eabi/6.3.1/../../../../arm-atollic-eabi/lib/armv7e-m/fpu\libc_nano.a(lib_a-puts.o)
                              Src\keyboardBinds.o (puts)
e:/truestudio for stm32 9.3.0/armtools/bin/../lib/gcc/arm-atollic-eabi/6.3.1/../../../../arm-atollic-eabi/lib/armv7e-m/fpu\libc_nano.a(lib_a-sbrkr.o)
                              e:/truestudio for stm32 9.3.0/armtools/bin/../lib/gcc/arm-atollic-eabi/6.3.1/../../../../arm-atollic-eabi/lib/armv7e-m/fpu\libc_nano.a(lib_a-nano-mallocr.o) (_sbrk_r)
e:/truestudio for stm32 9.3.0/armtools/bin/../lib/gcc/arm-atollic-eabi/6.3.1/../../../../arm-atollic-eabi/lib/armv7e-m/fpu\libc_nano.a(lib_a-snprintf.o)
                              Src\keyboardBinds.o (snprintf)
e:/truestudio for stm32 9.3.0/armtools/bin/../lib/gcc/arm-atollic-eabi/6.3.1/../../../../arm-atollic-eabi/lib/armv7e-m/fpu\libc_nano.a(lib_a-strcat.o)
                              Src\keyboardBinds.o (strcat)
e:/truestudio for stm32 9.3.0/armtools/bin/../lib/gcc/arm-atollic-eabi/6.3.1/../../../../arm-atollic-eabi/lib/armv7e-m/fpu\libc_nano.a(lib_a-strcpy.o)
                              Src\keyboardBinds.o (strcpy)
e:/truestudio for stm32 9.3.0/armtools/bin/../lib/gcc/arm-atollic-eabi/6.3.1/../../../../arm-atollic-eabi/lib/armv7e-m/fpu\libc_nano.a(lib_a-strlen.o)
                              Src\keyboardBinds.o (strlen)
e:/truestudio for stm32 9.3.0/armtools/bin/../lib/gcc/arm-atollic-eabi/6.3.1/../../../../arm-atollic-eabi/lib/armv7e-m/fpu\libc_nano.a(lib_a-wbuf.o)
                              e:/truestudio for stm32 9.3.0/armtools/bin/../lib/gcc/arm-atollic-eabi/6.3.1/../../../../arm-atollic-eabi/lib/armv7e-m/fpu\libc_nano.a(lib_a-puts.o) (__swbuf_r)
e:/truestudio for stm32 9.3.0/armtools/bin/../lib/gcc/arm-atollic-eabi/6.3.1/../../../../arm-atollic-eabi/lib/armv7e-m/fpu\libc_nano.a(lib_a-wsetup.o)
                              e:/truestudio for stm32 9.3.0/armtools/bin/../lib/gcc/arm-atollic-eabi/6.3.1/../../../../arm-atollic-eabi/lib/armv7e-m/fpu\libc_nano.a(lib_a-puts.o) (__swsetup_r)
e:/truestudio for stm32 9.3.0/armtools/bin/../lib/gcc/arm-atollic-eabi/6.3.1/../../../../arm-atollic-eabi/lib/armv7e-m/fpu\libc_nano.a(lib_a-fflush.o)
                              e:/truestudio for stm32 9.3.0/armtools/bin/../lib/gcc/arm-atollic-eabi/6.3.1/../../../../arm-atollic-eabi/lib/armv7e-m/fpu\libc_nano.a(lib_a-wbuf.o) (_fflush_r)
e:/truestudio for stm32 9.3.0/armtools/bin/../lib/gcc/arm-atollic-eabi/6.3.1/../../../../arm-atollic-eabi/lib/armv7e-m/fpu\libc_nano.a(lib_a-findfp.o)
                              e:/truestudio for stm32 9.3.0/armtools/bin/../lib/gcc/arm-atollic-eabi/6.3.1/../../../../arm-atollic-eabi/lib/armv7e-m/fpu\libc_nano.a(lib_a-puts.o) (__sinit)
e:/truestudio for stm32 9.3.0/armtools/bin/../lib/gcc/arm-atollic-eabi/6.3.1/../../../../arm-atollic-eabi/lib/armv7e-m/fpu\libc_nano.a(lib_a-fwalk.o)
[...]
Memory Configuration

Name             Origin             Length             Attributes
RAM              0x20000000         0x00010000         xrw
FLASH            0x08000000         0x00040000         xr
*default*        0x00000000         0xffffffff

Linker script and memory map

LOAD e:/truestudio for stm32 9.3.0/armtools/bin/../lib/gcc/arm-atollic-eabi/6.3.1/armv7e-m/fpu/crti.o
LOAD e:/truestudio for stm32 9.3.0/armtools/bin/../lib/gcc/arm-atollic-eabi/6.3.1/armv7e-m/fpu/crtbegin.o
LOAD Drivers\STM32F4xx_HAL_Driver\Src\stm32f4xx_hal.o
LOAD Drivers\STM32F4xx_HAL_Driver\Src\stm32f4xx_hal_cortex.o
LOAD Drivers\STM32F4xx_HAL_Driver\Src\stm32f4xx_hal_dma.o
LOAD Drivers\STM32F4xx_HAL_Driver\Src\stm32f4xx_hal_dma_ex.o
LOAD Drivers\STM32F4xx_HAL_Driver\Src\stm32f4xx_hal_exti.o
LOAD Drivers\STM32F4xx_HAL_Driver\Src\stm32f4xx_hal_flash.o
LOAD Drivers\STM32F4xx_HAL_Driver\Src\stm32f4xx_hal_flash_ex.o
LOAD Drivers\STM32F4xx_HAL_Driver\Src\stm32f4xx_hal_flash_ramfunc.o
LOAD Drivers\STM32F4xx_HAL_Driver\Src\stm32f4xx_hal_gpio.o
LOAD Drivers\STM32F4xx_HAL_Driver\Src\stm32f4xx_hal_i2c.o
LOAD Drivers\STM32F4xx_HAL_Driver\Src\stm32f4xx_hal_i2c_ex.o
LOAD Drivers\STM32F4xx_HAL_Driver\Src\stm32f4xx_hal_pcd.o
LOAD Drivers\STM32F4xx_HAL_Driver\Src\stm32f4xx_hal_pcd_ex.o
LOAD Drivers\STM32F4xx_HAL_Driver\Src\stm32f4xx_hal_pwr.o
LOAD Drivers\STM32F4xx_HAL_Driver\Src\stm32f4xx_hal_pwr_ex.o
LOAD Drivers\STM32F4xx_HAL_Driver\Src\stm32f4xx_hal_rcc.o
LOAD Drivers\STM32F4xx_HAL_Driver\Src\stm32f4xx_hal_rcc_ex.o
LOAD Drivers\STM32F4xx_HAL_Driver\Src\stm32f4xx_hal_rtc.o
LOAD Drivers\STM32F4xx_HAL_Driver\Src\stm32f4xx_hal_rtc_ex.o
LOAD Drivers\STM32F4xx_HAL_Driver\Src\stm32f4xx_hal_tim.o
LOAD Drivers\STM32F4xx_HAL_Driver\Src\stm32f4xx_hal_tim_ex.o
LOAD Drivers\STM32F4xx_HAL_Driver\Src\stm32f4xx_hal_uart.o
LOAD Drivers\STM32F4xx_HAL_Driver\Src\stm32f4xx_ll_usb.o
LOAD Middlewares\ST\STM32_USB_Device_Library\Class\HID\Src\usbd_hid.o
LOAD Middlewares\ST\STM32_USB_Device_Library\Core\Src\usbd_core.o
LOAD Middlewares\ST\STM32_USB_Device_Library\Core\Src\usbd_ctlreq.o
LOAD Middlewares\ST\STM32_USB_Device_Library\Core\Src\usbd_ioreq.o
LOAD Src\keyboardBinds.o
LOAD Src\main.o
LOAD Src\stm32f4xx_hal_msp.o
LOAD Src\stm32f4xx_it.o
LOAD Src\syscalls.o
LOAD Src\system_stm32f4xx.o
LOAD Src\usb_device.o
LOAD Src\usbd_conf.o
LOAD Src\usbd_desc.o
LOAD startup\startup_stm32f401xc.o
                0x00000080                malloc_getpagesize_P = 0x80
START GROUP
LOAD e:/truestudio for stm32 9.3.0/armtools/bin/../lib/gcc/arm-atollic-eabi/6.3.1/../../../../arm-atollic-eabi/lib/armv7e-m/fpu\libc_nano.a
LOAD e:/truestudio for stm32 9.3.0/armtools/bin/../lib/gcc/arm-atollic-eabi/6.3.1/../../../../arm-atollic-eabi/lib/armv7e-m/fpu\libm.a
END GROUP
START GROUP
LOAD e:/truestudio for stm32 9.3.0/armtools/bin/../lib/gcc/arm-atollic-eabi/6.3.1/armv7e-m/fpu\libgcc.a
LOAD e:/truestudio for stm32 9.3.0/armtools/bin/../lib/gcc/arm-atollic-eabi/6.3.1/../../../../arm-atollic-eabi/lib/armv7e-m/fpu\libc_nano.a
END GROUP
START GROUP
LOAD e:/truestudio for stm32 9.3.0/armtools/bin/../lib/gcc/arm-atollic-eabi/6.3.1/armv7e-m/fpu\libgcc.a
LOAD e:/truestudio for stm32 9.3.0/armtools/bin/../lib/gcc/arm-atollic-eabi/6.3.1/../../../../arm-atollic-eabi/lib/armv7e-m/fpu\libc_nano.a
LOAD e:/truestudio for stm32 9.3.0/armtools/bin/../lib/gcc/arm-atollic-eabi/6.3.1/../../../../arm-atollic-eabi/lib/armv7e-m/fpu\libnosys.a
END GROUP
START GROUP
LOAD e:/truestudio for stm32 9.3.0/armtools/bin/../lib/gcc/arm-atollic-eabi/6.3.1/armv7e-m/fpu\libgcc.a
LOAD e:/truestudio for stm32 9.3.0/armtools/bin/../lib/gcc/arm-atollic-eabi/6.3.1/../../../../arm-atollic-eabi/lib/armv7e-m/fpu\libc_nano.a
LOAD e:/truestudio for stm32 9.3.0/armtools/bin/../lib/gcc/arm-atollic-eabi/6.3.1/../../../../arm-atollic-eabi/lib/armv7e-m/fpu\libnosys.a
END GROUP
LOAD e:/truestudio for stm32 9.3.0/armtools/bin/../lib/gcc/arm-atollic-eabi/6.3.1/armv7e-m/fpu/crtend.o
LOAD e:/truestudio for stm32 9.3.0/armtools/bin/../lib/gcc/arm-atollic-eabi/6.3.1/armv7e-m/fpu/crtn.o
                0x20010000                _estack = 0x20010000
                0x00000200                _Min_Heap_Size = 0x200
                0x00000400                _Min_Stack_Size = 0x400

.isr_vector     0x08000000      0x194
                0x08000000                . = ALIGN (0x4)
 *(.isr_vector)
 .isr_vector    0x08000000      0x194 startup\startup_stm32f401xc.o
                0x08000000                g_pfnVectors
                0x08000194                . = ALIGN (0x4)

.text           0x080001a0     0x4f00
                0x080001a0                . = ALIGN (0x4)
 *(.text)
 .text          0x080001a0       0x40 e:/truestudio for stm32 9.3.0/armtools/bin/../lib/gcc/arm-atollic-eabi/6.3.1/armv7e-m/fpu/crtbegin.o
 .text          0x080001e0       0x10 e:/truestudio for stm32 9.3.0/armtools/bin/../lib/gcc/arm-atollic-eabi/6.3.1/../../../../arm-atollic-eabi/lib/armv7e-m/fpu\libc_nano.a(lib_a-strlen.o)
                0x080001e0                strlen
 .text          0x080001f0       0xa0 e:/truestudio for stm32 9.3.0/armtools/bin/../lib/gcc/arm-atollic-eabi/6.3.1/../../../../arm-atollic-eabi/lib/armv7e-m/fpu\libc_nano.a(lib_a-memchr.o)
                0x080001f0                memchr
 .text          0x08000290       0x30 e:/truestudio for stm32 9.3.0/armtools/bin/../lib/gcc/arm-atollic-eabi/6.3.1/armv7e-m/fpu\libgcc.a(_aeabi_uldivmod.o)
                0x08000290                __aeabi_uldivmod
 .text          0x080002c0      0x2dc e:/truestudio for stm32 9.3.0/armtools/bin/../lib/gcc/arm-atollic-eabi/6.3.1/armv7e-m/fpu\libgcc.a(_udivmoddi4.o)
                0x080002c0                __udivmoddi4
 .text          0x0800059c        0x4 e:/truestudio for stm32 9.3.0/armtools/bin/../lib/gcc/arm-atollic-eabi/6.3.1/armv7e-m/fpu\libgcc.a(_dvmd_tls.o)
                0x0800059c                __aeabi_idiv0
                0x0800059c                __aeabi_ldiv0
 *(.text*)
 .text.HAL_InitTick
                0x080005a0       0x48 Drivers\STM32F4xx_HAL_Driver\Src\stm32f4xx_hal.o
                0x080005a0                HAL_InitTick
 .text.HAL_Init
                0x080005e8       0x34 Drivers\STM32F4xx_HAL_Driver\Src\stm32f4xx_hal.o
                0x080005e8                HAL_Init
 .text.HAL_IncTick
                0x0800061c       0x18 Drivers\STM32F4xx_HAL_Driver\Src\stm32f4xx_hal.o
                0x0800061c                HAL_IncTick
 .text.HAL_GetTick
                0x08000634        0xc Drivers\STM32F4xx_HAL_Driver\Src\stm32f4xx_hal.o
                0x08000634                HAL_GetTick
 .text.HAL_Delay
                0x08000640       0x28 Drivers\STM32F4xx_HAL_Driver\Src\stm32f4xx_hal.o
                0x08000640                HAL_Delay
 .text.HAL_NVIC_SetPriorityGrouping
                0x08000668       0x24 Drivers\STM32F4xx_HAL_Driver\Src\stm32f4xx_hal_cortex.o
                0x08000668                HAL_NVIC_SetPriorityGrouping
 .text.HAL_NVIC_SetPriority
                0x0800068c       0x68 Drivers\STM32F4xx_HAL_Driver\Src\stm32f4xx_hal_cortex.o
                0x0800068c                HAL_NVIC_SetPriority
 .text.HAL_NVIC_EnableIRQ
                0x080006f4       0x1c Drivers\STM32F4xx_HAL_Driver\Src\stm32f4xx_hal_cortex.o
                0x080006f4                HAL_NVIC_EnableIRQ
 .text.HAL_SYSTICK_Config
                0x08000710       0x2c Drivers\STM32F4xx_HAL_Driver\Src\stm32f4xx_hal_cortex.o
                0x08000710                HAL_SYSTICK_Config
 .text.DMA_CalcBaseAndBitshift
                0x0800073c       0x2c Drivers\STM32F4xx_HAL_Driver\Src\stm32f4xx_hal_dma.o
 .text.HAL_DMA_Init
                0x08000768       0xfc Drivers\STM32F4xx_HAL_Driver\Src\stm32f4xx_hal_dma.o
                0x08000768                HAL_DMA_Init
 .text.HAL_DMA_IRQHandler
                0x08000864      0x174 Drivers\STM32F4xx_HAL_Driver\Src\stm32f4xx_hal_dma.o
                0x08000864                HAL_DMA_IRQHandler
 .text.HAL_GPIO_Init
                0x080009d8      0x19c Drivers\STM32F4xx_HAL_Driver\Src\stm32f4xx_hal_gpio.o
                0x080009d8                HAL_GPIO_Init
 .text.HAL_GPIO_WritePin
                0x08000b74        0xa Drivers\STM32F4xx_HAL_Driver\Src\stm32f4xx_hal_gpio.o
                0x08000b74                HAL_GPIO_WritePin
 *fill*         0x08000b7e        0x2 
 .text.HAL_I2C_Init
                0x08000b80      0x158 Drivers\STM32F4xx_HAL_Driver\Src\stm32f4xx_hal_i2c.o
                0x08000b80                HAL_I2C_Init
 .text.HAL_PCD_Init
                0x08000cd8      0x10e Drivers\STM32F4xx_HAL_Driver\Src\stm32f4xx_hal_pcd.o
                0x08000cd8                HAL_PCD_Init
 .text.HAL_PCD_Start
                0x08000de6       0x3e Drivers\STM32F4xx_HAL_Driver\Src\stm32f4xx_hal_pcd.o
                0x08000de6                HAL_PCD_Start
 .text.HAL_PCD_IRQHandler
                0x08000e24      0x574 Drivers\STM32F4xx_HAL_Driver\Src\stm32f4xx_hal_pcd.o
                0x08000e24                HAL_PCD_IRQHandler
 .text.HAL_PCD_SetAddress
                0x08001398       0x28 Drivers\STM32F4xx_HAL_Driver\Src\stm32f4xx_hal_pcd.o
                0x08001398                HAL_PCD_SetAddress
 .text.HAL_PCD_EP_Open
                0x080013c0       0x6a Drivers\STM32F4xx_HAL_Driver\Src\stm32f4xx_hal_pcd.o
                0x080013c0                HAL_PCD_EP_Open
 .text.HAL_PCD_EP_Close
                0x0800142a       0x54 Drivers\STM32F4xx_HAL_Driver\Src\stm32f4xx_hal_pcd.o
                0x0800142a                HAL_PCD_EP_Close
 .text.HAL_PCD_EP_Receive
                0x0800147e       0x48 Drivers\STM32F4xx_HAL_Driver\Src\stm32f4xx_hal_pcd.o
                0x0800147e                HAL_PCD_EP_Receive
 .text.HAL_PCD_EP_Transmit
                0x080014c6       0x40 Drivers\STM32F4xx_HAL_Driver\Src\stm32f4xx_hal_pcd.o
                0x080014c6                HAL_PCD_EP_Transmit
 .text.HAL_PCD_EP_SetStall
                0x08001506       0x74 Drivers\STM32F4xx_HAL_Driver\Src\stm32f4xx_hal_pcd.o
                0x08001506                HAL_PCD_EP_SetStall
 .text.HAL_PCD_EP_ClrStall
                0x0800157a       0x64 Drivers\STM32F4xx_HAL_Driver\Src\stm32f4xx_hal_pcd.o
                0x0800157a                HAL_PCD_EP_ClrStall
 .text.HAL_PCDEx_SetTxFiFo
                0x080015de       0x42 Drivers\STM32F4xx_HAL_Driver\Src\stm32f4xx_hal_pcd_ex.o
                0x080015de                HAL_PCDEx_SetTxFiFo
 .text.HAL_PCDEx_SetRxFiFo
                0x08001620        0x8 Drivers\STM32F4xx_HAL_Driver\Src\stm32f4xx_hal_pcd_ex.o
                0x08001620                HAL_PCDEx_SetRxFiFo
 .text.HAL_PCDEx_LPM_Callback
                0x08001628        0x2 Drivers\STM32F4xx_HAL_Driver\Src\stm32f4xx_hal_pcd_ex.o
                0x08001628                HAL_PCDEx_LPM_Callback
 *fill*         0x0800162a        0x2 
 .text.HAL_RCC_OscConfig
                0x0800162c      0x34c Drivers\STM32F4xx_HAL_Driver\Src\stm32f4xx_hal_rcc.o
                0x0800162c                HAL_RCC_OscConfig
 .text.HAL_RCC_GetSysClockFreq
                0x08001978       0x5c Drivers\STM32F4xx_HAL_Driver\Src\stm32f4xx_hal_rcc.o
                0x08001978                HAL_RCC_GetSysClockFreq
 .text.HAL_RCC_ClockConfig
                0x080019d4      0x138 Drivers\STM32F4xx_HAL_Driver\Src\stm32f4xx_hal_rcc.o
                0x080019d4                HAL_RCC_ClockConfig
 .text.HAL_RCC_GetHCLKFreq
                0x08001b0c        0xc Drivers\STM32F4xx_HAL_Driver\Src\stm32f4xx_hal_rcc.o
                0x08001b0c                HAL_RCC_GetHCLKFreq
 .text.HAL_RCC_GetPCLK1Freq
                0x08001b18       0x20 Drivers\STM32F4xx_HAL_Driver\Src\stm32f4xx_hal_rcc.o
                0x08001b18                HAL_RCC_GetPCLK1Freq
 .text.HAL_RCC_GetPCLK2Freq
                0x08001b38       0x20 Drivers\STM32F4xx_HAL_Driver\Src\stm32f4xx_hal_rcc.o
                0x08001b38                HAL_RCC_GetPCLK2Freq
 .text.HAL_RCCEx_PeriphCLKConfig
                0x08001b58      0x13c Drivers\STM32F4xx_HAL_Driver\Src\stm32f4xx_hal_rcc_ex.o
                0x08001b58                HAL_RCCEx_PeriphCLKConfig
 .text.HAL_RTC_WaitForSynchro
                0x08001c94       0x30 Drivers\STM32F4xx_HAL_Driver\Src\stm32f4xx_hal_rtc.o
                0x08001c94                HAL_RTC_WaitForSynchro
 .text.RTC_EnterInitMode
                0x08001cc4       0x34 Drivers\STM32F4xx_HAL_Driver\Src\stm32f4xx_hal_rtc.o
                0x08001cc4                RTC_EnterInitMode
 .text.HAL_RTC_Init
                0x08001cf8       0x9c Drivers\STM32F4xx_HAL_Driver\Src\stm32f4xx_hal_rtc.o
                0x08001cf8                HAL_RTC_Init
 .text.HAL_TIM_Base_Start
                0x08001d94       0x24 Drivers\STM32F4xx_HAL_Driver\Src\stm32f4xx_hal_tim.o
                0x08001d94                HAL_TIM_Base_Start
 .text.TIM_Base_SetConfig
                0x08001db8       0x9c Drivers\STM32F4xx_HAL_Driver\Src\stm32f4xx_hal_tim.o
                0x08001db8                TIM_Base_SetConfig
 .text.HAL_TIM_Base_Init
                0x08001e54       0x34 Drivers\STM32F4xx_HAL_Driver\Src\stm32f4xx_hal_tim.o
                0x08001e54                HAL_TIM_Base_Init
 .text.TIM_ETR_SetConfig
                0x08001e88       0x14 Drivers\STM32F4xx_HAL_Driver\Src\stm32f4xx_hal_tim.o
                0x08001e88                TIM_ETR_SetConfig
 .text.HAL_TIM_ConfigClockSource
                0x08001e9c      0x128 Drivers\STM32F4xx_HAL_Driver\Src\stm32f4xx_hal_tim.o
                0x08001e9c                HAL_TIM_ConfigClockSource
 .text.HAL_TIMEx_MasterConfigSynchronization
                0x08001fc4       0x74 Drivers\STM32F4xx_HAL_Driver\Src\stm32f4xx_hal_tim_ex.o
                0x08001fc4                HAL_TIMEx_MasterConfigSynchronization
 .text.UART_SetConfig
                0x08002038       0xdc Drivers\STM32F4xx_HAL_Driver\Src\stm32f4xx_hal_uart.o
 .text.UART_WaitOnFlagUntilTimeout.constprop.3
                0x08002114       0x50 Drivers\STM32F4xx_HAL_Driver\Src\stm32f4xx_hal_uart.o
 .text.HAL_UART_Init
                0x08002164       0x5c Drivers\STM32F4xx_HAL_Driver\Src\stm32f4xx_hal_uart.o
                0x08002164                HAL_UART_Init
 .text.HAL_UART_Transmit
                0x080021c0       0xbe Drivers\STM32F4xx_HAL_Driver\Src\stm32f4xx_hal_uart.o
                0x080021c0                HAL_UART_Transmit
 *fill*         0x0800227e        0x2 
 .text.USB_CoreReset
                0x08002280       0x30 Drivers\STM32F4xx_HAL_Driver\Src\stm32f4xx_ll_usb.o
 .text.USB_CoreInit
                0x080022b0       0x80 Drivers\STM32F4xx_HAL_Driver\Src\stm32f4xx_ll_usb.o
                0x080022b0                USB_CoreInit
 .text.USB_SetTurnaroundTime
                0x08002330       0xe8 Drivers\STM32F4xx_HAL_Driver\Src\stm32f4xx_ll_usb.o
                0x08002330                USB_SetTurnaroundTime
 .text.USB_EnableGlobalInt
                0x08002418        0xc Drivers\STM32F4xx_HAL_Driver\Src\stm32f4xx_ll_usb.o
                0x08002418                USB_EnableGlobalInt
 .text.USB_DisableGlobalInt
                0x08002424        0xc Drivers\STM32F4xx_HAL_Driver\Src\stm32f4xx_ll_usb.o
                0x08002424                USB_DisableGlobalInt
 .text.USB_SetCurrentMode
                0x08002430       0x2e Drivers\STM32F4xx_HAL_Driver\Src\stm32f4xx_ll_usb.o
                0x08002430                USB_SetCurrentMode
 *fill*         0x0800245e        0x2 
 .text.USB_FlushTxFifo
                0x08002460       0x24 Drivers\STM32F4xx_HAL_Driver\Src\stm32f4xx_ll_usb.o
                0x08002460                USB_FlushTxFifo
 .text.USB_FlushRxFifo
                0x08002484       0x20 Drivers\STM32F4xx_HAL_Driver\Src\stm32f4xx_ll_usb.o
                0x08002484                USB_FlushRxFifo
 .text.USB_SetDevSpeed
                0x080024a4        0xe Drivers\STM32F4xx_HAL_Driver\Src\stm32f4xx_ll_usb.o
                0x080024a4                USB_SetDevSpeed
 *fill*         0x080024b2        0x2 
 .text.USB_DevInit
                0x080024b4      0x188 Drivers\STM32F4xx_HAL_Driver\Src\stm32f4xx_ll_usb.o
                0x080024b4                USB_DevInit
 .text.USB_GetDevSpeed
                0x0800263c       0x16 Drivers\STM32F4xx_HAL_Driver\Src\stm32f4xx_ll_usb.o
                0x0800263c                USB_GetDevSpeed
 .text.USB_ActivateEndpoint
                0x08002652       0x84 Drivers\STM32F4xx_HAL_Driver\Src\stm32f4xx_ll_usb.o
                0x08002652                USB_ActivateEndpoint
 *fill*         0x080026d6        0x2 
 .text.USB_DeactivateEndpoint
                0x080026d8       0x64 Drivers\STM32F4xx_HAL_Driver\Src\stm32f4xx_ll_usb.o
                0x080026d8                USB_DeactivateEndpoint
 .text.USB_EP0StartXfer
                0x0800273c      0x114 Drivers\STM32F4xx_HAL_Driver\Src\stm32f4xx_ll_usb.o
                0x0800273c                USB_EP0StartXfer
 .text.USB_WritePacket
                0x08002850       0x28 Drivers\STM32F4xx_HAL_Driver\Src\stm32f4xx_ll_usb.o
                0x08002850                USB_WritePacket
 .text.USB_EPStartXfer
                0x08002878      0x1dc Drivers\STM32F4xx_HAL_Driver\Src\stm32f4xx_ll_usb.o
                0x08002878                USB_EPStartXfer
 .text.USB_ReadPacket
                0x08002a54       0x1c Drivers\STM32F4xx_HAL_Driver\Src\stm32f4xx_ll_usb.o
                0x08002a54                USB_ReadPacket
 .text.USB_EPSetStall
                0x08002a70       0x5a Drivers\STM32F4xx_HAL_Driver\Src\stm32f4xx_ll_usb.o
                0x08002a70                USB_EPSetStall
 .text.USB_EPClearStall
                0x08002aca       0x56 Drivers\STM32F4xx_HAL_Driver\Src\stm32f4xx_ll_usb.o
                0x08002aca                USB_EPClearStall
 .text.USB_SetDevAddress
                0x08002b20       0x20 Drivers\STM32F4xx_HAL_Driver\Src\stm32f4xx_ll_usb.o
                0x08002b20                USB_SetDevAddress
 .text.USB_DevConnect
                0x08002b40       0x18 Drivers\STM32F4xx_HAL_Driver\Src\stm32f4xx_ll_usb.o
                0x08002b40                USB_DevConnect
 .text.USB_DevDisconnect
                0x08002b58       0x18 Drivers\STM32F4xx_HAL_Driver\Src\stm32f4xx_ll_usb.o
                0x08002b58                USB_DevDisconnect
 .text.USB_ReadInterrupts
                0x08002b70        0x8 Drivers\STM32F4xx_HAL_Driver\Src\stm32f4xx_ll_usb.o
                0x08002b70                USB_ReadInterrupts
 .text.USB_ReadDevAllOutEpInterrupt
                0x08002b78       0x10 Drivers\STM32F4xx_HAL_Driver\Src\stm32f4xx_ll_usb.o
                0x08002b78                USB_ReadDevAllOutEpInterrupt
 .text.USB_ReadDevAllInEpInterrupt
                0x08002b88       0x10 Drivers\STM32F4xx_HAL_Driver\Src\stm32f4xx_ll_usb.o
                0x08002b88                USB_ReadDevAllInEpInterrupt
 .text.USB_ReadDevOutEPInterrupt
                0x08002b98       0x12 Drivers\STM32F4xx_HAL_Driver\Src\stm32f4xx_ll_usb.o
                0x08002b98                USB_ReadDevOutEPInterrupt
 .text.USB_ReadDevInEPInterrupt
                0x08002baa       0x24 Drivers\STM32F4xx_HAL_Driver\Src\stm32f4xx_ll_usb.o
                0x08002baa                USB_ReadDevInEPInterrupt
 .text.USB_GetMode
                0x08002bce        0x8 Drivers\STM32F4xx_HAL_Driver\Src\stm32f4xx_ll_usb.o
                0x08002bce                USB_GetMode
 .text.USB_ActivateSetup
                0x08002bd6       0x36 Drivers\STM32F4xx_HAL_Driver\Src\stm32f4xx_ll_usb.o
                0x08002bd6                USB_ActivateSetup
 .text.USB_EP0_OutStart
                0x08002c0c       0x60 Drivers\STM32F4xx_HAL_Driver\Src\stm32f4xx_ll_usb.o
                0x08002c0c                USB_EP0_OutStart
 .text.USBD_HID_GetFSCfgDesc
                0x08002c6c        0xc Middlewares\ST\STM32_USB_Device_Library\Class\HID\Src\usbd_hid.o
 .text.USBD_HID_GetHSCfgDesc
                0x08002c78        0xc Middlewares\ST\STM32_USB_Device_Library\Class\HID\Src\usbd_hid.o
 .text.USBD_HID_GetOtherSpeedCfgDesc
                0x08002c84        0xc Middlewares\ST\STM32_USB_Device_Library\Class\HID\Src\usbd_hid.o
 .text.USBD_HID_DataIn
                0x08002c90        0xa Middlewares\ST\STM32_USB_Device_Library\Class\HID\Src\usbd_hid.o
 *fill*         0x08002c9a        0x2 
 .text.USBD_HID_GetDeviceQualifierDesc
                0x08002c9c        0xc Middlewares\ST\STM32_USB_Device_Library\Class\HID\Src\usbd_hid.o
 .text.USBD_HID_Setup
                0x08002ca8       0xd4 Middlewares\ST\STM32_USB_Device_Library\Class\HID\Src\usbd_hid.o
 .text.USBD_HID_DeInit
                0x08002d7c       0x20 Middlewares\ST\STM32_USB_Device_Library\Class\HID\Src\usbd_hid.o
 .text.USBD_HID_Init
                0x08002d9c       0x2a Middlewares\ST\STM32_USB_Device_Library\Class\HID\Src\usbd_hid.o
 .text.USBD_HID_SendReport
                0x08002dc6       0x24 Middlewares\ST\STM32_USB_Device_Library\Class\HID\Src\usbd_hid.o
                0x08002dc6                USBD_HID_SendReport
 .text.USBD_Init
                0x08002dea       0x2a Middlewares\ST\STM32_USB_Device_Library\Core\Src\usbd_core.o
                0x08002dea                USBD_Init
 .text.USBD_RegisterClass
                0x08002e14        0xe Middlewares\ST\STM32_USB_Device_Library\Core\Src\usbd_core.o
                0x08002e14                USBD_RegisterClass
 .text.USBD_Start
                0x08002e22        0xa Middlewares\ST\STM32_USB_Device_Library\Core\Src\usbd_core.o
                0x08002e22                USBD_Start
 .text.USBD_SetClassConfig
                0x08002e2c       0x16 Middlewares\ST\STM32_USB_Device_Library\Core\Src\usbd_core.o
                0x08002e2c                USBD_SetClassConfig
 .text.USBD_ClrClassConfig
                0x08002e42        0xe Middlewares\ST\STM32_USB_Device_Library\Core\Src\usbd_core.o
                0x08002e42                USBD_ClrClassConfig
 .text.USBD_LL_SetupStage
                0x08002e50       0x5a Middlewares\ST\STM32_USB_Device_Library\Core\Src\usbd_core.o
                0x08002e50                USBD_LL_SetupStage
 .text.USBD_LL_DataOutStage
                0x08002eaa       0x74 Middlewares\ST\STM32_USB_Device_Library\Core\Src\usbd_core.o
                0x08002eaa                USBD_LL_DataOutStage
 .text.USBD_LL_DataInStage
                0x08002f1e       0xb8 Middlewares\ST\STM32_USB_Device_Library\Core\Src\usbd_core.o
                0x08002f1e                USBD_LL_DataInStage
 .text.USBD_LL_Reset
                0x08002fd6       0x4e Middlewares\ST\STM32_USB_Device_Library\Core\Src\usbd_core.o
                0x08002fd6                USBD_LL_Reset
 .text.USBD_LL_SetSpeed
                0x08003024        0x6 Middlewares\ST\STM32_USB_Device_Library\Core\Src\usbd_core.o
                0x08003024                USBD_LL_SetSpeed
 .text.USBD_LL_Suspend
                0x0800302a       0x12 Middlewares\ST\STM32_USB_Device_Library\Core\Src\usbd_core.o
                0x0800302a                USBD_LL_Suspend
 .text.USBD_LL_Resume
                0x0800303c        0xc Middlewares\ST\STM32_USB_Device_Library\Core\Src\usbd_core.o
                0x0800303c                USBD_LL_Resume
 .text.USBD_LL_SOF
                0x08003048       0x18 Middlewares\ST\STM32_USB_Device_Library\Core\Src\usbd_core.o
                0x08003048                USBD_LL_SOF
 .text.USBD_LL_IsoINIncomplete
                0x08003060        0x4 Middlewares\ST\STM32_USB_Device_Library\Core\Src\usbd_core.o
                0x08003060                USBD_LL_IsoINIncomplete
 .text.USBD_LL_IsoOUTIncomplete
                0x08003064        0x4 Middlewares\ST\STM32_USB_Device_Library\Core\Src\usbd_core.o
                0x08003064                USBD_LL_IsoOUTIncomplete
 .text.USBD_LL_DevConnected
                0x08003068        0x4 Middlewares\ST\STM32_USB_Device_Library\Core\Src\usbd_core.o
                0x08003068                USBD_LL_DevConnected
 .text.USBD_LL_DevDisconnected
                0x0800306c       0x16 Middlewares\ST\STM32_USB_Device_Library\Core\Src\usbd_core.o
                0x0800306c                USBD_LL_DevDisconnected
 .text.USBD_CtlError.constprop.1
                0x08003082       0x16 Middlewares\ST\STM32_USB_Device_Library\Core\Src\usbd_ctlreq.o
 .text.USBD_StdDevReq
                0x08003098      0x234 Middlewares\ST\STM32_USB_Device_Library\Core\Src\usbd_ctlreq.o
                0x08003098                USBD_StdDevReq
 .text.USBD_StdItfReq
                0x080032cc       0x4a Middlewares\ST\STM32_USB_Device_Library\Core\Src\usbd_ctlreq.o
                0x080032cc                USBD_StdItfReq
 .text.USBD_StdEPReq
                0x08003316      0x110 Middlewares\ST\STM32_USB_Device_Library\Core\Src\usbd_ctlreq.o
                0x08003316                USBD_StdEPReq
 .text.USBD_ParseSetupRequest
                0x08003426       0x28 Middlewares\ST\STM32_USB_Device_Library\Core\Src\usbd_ctlreq.o
                0x08003426                USBD_ParseSetupRequest
 .text.USBD_CtlError
                0x0800344e       0x16 Middlewares\ST\STM32_USB_Device_Library\Core\Src\usbd_ctlreq.o
                0x0800344e                USBD_CtlError
 .text.USBD_GetString
                0x08003464       0x38 Middlewares\ST\STM32_USB_Device_Library\Core\Src\usbd_ctlreq.o
                0x08003464                USBD_GetString
 .text.USBD_CtlSendData
                0x0800349c       0x1a Middlewares\ST\STM32_USB_Device_Library\Core\Src\usbd_ioreq.o
                0x0800349c                USBD_CtlSendData
 .text.USBD_CtlContinueSendData
                0x080034b6       0x10 Middlewares\ST\STM32_USB_Device_Library\Core\Src\usbd_ioreq.o
                0x080034b6                USBD_CtlContinueSendData
 .text.USBD_CtlContinueRx
                0x080034c6       0x10 Middlewares\ST\STM32_USB_Device_Library\Core\Src\usbd_ioreq.o
                0x080034c6                USBD_CtlContinueRx
 .text.USBD_CtlSendStatus
                0x080034d6       0x16 Middlewares\ST\STM32_USB_Device_Library\Core\Src\usbd_ioreq.o
                0x080034d6                USBD_CtlSendStatus
 .text.USBD_CtlReceiveStatus
                0x080034ec       0x16 Middlewares\ST\STM32_USB_Device_Library\Core\Src\usbd_ioreq.o
                0x080034ec                USBD_CtlReceiveStatus
 .text.charToInt
                0x08003502       0x42 Src\keyboardBinds.o
                0x08003502                charToInt
 .text.layoutCodeParser
                0x08003544      0x1f0 Src\keyboardBinds.o
                0x08003544                layoutCodeParser
 .text.createLayout
                0x08003734      0x19c Src\keyboardBinds.o
                0x08003734                createLayout
 .text.macro2str
                0x080038d0       0xa4 Src\keyboardBinds.o
                0x080038d0                macro2str
 .text.debugSendStr
                0x08003974       0x48 Src\main.o
                0x08003974                debugSendStr
 .text.debugSendMacro
                0x080039bc       0x18 Src\main.o
                0x080039bc                debugSendMacro
 .text.keypadReadStep
                0x080039d4       0x68 Src\main.o
                0x080039d4                keypadReadStep
 .text.encoderPoll
                0x08003a3c       0x58 Src\main.o
                0x08003a3c                encoderPoll
 .text.pollAllControlsStep
                0x08003a94       0x1a Src\main.o
                0x08003a94                pollAllControlsStep
 .text.initPoll
                0x08003aae       0x34 Src\main.o
                0x08003aae                initPoll
 *fill*         0x08003ae2        0x2 
 .text.ctrlDesignator
                0x08003ae4      0x158 Src\main.o
                0x08003ae4                ctrlDesignator
 .text.SystemClock_Config
                0x08003c3c       0xbc Src\main.o
                0x08003c3c                SystemClock_Config
 .text.startup.main
                0x08003cf8      0x3a0 Src\main.o
                0x08003cf8                main
 .text.Error_Handler
                0x08004098        0x2 Src\main.o
                0x08004098                Error_Handler
 *fill*         0x0800409a        0x2 
 .text.HAL_MspInit
                0x0800409c       0x38 Src\stm32f4xx_hal_msp.o
                0x0800409c                HAL_MspInit
 .text.HAL_I2C_MspInit
                0x080040d4       0xa8 Src\stm32f4xx_hal_msp.o
                0x080040d4                HAL_I2C_MspInit
 .text.HAL_RTC_MspInit
                0x0800417c       0x18 Src\stm32f4xx_hal_msp.o
                0x0800417c                HAL_RTC_MspInit
 .text.HAL_TIM_Base_MspInit
                0x08004194       0x50 Src\stm32f4xx_hal_msp.o
                0x08004194                HAL_TIM_Base_MspInit
 .text.HAL_UART_MspInit
                0x080041e4       0xe4 Src\stm32f4xx_hal_msp.o
                0x080041e4                HAL_UART_MspInit
 .text.NMI_Handler
                0x080042c8        0x2 Src\stm32f4xx_it.o
                0x080042c8                NMI_Handler
 .text.HardFault_Handler
                0x080042ca        0x2 Src\stm32f4xx_it.o
                0x080042ca                HardFault_Handler
 .text.MemManage_Handler
                0x080042cc        0x2 Src\stm32f4xx_it.o
                0x080042cc                MemManage_Handler
 .text.BusFault_Handler
                0x080042ce        0x2 Src\stm32f4xx_it.o
                0x080042ce                BusFault_Handler
 .text.UsageFault_Handler
                0x080042d0        0x2 Src\stm32f4xx_it.o
                0x080042d0                UsageFault_Handler
 .text.SVC_Handler
                0x080042d2        0x2 Src\stm32f4xx_it.o
                0x080042d2                SVC_Handler
 .text.DebugMon_Handler
                0x080042d4        0x2 Src\stm32f4xx_it.o
                0x080042d4                DebugMon_Handler
 .text.PendSV_Handler
                0x080042d6        0x2 Src\stm32f4xx_it.o
                0x080042d6                PendSV_Handler
 .text.SysTick_Handler
                0x080042d8        0x4 Src\stm32f4xx_it.o
                0x080042d8                SysTick_Handler
 .text.DMA1_Stream6_IRQHandler
                0x080042dc        0xc Src\stm32f4xx_it.o
                0x080042dc                DMA1_Stream6_IRQHandler
 .text.DMA2_Stream2_IRQHandler
                0x080042e8        0xc Src\stm32f4xx_it.o
                0x080042e8                DMA2_Stream2_IRQHandler
 .text.OTG_FS_IRQHandler
                0x080042f4        0xc Src\stm32f4xx_it.o
                0x080042f4                OTG_FS_IRQHandler
 .text.DMA2_Stream7_IRQHandler
                0x08004300        0xc Src\stm32f4xx_it.o
                0x08004300                DMA2_Stream7_IRQHandler
 .text._sbrk    0x0800430c       0x34 Src\syscalls.o
                0x0800430c                _sbrk
 .text.SystemInit
                0x08004340       0x1c Src\system_stm32f4xx.o
                0x08004340                SystemInit
 .text.MX_USB_DEVICE_Init
                0x0800435c       0x40 Src\usb_device.o
                0x0800435c                MX_USB_DEVICE_Init
 .text.HAL_PCD_MspInit
                0x0800439c       0x84 Src\usbd_conf.o
                0x0800439c                HAL_PCD_MspInit
 .text.HAL_PCD_SetupStageCallback
                0x08004420        0xc Src\usbd_conf.o
                0x08004420                HAL_PCD_SetupStageCallback
 .text.HAL_PCD_DataOutStageCallback
                0x0800442c       0x12 Src\usbd_conf.o
                0x0800442c                HAL_PCD_DataOutStageCallback
 .text.HAL_PCD_DataInStageCallback
                0x0800443e       0x10 Src\usbd_conf.o
                0x0800443e                HAL_PCD_DataInStageCallback
 .text.HAL_PCD_SOFCallback
                0x0800444e        0x8 Src\usbd_conf.o
                0x0800444e                HAL_PCD_SOFCallback
 .text.HAL_PCD_ResetCallback
                0x08004456       0x24 Src\usbd_conf.o
                0x08004456                HAL_PCD_ResetCallback
 *fill*         0x0800447a        0x2 
 .text.HAL_PCD_SuspendCallback
                0x0800447c       0x30 Src\usbd_conf.o
                0x0800447c                HAL_PCD_SuspendCallback
 .text.HAL_PCD_ResumeCallback
                0x080044ac        0x8 Src\usbd_conf.o
                0x080044ac                HAL_PCD_ResumeCallback
 .text.HAL_PCD_ISOOUTIncompleteCallback
                0x080044b4        0x8 Src\usbd_conf.o
                0x080044b4                HAL_PCD_ISOOUTIncompleteCallback
 .text.HAL_PCD_ISOINIncompleteCallback
                0x080044bc        0x8 Src\usbd_conf.o
                0x080044bc                HAL_PCD_ISOINIncompleteCallback
 .text.HAL_PCD_ConnectCallback
                0x080044c4        0x8 Src\usbd_conf.o
                0x080044c4                HAL_PCD_ConnectCallback
 .text.HAL_PCD_DisconnectCallback
                0x080044cc        0x8 Src\usbd_conf.o
                0x080044cc                HAL_PCD_DisconnectCallback
 .text.USBD_LL_Init
                0x080044d4       0x5c Src\usbd_conf.o
                0x080044d4                USBD_LL_Init
 .text.USBD_LL_Start
                0x08004530       0x1c Src\usbd_conf.o
                0x08004530                USBD_LL_Start
 .text.USBD_LL_OpenEP
                0x0800454c       0x20 Src\usbd_conf.o
                0x0800454c                USBD_LL_OpenEP
 .text.USBD_LL_CloseEP
                0x0800456c       0x1c Src\usbd_conf.o
                0x0800456c                USBD_LL_CloseEP
 .text.USBD_LL_StallEP
                0x08004588       0x1c Src\usbd_conf.o
                0x08004588                USBD_LL_StallEP
 .text.USBD_LL_ClearStallEP
                0x080045a4       0x1c Src\usbd_conf.o
                0x080045a4                USBD_LL_ClearStallEP
 .text.USBD_LL_IsStallEP
                0x080045c0       0x26 Src\usbd_conf.o
                0x080045c0                USBD_LL_IsStallEP
 *fill*         0x080045e6        0x2 
 .text.USBD_LL_SetUSBAddress
                0x080045e8       0x1c Src\usbd_conf.o
                0x080045e8                USBD_LL_SetUSBAddress
 .text.USBD_LL_Transmit
                0x08004604       0x1c Src\usbd_conf.o
                0x08004604                USBD_LL_Transmit
 .text.USBD_LL_PrepareReceive
                0x08004620       0x1c Src\usbd_conf.o
                0x08004620                USBD_LL_PrepareReceive
 .text.USBD_FS_DeviceDescriptor
                0x0800463c        0xc Src\usbd_desc.o
                0x0800463c                USBD_FS_DeviceDescriptor
 .text.USBD_FS_LangIDStrDescriptor
                0x08004648        0xc Src\usbd_desc.o
                0x08004648                USBD_FS_LangIDStrDescriptor
 .text.IntToUnicode
                0x08004654       0x28 Src\usbd_desc.o
 .text.USBD_FS_SerialStrDescriptor
                0x0800467c       0x40 Src\usbd_desc.o
                0x0800467c                USBD_FS_SerialStrDescriptor
 .text.USBD_FS_ManufacturerStrDescriptor
                0x080046bc       0x1c Src\usbd_desc.o
                0x080046bc                USBD_FS_ManufacturerStrDescriptor
 .text.USBD_FS_ProductStrDescriptor
                0x080046d8       0x1c Src\usbd_desc.o
                0x080046d8                USBD_FS_ProductStrDescriptor
 .text.USBD_FS_ConfigStrDescriptor
                0x080046f4       0x1c Src\usbd_desc.o
                0x080046f4                USBD_FS_ConfigStrDescriptor
 .text.USBD_FS_InterfaceStrDescriptor
                0x08004710       0x1c Src\usbd_desc.o
                0x08004710                USBD_FS_InterfaceStrDescriptor
 .text.Reset_Handler
                0x0800472c       0x50 startup\startup_stm32f401xc.o
                0x0800472c                Reset_Handler
 .text.Default_Handler
                0x0800477c        0x2 startup\startup_stm32f401xc.o
                0x0800477c                RTC_Alarm_IRQHandler
                0x0800477c                EXTI2_IRQHandler
                0x0800477c                SPI4_IRQHandler
                0x0800477c                TIM1_CC_IRQHandler
                0x0800477c                DMA2_Stream5_IRQHandler
                0x0800477c                DMA1_Stream5_IRQHandler
                0x0800477c                PVD_IRQHandler
                0x0800477c                SDIO_IRQHandler
                0x0800477c                TAMP_STAMP_IRQHandler
                0x0800477c                EXTI3_IRQHandler
                0x0800477c                TIM1_UP_TIM10_IRQHandler
                0x0800477c                I2C3_ER_IRQHandler
                0x0800477c                EXTI0_IRQHandler
                0x0800477c                I2C2_EV_IRQHandler
                0x0800477c                DMA1_Stream2_IRQHandler
                0x0800477c                FPU_IRQHandler
                0x0800477c                SPI1_IRQHandler
                0x0800477c                TIM1_BRK_TIM9_IRQHandler
                0x0800477c                DMA2_Stream3_IRQHandler
                0x0800477c                USART6_IRQHandler
                0x0800477c                DMA2_Stream0_IRQHandler
                0x0800477c                TIM4_IRQHandler
                0x0800477c                I2C1_EV_IRQHandler
                0x0800477c                DMA1_Stream1_IRQHandler
                0x0800477c                TIM3_IRQHandler
                0x0800477c                RCC_IRQHandler
                0x0800477c                Default_Handler
                0x0800477c                EXTI15_10_IRQHandler
                0x0800477c                ADC_IRQHandler
                0x0800477c                DMA1_Stream7_IRQHandler
                0x0800477c                TIM5_IRQHandler
                0x0800477c                I2C3_EV_IRQHandler
                0x0800477c                EXTI9_5_IRQHandler
                0x0800477c                RTC_WKUP_IRQHandler
                0x0800477c                SPI2_IRQHandler
                0x0800477c                DMA1_Stream0_IRQHandler
                0x0800477c                EXTI4_IRQHandler
                0x0800477c                WWDG_IRQHandler
                0x0800477c                TIM2_IRQHandler
                0x0800477c                OTG_FS_WKUP_IRQHandler
                0x0800477c                TIM1_TRG_COM_TIM11_IRQHandler
                0x0800477c                EXTI1_IRQHandler
                0x0800477c                USART2_IRQHandler
                0x0800477c                I2C2_ER_IRQHandler
                0x0800477c                DMA2_Stream1_IRQHandler
                0x0800477c                FLASH_IRQHandler
                0x0800477c                DMA2_Stream4_IRQHandler
                0x0800477c                USART1_IRQHandler
                0x0800477c                SPI3_IRQHandler
                0x0800477c                DMA1_Stream4_IRQHandler
                0x0800477c                I2C1_ER_IRQHandler
                0x0800477c                DMA2_Stream6_IRQHandler
                0x0800477c                DMA1_Stream3_IRQHandler
 *fill*         0x0800477e        0x2 
 .text.__errno  0x08004780        0xc e:/truestudio for stm32 9.3.0/armtools/bin/../lib/gcc/arm-atollic-eabi/6.3.1/../../../../arm-atollic-eabi/lib/armv7e-m/fpu\libc_nano.a(lib_a-errno.o)
                0x08004780                __errno
 .text.__libc_init_array
                0x0800478c       0x48 e:/truestudio for stm32 9.3.0/armtools/bin/../lib/gcc/arm-atollic-eabi/6.3.1/../../../../arm-atollic-eabi/lib/armv7e-m/fpu\libc_nano.a(lib_a-init.o)
                0x0800478c                __libc_init_array
 .text.malloc   0x080047d4       0x10 e:/truestudio for stm32 9.3.0/armtools/bin/../lib/gcc/arm-atollic-eabi/6.3.1/../../../../arm-atollic-eabi/lib/armv7e-m/fpu\libc_nano.a(lib_a-malloc.o)
                0x080047d4                malloc
 .text.free     0x080047e4       0x10 e:/truestudio for stm32 9.3.0/armtools/bin/../lib/gcc/arm-atollic-eabi/6.3.1/../../../../arm-atollic-eabi/lib/armv7e-m/fpu\libc_nano.a(lib_a-malloc.o)
                0x080047e4                free
 .text.memset   0x080047f4       0x10 e:/truestudio for stm32 9.3.0/armtools/bin/../lib/gcc/arm-atollic-eabi/6.3.1/../../../../arm-atollic-eabi/lib/armv7e-m/fpu\libc_nano.a(lib_a-memset.o)
                0x080047f4                memset
 .text._free_r  0x08004804       0x9c e:/truestudio for stm32 9.3.0/armtools/bin/../lib/gcc/arm-atollic-eabi/6.3.1/../../../../arm-atollic-eabi/lib/armv7e-m/fpu\libc_nano.a(lib_a-nano-freer.o)
                0x08004804                _free_r
 .text._malloc_r
                0x080048a0       0xbc e:/truestudio for stm32 9.3.0/armtools/bin/../lib/gcc/arm-atollic-eabi/6.3.1/../../../../arm-atollic-eabi/lib/armv7e-m/fpu\libc_nano.a(lib_a-nano-mallocr.o)
                0x080048a0                _malloc_r
 .text._sbrk_r  0x0800495c       0x20 e:/truestudio for stm32 9.3.0/armtools/bin/../lib/gcc/arm-atollic-eabi/6.3.1/../../../../arm-atollic-eabi/lib/armv7e-m/fpu\libc_nano.a(lib_a-sbrkr.o)
                0x0800495c                _sbrk_r
 .text.snprintf
                0x0800497c       0x68 e:/truestudio for stm32 9.3.0/armtools/bin/../lib/gcc/arm-atollic-eabi/6.3.1/../../../../arm-atollic-eabi/lib/armv7e-m/fpu\libc_nano.a(lib_a-snprintf.o)
                0x0800497c                sniprintf
                0x0800497c                snprintf
 .text.strcat   0x080049e4       0x1e e:/truestudio for stm32 9.3.0/armtools/bin/../lib/gcc/arm-atollic-eabi/6.3.1/../../../../arm-atollic-eabi/lib/armv7e-m/fpu\libc_nano.a(lib_a-strcat.o)
                0x080049e4                strcat
 .text.strcpy   0x08004a02       0x10 e:/truestudio for stm32 9.3.0/armtools/bin/../lib/gcc/arm-atollic-eabi/6.3.1/../../../../arm-atollic-eabi/lib/armv7e-m/fpu\libc_nano.a(lib_a-strcpy.o)
                0x08004a02                strcpy
 .text.__malloc_lock
                0x08004a12        0x2 e:/truestudio for stm32 9.3.0/armtools/bin/../lib/gcc/arm-atollic-eabi/6.3.1/../../../../arm-atollic-eabi/lib/armv7e-m/fpu\libc_nano.a(lib_a-mlock.o)
                0x08004a12                __malloc_lock
 .text.__malloc_unlock
                0x08004a14        0x2 e:/truestudio for stm32 9.3.0/armtools/bin/../lib/gcc/arm-atollic-eabi/6.3.1/../../../../arm-atollic-eabi/lib/armv7e-m/fpu\libc_nano.a(lib_a-mlock.o)
                0x08004a14                __malloc_unlock
 .text.__ssputs_r
                0x08004a16       0xb6 e:/truestudio for stm32 9.3.0/armtools/bin/../lib/gcc/arm-atollic-eabi/6.3.1/../../../../arm-atollic-eabi/lib/armv7e-m/fpu\libc_nano.a(lib_a-nano-svfprintf.o)
                0x08004a16                __ssputs_r
 .text._svfprintf_r
                0x08004acc      0x1e8 e:/truestudio for stm32 9.3.0/armtools/bin/../lib/gcc/arm-atollic-eabi/6.3.1/../../../../arm-atollic-eabi/lib/armv7e-m/fpu\libc_nano.a(lib_a-nano-svfprintf.o)
                0x08004acc                _svfiprintf_r
                0x08004acc                _svfprintf_r
 .text._printf_common
                0x08004cb4       0xec e:/truestudio for stm32 9.3.0/armtools/bin/../lib/gcc/arm-atollic-eabi/6.3.1/../../../../arm-atollic-eabi/lib/armv7e-m/fpu\libc_nano.a(lib_a-nano-vfprintf_i.o)
                0x08004cb4                _printf_common
 .text._printf_i
                0x08004da0      0x240 e:/truestudio for stm32 9.3.0/armtools/bin/../lib/gcc/arm-atollic-eabi/6.3.1/../../../../arm-atollic-eabi/lib/armv7e-m/fpu\libc_nano.a(lib_a-nano-vfprintf_i.o)
                0x08004da0                _printf_i
 .text.memcpy   0x08004fe0       0x16 e:/truestudio for stm32 9.3.0/armtools/bin/../lib/gcc/arm-atollic-eabi/6.3.1/../../../../arm-atollic-eabi/lib/armv7e-m/fpu\libc_nano.a(lib_a-memcpy-stub.o)
                0x08004fe0                memcpy
 .text.memmove  0x08004ff6       0x34 e:/truestudio for stm32 9.3.0/armtools/bin/../lib/gcc/arm-atollic-eabi/6.3.1/../../../../arm-atollic-eabi/lib/armv7e-m/fpu\libc_nano.a(lib_a-memmove.o)
                0x08004ff6                memmove
 .text._realloc_r
                0x0800502a       0x4c e:/truestudio for stm32 9.3.0/armtools/bin/../lib/gcc/arm-atollic-eabi/6.3.1/../../../../arm-atollic-eabi/lib/armv7e-m/fpu\libc_nano.a(lib_a-nano-reallocr.o)
                0x0800502a                _realloc_r
 .text._malloc_usable_size_r
                0x08005076       0x12 e:/truestudio for stm32 9.3.0/armtools/bin/../lib/gcc/arm-atollic-eabi/6.3.1/../../../../arm-atollic-eabi/lib/armv7e-m/fpu\libc_nano.a(lib_a-nano-msizer.o)
                0x08005076                _malloc_usable_size_r
 *(.glue_7)
 .glue_7        0x08005088        0x0 linker stubs
 *(.glue_7t)
 .glue_7t       0x08005088        0x0 linker stubs
 *(.eh_frame)
 .eh_frame      0x08005088        0x0 e:/truestudio for stm32 9.3.0/armtools/bin/../lib/gcc/arm-atollic-eabi/6.3.1/armv7e-m/fpu/crtbegin.o
 *(.init)
 .init          0x08005088        0x4 e:/truestudio for stm32 9.3.0/armtools/bin/../lib/gcc/arm-atollic-eabi/6.3.1/armv7e-m/fpu/crti.o
                0x08005088                _init
 .init          0x0800508c        0x8 e:/truestudio for stm32 9.3.0/armtools/bin/../lib/gcc/arm-atollic-eabi/6.3.1/armv7e-m/fpu/crtn.o
 *(.fini)
 .fini          0x08005094        0x4 e:/truestudio for stm32 9.3.0/armtools/bin/../lib/gcc/arm-atollic-eabi/6.3.1/armv7e-m/fpu/crti.o
                0x08005094                _fini
 .fini          0x08005098        0x8 e:/truestudio for stm32 9.3.0/armtools/bin/../lib/gcc/arm-atollic-eabi/6.3.1/armv7e-m/fpu/crtn.o
                0x080050a0                . = ALIGN (0x4)
                0x080050a0                _etext = .

.vfp11_veneer   0x080050a0        0x0
 .vfp11_veneer  0x080050a0        0x0 linker stubs

.v4_bx          0x080050a0        0x0
 .v4_bx         0x080050a0        0x0 linker stubs

.iplt           0x080050a0        0x0
 .iplt          0x080050a0        0x0 e:/truestudio for stm32 9.3.0/armtools/bin/../lib/gcc/arm-atollic-eabi/6.3.1/armv7e-m/fpu/crtbegin.o

.rodata         0x080050a0      0x1c4
                0x080050a0                . = ALIGN (0x4)
 *(.rodata)
 *(.rodata*)
 .rodata.flagBitshiftOffset.8623
                0x080050a0        0x8 Drivers\STM32F4xx_HAL_Driver\Src\stm32f4xx_hal_dma.o
 .rodata.macro2str.str1.1
                0x080050a8       0x4a Src\keyboardBinds.o
 .rodata.main.str1.1
                0x080050f2       0x7f Src\main.o
 .rodata.AHBPrescTable
                0x08005171       0x10 Src\system_stm32f4xx.o
                0x08005171                AHBPrescTable
 .rodata.APBPrescTable
                0x08005181        0x8 Src\system_stm32f4xx.o
                0x08005181                APBPrescTable
 .rodata.CSWTCH.23
                0x08005189        0x4 Src\usbd_conf.o
 .rodata.USBD_FS_ConfigStrDescriptor.str1.1
                0x0800518d        0xb Src\usbd_desc.o
 .rodata.USBD_FS_InterfaceStrDescriptor.str1.1
                0x08005198        0xe Src\usbd_desc.o
 .rodata.USBD_FS_ManufacturerStrDescriptor.str1.1
                0x080051a6       0x13 Src\usbd_desc.o
 .rodata.USBD_FS_ProductStrDescriptor.str1.1
                0x080051b9       0x14 Src\usbd_desc.o
 *fill*         0x080051cd        0x3 
 .rodata.__sf_fake_stderr
                0x080051d0       0x20 e:/truestudio for stm32 9.3.0/armtools/bin/../lib/gcc/arm-atollic-eabi/6.3.1/../../../../arm-atollic-eabi/lib/armv7e-m/fpu\libc_nano.a(lib_a-findfp.o)
                0x080051d0                __sf_fake_stderr
 .rodata.__sf_fake_stdin
                0x080051f0       0x20 e:/truestudio for stm32 9.3.0/armtools/bin/../lib/gcc/arm-atollic-eabi/6.3.1/../../../../arm-atollic-eabi/lib/armv7e-m/fpu\libc_nano.a(lib_a-findfp.o)
                0x080051f0                __sf_fake_stdin
 .rodata.__sf_fake_stdout
                0x08005210       0x20 e:/truestudio for stm32 9.3.0/armtools/bin/../lib/gcc/arm-atollic-eabi/6.3.1/../../../../arm-atollic-eabi/lib/armv7e-m/fpu\libc_nano.a(lib_a-findfp.o)
                0x08005210                __sf_fake_stdout
 .rodata._svfprintf_r.str1.1
                0x08005230       0x11 e:/truestudio for stm32 9.3.0/armtools/bin/../lib/gcc/arm-atollic-eabi/6.3.1/../../../../arm-atollic-eabi/lib/armv7e-m/fpu\libc_nano.a(lib_a-nano-svfprintf.o)
 .rodata._printf_i.str1.1
                0x08005241       0x22 e:/truestudio for stm32 9.3.0/armtools/bin/../lib/gcc/arm-atollic-eabi/6.3.1/../../../../arm-atollic-eabi/lib/armv7e-m/fpu\libc_nano.a(lib_a-nano-vfprintf_i.o)
                0x08005264                . = ALIGN (0x4)
 *fill*         0x08005263        0x1 

.ARM.extab
 *(.ARM.extab* .gnu.linkonce.armextab.*)

.ARM            0x08005264        0x8
                0x08005264                __exidx_start = .
 *(.ARM.exidx*)
 .ARM.exidx     0x08005264        0x8 e:/truestudio for stm32 9.3.0/armtools/bin/../lib/gcc/arm-atollic-eabi/6.3.1/armv7e-m/fpu\libgcc.a(_udivmoddi4.o)
                0x0800526c                __exidx_end = .

.rel.dyn        0x0800526c        0x0
 .rel.iplt      0x0800526c        0x0 e:/truestudio for stm32 9.3.0/armtools/bin/../lib/gcc/arm-atollic-eabi/6.3.1/armv7e-m/fpu/crtbegin.o

.preinit_array  0x0800526c        0x0
                0x0800526c                PROVIDE (__preinit_array_start, .)
 *(.preinit_array*)
                0x0800526c                PROVIDE (__preinit_array_end, .)

.init_array     0x0800526c        0x4
                0x0800526c                PROVIDE (__init_array_start, .)
 *(SORT(.init_array.*))
 *(.init_array*)
 .init_array    0x0800526c        0x4 e:/truestudio for stm32 9.3.0/armtools/bin/../lib/gcc/arm-atollic-eabi/6.3.1/armv7e-m/fpu/crtbegin.o
                0x08005270                PROVIDE (__init_array_end, .)

.fini_array     0x08005270        0x4
                [!provide]                PROVIDE (__fini_array_start, .)
 *(SORT(.fini_array.*))
 *(.fini_array*)
 .fini_array    0x08005270        0x4 e:/truestudio for stm32 9.3.0/armtools/bin/../lib/gcc/arm-atollic-eabi/6.3.1/armv7e-m/fpu/crtbegin.o
                [!provide]                PROVIDE (__fini_array_end, .)
                0x08005274                _sidata = LOADADDR (.data)

.data           0x20000000      0x1cc load address 0x08005274
                0x20000000                . = ALIGN (0x4)
                0x20000000                _sdata = .
 *(.data)
 *(.data*)
 .data.uwTickFreq
                0x20000000        0x1 Drivers\STM32F4xx_HAL_Driver\Src\stm32f4xx_hal.o
                0x20000000                uwTickFreq
 *fill*         0x20000001        0x3 
 .data.uwTickPrio
                0x20000004        0x4 Drivers\STM32F4xx_HAL_Driver\Src\stm32f4xx_hal.o
                0x20000004                uwTickPrio
 .data.HID_CUSTOM_ReportDesc
                0x20000008       0x4e Middlewares\ST\STM32_USB_Device_Library\Class\HID\Src\usbd_hid.o
 *fill*         0x20000056        0x2 
 .data.USBD_HID
                0x20000058       0x38 Middlewares\ST\STM32_USB_Device_Library\Class\HID\Src\usbd_hid.o
                0x20000058                USBD_HID
 .data.USBD_HID_CfgFSDesc
                0x20000090       0x22 Middlewares\ST\STM32_USB_Device_Library\Class\HID\Src\usbd_hid.o
 *fill*         0x200000b2        0x2 
 .data.USBD_HID_CfgHSDesc
                0x200000b4       0x22 Middlewares\ST\STM32_USB_Device_Library\Class\HID\Src\usbd_hid.o
 *fill*         0x200000d6        0x2 
 .data.USBD_HID_Desc
                0x200000d8        0x9 Middlewares\ST\STM32_USB_Device_Library\Class\HID\Src\usbd_hid.o
 *fill*         0x200000e1        0x3 
 .data.USBD_HID_DeviceQualifierDesc
                0x200000e4        0xa Middlewares\ST\STM32_USB_Device_Library\Class\HID\Src\usbd_hid.o
 *fill*         0x200000ee        0x2 
 .data.USBD_HID_OtherSpeedCfgDesc
                0x200000f0       0x22 Middlewares\ST\STM32_USB_Device_Library\Class\HID\Src\usbd_hid.o
 .data.stateChangeDelay
                0x20000112        0x2 Src\main.o
                0x20000112                stateChangeDelay
 .data.SystemCoreClock
                0x20000114        0x4 Src\system_stm32f4xx.o
                0x20000114                SystemCoreClock
 .data.FS_Desc  0x20000118       0x1c Src\usbd_desc.o
                0x20000118                FS_Desc
 .data.USBD_FS_DeviceDesc
                0x20000134       0x12 Src\usbd_desc.o
                0x20000134                USBD_FS_DeviceDesc
 *fill*         0x20000146        0x2 
 .data.USBD_LangIDDesc
                0x20000148        0x4 Src\usbd_desc.o
                0x20000148                USBD_LangIDDesc
 .data.USBD_StringSerial
                0x2000014c       0x1a Src\usbd_desc.o
                0x2000014c                USBD_StringSerial
 *fill*         0x20000166        0x2 
 .data._impure_ptr
                0x20000168        0x4 e:/truestudio for stm32 9.3.0/armtools/bin/../lib/gcc/arm-atollic-eabi/6.3.1/../../../../arm-atollic-eabi/lib/armv7e-m/fpu\libc_nano.a(lib_a-impure.o)
                0x20000168                _impure_ptr
 .data.impure_data
                0x2000016c       0x60 e:/truestudio for stm32 9.3.0/armtools/bin/../lib/gcc/arm-atollic-eabi/6.3.1/../../../../arm-atollic-eabi/lib/armv7e-m/fpu\libc_nano.a(lib_a-impure.o)
                0x200001cc                . = ALIGN (0x4)
                0x200001cc                _edata = .

.igot.plt       0x200001cc        0x0 load address 0x08005440
 .igot.plt      0x200001cc        0x0 e:/truestudio for stm32 9.3.0/armtools/bin/../lib/gcc/arm-atollic-eabi/6.3.1/armv7e-m/fpu/crtbegin.o
                0x200001cc                . = ALIGN (0x4)

.bss            0x200001cc      0xb2c load address 0x08005440
                0x200001cc                _sbss = .
                0x200001cc                __bss_start__ = _sbss
 *(.bss)
 .bss           0x200001cc       0x1c e:/truestudio for stm32 9.3.0/armtools/bin/../lib/gcc/arm-atollic-eabi/6.3.1/armv7e-m/fpu/crtbegin.o
 *(.bss*)
 .bss.cfgidx.10424
                0x200001e8        0x1 Middlewares\ST\STM32_USB_Device_Library\Core\Src\usbd_ctlreq.o
 *fill*         0x200001e9        0x3 
 .bss.heap_end.7010
                0x200001ec        0x4 Src\syscalls.o
 .bss.__malloc_free_list
                0x200001f0        0x4 e:/truestudio for stm32 9.3.0/armtools/bin/../lib/gcc/arm-atollic-eabi/6.3.1/../../../../arm-atollic-eabi/lib/armv7e-m/fpu\libc_nano.a(lib_a-nano-mallocr.o)
                0x200001f0                __malloc_free_list
 .bss.__malloc_sbrk_start
                0x200001f4        0x4 e:/truestudio for stm32 9.3.0/armtools/bin/../lib/gcc/arm-atollic-eabi/6.3.1/../../../../arm-atollic-eabi/lib/armv7e-m/fpu\libc_nano.a(lib_a-nano-mallocr.o)
                0x200001f4                __malloc_sbrk_start
 *(COMMON)
 COMMON         0x200001f8        0x4 Drivers\STM32F4xx_HAL_Driver\Src\stm32f4xx_hal.o
                0x200001f8                uwTick
 COMMON         0x200001fc      0x254 Src\main.o
                0x200001fc                hdma_i2c1_tx
                0x2000025c                hi2c1
                0x200002b0                hdma_usart1_tx
                0x20000310                hdma_usart1_rx
                0x20000370                huart1
                0x200003b0                hrtc
                0x200003d0                htim1
                0x20000410                htim2
 COMMON         0x20000450      0x29c Src\usb_device.o
                0x20000450                hUsbDeviceFS
 COMMON         0x200006ec      0x408 Src\usbd_conf.o
                0x200006ec                hpcd_USB_OTG_FS
 COMMON         0x20000af4      0x200 Src\usbd_desc.o
                0x20000af4                USBD_StrDesc
 COMMON         0x20000cf4        0x4 e:/truestudio for stm32 9.3.0/armtools/bin/../lib/gcc/arm-atollic-eabi/6.3.1/../../../../arm-atollic-eabi/lib/armv7e-m/fpu\libc_nano.a(lib_a-reent.o)
                0x20000cf4                errno
                0x20000cf8                . = ALIGN (0x4)
                0x20000cf8                _ebss = .
                0x20000cf8                __bss_end__ = _ebss

._user_heap_stack
                0x20000cf8      0x600 load address 0x08005440
                0x20000cf8                . = ALIGN (0x4)
                0x20000cf8                PROVIDE (end, .)
                [!provide]                PROVIDE (_end, .)
                0x20000ef8                . = (. + _Min_Heap_Size)
 *fill*         0x20000cf8      0x200 
                0x200012f8                . = (. + _Min_Stack_Size)
 *fill*         0x20000ef8      0x400 
                0x200012f8                . = ALIGN (0x4)

/DISCARD/
 libc.a(*)
 libm.a(*)
 libgcc.a(*)

.ARM.attributes
                0x00000000       0x30
 *(.ARM.attributes)
 .ARM.attributes
                0x00000000       0x22 e:/truestudio for stm32 9.3.0/armtools/bin/../lib/gcc/arm-atollic-eabi/6.3.1/armv7e-m/fpu/crti.o
 .ARM.attributes
                0x00000022       0x34 e:/truestudio for stm32 9.3.0/armtools/bin/../lib/gcc/arm-atollic-eabi/6.3.1/armv7e-m/fpu/crtbegin.o
 .ARM.attributes
                0x00000056       0x39 Drivers\STM32F4xx_HAL_Driver\Src\stm32f4xx_hal.o
 .ARM.attributes
                0x0000008f       0x39 Drivers\STM32F4xx_HAL_Driver\Src\stm32f4xx_hal_cortex.o
 .ARM.attributes
                0x000000c8       0x39 Drivers\STM32F4xx_HAL_Driver\Src\stm32f4xx_hal_dma.o
 .ARM.attributes
                0x00000101       0x39 Drivers\STM32F4xx_HAL_Driver\Src\stm32f4xx_hal_gpio.o
 .ARM.attributes
                0x0000013a       0x39 Drivers\STM32F4xx_HAL_Driver\Src\stm32f4xx_hal_i2c.o
 .ARM.attributes
                0x00000173       0x39 Drivers\STM32F4xx_HAL_Driver\Src\stm32f4xx_hal_pcd.o
 .ARM.attributes
                0x000001ac       0x39 Drivers\STM32F4xx_HAL_Driver\Src\stm32f4xx_hal_pcd_ex.o
 .ARM.attributes
                0x000001e5       0x39 Drivers\STM32F4xx_HAL_Driver\Src\stm32f4xx_hal_rcc.o
 .ARM.attributes
                0x0000021e       0x39 Drivers\STM32F4xx_HAL_Driver\Src\stm32f4xx_hal_rcc_ex.o
 .ARM.attributes
                0x00000257       0x39 Drivers\STM32F4xx_HAL_Driver\Src\stm32f4xx_hal_rtc.o
 .ARM.attributes
                0x00000290       0x39 Drivers\STM32F4xx_HAL_Driver\Src\stm32f4xx_hal_tim.o
 .ARM.attributes
                0x000002c9       0x39 Drivers\STM32F4xx_HAL_Driver\Src\stm32f4xx_hal_tim_ex.o
 .ARM.attributes
                0x00000302       0x39 Drivers\STM32F4xx_HAL_Driver\Src\stm32f4xx_hal_uart.o
 .ARM.attributes
                0x0000033b       0x39 Drivers\STM32F4xx_HAL_Driver\Src\stm32f4xx_ll_usb.o
 .ARM.attributes
                0x00000374       0x39 Middlewares\ST\STM32_USB_Device_Library\Class\HID\Src\usbd_hid.o
 .ARM.attributes
                0x000003ad       0x39 Middlewares\ST\STM32_USB_Device_Library\Core\Src\usbd_core.o
 .ARM.attributes
                0x000003e6       0x39 Middlewares\ST\STM32_USB_Device_Library\Core\Src\usbd_ctlreq.o
 .ARM.attributes
                0x0000041f       0x39 Middlewares\ST\STM32_USB_Device_Library\Core\Src\usbd_ioreq.o
 .ARM.attributes
                0x00000458       0x39 Src\keyboardBinds.o
 .ARM.attributes
                0x00000491       0x39 Src\main.o
 .ARM.attributes
                0x000004ca       0x39 Src\stm32f4xx_hal_msp.o
 .ARM.attributes
                0x00000503       0x39 Src\stm32f4xx_it.o
 .ARM.attributes
                0x0000053c       0x39 Src\syscalls.o
 .ARM.attributes
                0x00000575       0x39 Src\system_stm32f4xx.o
 .ARM.attributes
                0x000005ae       0x39 Src\usb_device.o
 .ARM.attributes
                0x000005e7       0x39 Src\usbd_conf.o
 .ARM.attributes
                0x00000620       0x39 Src\usbd_desc.o
 .ARM.attributes
                0x00000659       0x21 startup\startup_stm32f401xc.o
 .ARM.attributes
                0x0000067a       0x34 e:/truestudio for stm32 9.3.0/armtools/bin/../lib/gcc/arm-atollic-eabi/6.3.1/../../../../arm-atollic-eabi/lib/armv7e-m/fpu\libc_nano.a(lib_a-errno.o)
 .ARM.attributes
                0x000006ae       0x34 e:/truestudio for stm32 9.3.0/armtools/bin/../lib/gcc/arm-atollic-eabi/6.3.1/../../../../arm-atollic-eabi/lib/armv7e-m/fpu\libc_nano.a(lib_a-impure.o)
 .ARM.attributes
                0x000006e2       0x34 e:/truestudio for stm32 9.3.0/armtools/bin/../lib/gcc/arm-atollic-eabi/6.3.1/../../../../arm-atollic-eabi/lib/armv7e-m/fpu\libc_nano.a(lib_a-init.o)
 .ARM.attributes
                0x00000716       0x34 e:/truestudio for stm32 9.3.0/armtools/bin/../lib/gcc/arm-atollic-eabi/6.3.1/../../../../arm-atollic-eabi/lib/armv7e-m/fpu\libc_nano.a(lib_a-malloc.o)
 .ARM.attributes
                0x0000074a       0x34 e:/truestudio for stm32 9.3.0/armtools/bin/../lib/gcc/arm-atollic-eabi/6.3.1/../../../../arm-atollic-eabi/lib/armv7e-m/fpu\libc_nano.a(lib_a-memset.o)
 .ARM.attributes
                0x0000077e       0x34 e:/truestudio for stm32 9.3.0/armtools/bin/../lib/gcc/arm-atollic-eabi/6.3.1/../../../../arm-atollic-eabi/lib/armv7e-m/fpu\libc_nano.a(lib_a-nano-freer.o)
 .ARM.attributes
                0x000007b2       0x34 e:/truestudio for stm32 9.3.0/armtools/bin/../lib/gcc/arm-atollic-eabi/6.3.1/../../../../arm-atollic-eabi/lib/armv7e-m/fpu\libc_nano.a(lib_a-nano-mallocr.o)
 .ARM.attributes
                0x000007e6       0x34 e:/truestudio for stm32 9.3.0/armtools/bin/../lib/gcc/arm-atollic-eabi/6.3.1/../../../../arm-atollic-eabi/lib/armv7e-m/fpu\libc_nano.a(lib_a-sbrkr.o)
 .ARM.attributes
                0x0000081a       0x34 e:/truestudio for stm32 9.3.0/armtools/bin/../lib/gcc/arm-atollic-eabi/6.3.1/../../../../arm-atollic-eabi/lib/armv7e-m/fpu\libc_nano.a(lib_a-snprintf.o)
 .ARM.attributes
                0x0000084e       0x34 e:/truestudio for stm32 9.3.0/armtools/bin/../lib/gcc/arm-atollic-eabi/6.3.1/../../../../arm-atollic-eabi/lib/armv7e-m/fpu\libc_nano.a(lib_a-strcat.o)
 .ARM.attributes
                0x00000882       0x34 e:/truestudio for stm32 9.3.0/armtools/bin/../lib/gcc/arm-atollic-eabi/6.3.1/../../../../arm-atollic-eabi/lib/armv7e-m/fpu\libc_nano.a(lib_a-strcpy.o)
 .ARM.attributes
                0x000008b6       0x1b e:/truestudio for stm32 9.3.0/armtools/bin/../lib/gcc/arm-atollic-eabi/6.3.1/../../../../arm-atollic-eabi/lib/armv7e-m/fpu\libc_nano.a(lib_a-strlen.o)
 .ARM.attributes
                0x000008d1       0x34 e:/truestudio for stm32 9.3.0/armtools/bin/../lib/gcc/arm-atollic-eabi/6.3.1/../../../../arm-atollic-eabi/lib/armv7e-m/fpu\libc_nano.a(lib_a-findfp.o)
 .ARM.attributes
                0x00000905       0x34 e:/truestudio for stm32 9.3.0/armtools/bin/../lib/gcc/arm-atollic-eabi/6.3.1/../../../../arm-atollic-eabi/lib/armv7e-m/fpu\libc_nano.a(lib_a-mlock.o)
 .ARM.attributes
                0x00000939       0x34 e:/truestudio for stm32 9.3.0/armtools/bin/../lib/gcc/arm-atollic-eabi/6.3.1/../../../../arm-atollic-eabi/lib/armv7e-m/fpu\libc_nano.a(lib_a-nano-svfprintf.o)
 .ARM.attributes
                0x0000096d       0x34 e:/truestudio for stm32 9.3.0/armtools/bin/../lib/gcc/arm-atollic-eabi/6.3.1/../../../../arm-atollic-eabi/lib/armv7e-m/fpu\libc_nano.a(lib_a-nano-vfprintf_i.o)
 .ARM.attributes
                0x000009a1       0x34 e:/truestudio for stm32 9.3.0/armtools/bin/../lib/gcc/arm-atollic-eabi/6.3.1/../../../../arm-atollic-eabi/lib/armv7e-m/fpu\libc_nano.a(lib_a-reent.o)
 .ARM.attributes
                0x000009d5       0x20 e:/truestudio for stm32 9.3.0/armtools/bin/../lib/gcc/arm-atollic-eabi/6.3.1/../../../../arm-atollic-eabi/lib/armv7e-m/fpu\libc_nano.a(lib_a-memchr.o)
 .ARM.attributes
                0x000009f5       0x34 e:/truestudio for stm32 9.3.0/armtools/bin/../lib/gcc/arm-atollic-eabi/6.3.1/../../../../arm-atollic-eabi/lib/armv7e-m/fpu\libc_nano.a(lib_a-memcpy-stub.o)
 .ARM.attributes
                0x00000a29       0x34 e:/truestudio for stm32 9.3.0/armtools/bin/../lib/gcc/arm-atollic-eabi/6.3.1/../../../../arm-atollic-eabi/lib/armv7e-m/fpu\libc_nano.a(lib_a-memmove.o)
 .ARM.attributes
                0x00000a5d       0x34 e:/truestudio for stm32 9.3.0/armtools/bin/../lib/gcc/arm-atollic-eabi/6.3.1/../../../../arm-atollic-eabi/lib/armv7e-m/fpu\libc_nano.a(lib_a-nano-reallocr.o)
 .ARM.attributes
                0x00000a91       0x34 e:/truestudio for stm32 9.3.0/armtools/bin/../lib/gcc/arm-atollic-eabi/6.3.1/../../../../arm-atollic-eabi/lib/armv7e-m/fpu\libc_nano.a(lib_a-nano-msizer.o)
 .ARM.attributes
                0x00000ac5       0x22 e:/truestudio for stm32 9.3.0/armtools/bin/../lib/gcc/arm-atollic-eabi/6.3.1/armv7e-m/fpu\libgcc.a(_aeabi_uldivmod.o)
 .ARM.attributes
                0x00000ae7       0x34 e:/truestudio for stm32 9.3.0/armtools/bin/../lib/gcc/arm-atollic-eabi/6.3.1/armv7e-m/fpu\libgcc.a(_udivmoddi4.o)
 .ARM.attributes
                0x00000b1b       0x22 e:/truestudio for stm32 9.3.0/armtools/bin/../lib/gcc/arm-atollic-eabi/6.3.1/armv7e-m/fpu\libgcc.a(_dvmd_tls.o)
 .ARM.attributes
                0x00000b3d       0x22 e:/truestudio for stm32 9.3.0/armtools/bin/../lib/gcc/arm-atollic-eabi/6.3.1/armv7e-m/fpu/crtn.o
OUTPUT(DexsF401Macropad.elf elf32-littlearm)

.debug_info     0x00000000    0x220d8
 .debug_info    0x00000000      0x9a2 Drivers\STM32F4xx_HAL_Driver\Src\stm32f4xx_hal.o
 .debug_info    0x000009a2      0xef4 Drivers\STM32F4xx_HAL_Driver\Src\stm32f4xx_hal_cortex.o
 .debug_info    0x00001896      0xa95 Drivers\STM32F4xx_HAL_Driver\Src\stm32f4xx_hal_dma.o
 .debug_info    0x0000232b      0x7ed Drivers\STM32F4xx_HAL_Driver\Src\stm32f4xx_hal_gpio.o
 .debug_info    0x00002b18     0x3417 Drivers\STM32F4xx_HAL_Driver\Src\stm32f4xx_hal_i2c.o
 .debug_info    0x00005f2f     0x1797 Drivers\STM32F4xx_HAL_Driver\Src\stm32f4xx_hal_pcd.o
 .debug_info    0x000076c6      0x755 Drivers\STM32F4xx_HAL_Driver\Src\stm32f4xx_hal_pcd_ex.o
 .debug_info    0x00007e1b      0xad7 Drivers\STM32F4xx_HAL_Driver\Src\stm32f4xx_hal_rcc.o
 .debug_info    0x000088f2      0x6eb Drivers\STM32F4xx_HAL_Driver\Src\stm32f4xx_hal_rcc_ex.o
 .debug_info    0x00008fdd      0xed4 Drivers\STM32F4xx_HAL_Driver\Src\stm32f4xx_hal_rtc.o
 .debug_info    0x00009eb1     0x3519 Drivers\STM32F4xx_HAL_Driver\Src\stm32f4xx_hal_tim.o
 .debug_info    0x0000d3ca     0x1347 Drivers\STM32F4xx_HAL_Driver\Src\stm32f4xx_hal_tim_ex.o
 .debug_info    0x0000e711     0x16a8 Drivers\STM32F4xx_HAL_Driver\Src\stm32f4xx_hal_uart.o
 .debug_info    0x0000fdb9     0x1ba6 Drivers\STM32F4xx_HAL_Driver\Src\stm32f4xx_ll_usb.o
 .debug_info    0x0001195f     0x1225 Middlewares\ST\STM32_USB_Device_Library\Class\HID\Src\usbd_hid.o
 .debug_info    0x00012b84     0x150a Middlewares\ST\STM32_USB_Device_Library\Core\Src\usbd_core.o
 .debug_info    0x0001408e     0x1525 Middlewares\ST\STM32_USB_Device_Library\Core\Src\usbd_ctlreq.o
 .debug_info    0x000155b3     0x102d Middlewares\ST\STM32_USB_Device_Library\Core\Src\usbd_ioreq.o
 .debug_info    0x000165e0     0x1345 Src\keyboardBinds.o
 .debug_info    0x00017925     0x33b0 Src\main.o
 .debug_info    0x0001acd5     0x1482 Src\stm32f4xx_hal_msp.o
 .debug_info    0x0001c157      0x936 Src\stm32f4xx_it.o
 .debug_info    0x0001ca8d      0xfe1 Src\syscalls.o
 .debug_info    0x0001da6e      0x585 Src\system_stm32f4xx.o
 .debug_info    0x0001dff3      0xe5e Src\usb_device.o
 .debug_info    0x0001ee51     0x2381 Src\usbd_conf.o
 .debug_info    0x000211d2      0xe9a Src\usbd_desc.o
 .debug_info    0x0002206c       0x6c startup\startup_stm32f401xc.o

.debug_abbrev   0x00000000     0x4930
 .debug_abbrev  0x00000000      0x264 Drivers\STM32F4xx_HAL_Driver\Src\stm32f4xx_hal.o
 .debug_abbrev  0x00000264      0x314 Drivers\STM32F4xx_HAL_Driver\Src\stm32f4xx_hal_cortex.o
 .debug_abbrev  0x00000578      0x2b0 Drivers\STM32F4xx_HAL_Driver\Src\stm32f4xx_hal_dma.o
 .debug_abbrev  0x00000828      0x1ef Drivers\STM32F4xx_HAL_Driver\Src\stm32f4xx_hal_gpio.o
 .debug_abbrev  0x00000a17      0x399 Drivers\STM32F4xx_HAL_Driver\Src\stm32f4xx_hal_i2c.o
 .debug_abbrev  0x00000db0      0x350 Drivers\STM32F4xx_HAL_Driver\Src\stm32f4xx_hal_pcd.o
 .debug_abbrev  0x00001100      0x1de Drivers\STM32F4xx_HAL_Driver\Src\stm32f4xx_hal_pcd_ex.o
 .debug_abbrev  0x000012de      0x2cb Drivers\STM32F4xx_HAL_Driver\Src\stm32f4xx_hal_rcc.o
 .debug_abbrev  0x000015a9      0x172 Drivers\STM32F4xx_HAL_Driver\Src\stm32f4xx_hal_rcc_ex.o
 .debug_abbrev  0x0000171b      0x24f Drivers\STM32F4xx_HAL_Driver\Src\stm32f4xx_hal_rtc.o
 .debug_abbrev  0x0000196a      0x333 Drivers\STM32F4xx_HAL_Driver\Src\stm32f4xx_hal_tim.o
 .debug_abbrev  0x00001c9d      0x2ab Drivers\STM32F4xx_HAL_Driver\Src\stm32f4xx_hal_tim_ex.o
 .debug_abbrev  0x00001f48      0x322 Drivers\STM32F4xx_HAL_Driver\Src\stm32f4xx_hal_uart.o
 .debug_abbrev  0x0000226a      0x33b Drivers\STM32F4xx_HAL_Driver\Src\stm32f4xx_ll_usb.o
 .debug_abbrev  0x000025a5      0x282 Middlewares\ST\STM32_USB_Device_Library\Class\HID\Src\usbd_hid.o
 .debug_abbrev  0x00002827      0x322 Middlewares\ST\STM32_USB_Device_Library\Core\Src\usbd_core.o
 .debug_abbrev  0x00002b49      0x3b9 Middlewares\ST\STM32_USB_Device_Library\Core\Src\usbd_ctlreq.o
 .debug_abbrev  0x00002f02      0x1f7 Middlewares\ST\STM32_USB_Device_Library\Core\Src\usbd_ioreq.o
 .debug_abbrev  0x000030f9      0x2d6 Src\keyboardBinds.o
 .debug_abbrev  0x000033cf      0x53b Src\main.o
 .debug_abbrev  0x0000390a      0x22f Src\stm32f4xx_hal_msp.o
 .debug_abbrev  0x00003b39      0x1e0 Src\stm32f4xx_it.o
 .debug_abbrev  0x00003d19      0x2d9 Src\syscalls.o
 .debug_abbrev  0x00003ff2      0x126 Src\system_stm32f4xx.o
 .debug_abbrev  0x00004118      0x1f5 Src\usb_device.o
 .debug_abbrev  0x0000430d      0x348 Src\usbd_conf.o
 .debug_abbrev  0x00004655      0x2c9 Src\usbd_desc.o
 .debug_abbrev  0x0000491e       0x12 startup\startup_stm32f401xc.o

.debug_loc      0x00000000     0xf8a5
 .debug_loc     0x00000000      0x12e Drivers\STM32F4xx_HAL_Driver\Src\stm32f4xx_hal.o
 .debug_loc     0x0000012e      0x4fb Drivers\STM32F4xx_HAL_Driver\Src\stm32f4xx_hal_cortex.o
 .debug_loc     0x00000629      0x727 Drivers\STM32F4xx_HAL_Driver\Src\stm32f4xx_hal_dma.o
 .debug_loc     0x00000d50      0x337 Drivers\STM32F4xx_HAL_Driver\Src\stm32f4xx_hal_gpio.o
 .debug_loc     0x00001087     0x3009 Drivers\STM32F4xx_HAL_Driver\Src\stm32f4xx_hal_i2c.o
 .debug_loc     0x00004090      0xc30 Drivers\STM32F4xx_HAL_Driver\Src\stm32f4xx_hal_pcd.o
 .debug_loc     0x00004cc0      0x100 Drivers\STM32F4xx_HAL_Driver\Src\stm32f4xx_hal_pcd_ex.o
 .debug_loc     0x00004dc0      0x346 Drivers\STM32F4xx_HAL_Driver\Src\stm32f4xx_hal_rcc.o
 .debug_loc     0x00005106      0x2ce Drivers\STM32F4xx_HAL_Driver\Src\stm32f4xx_hal_rcc_ex.o
 .debug_loc     0x000053d4      0x821 Drivers\STM32F4xx_HAL_Driver\Src\stm32f4xx_hal_rtc.o
 .debug_loc     0x00005bf5     0x2f57 Drivers\STM32F4xx_HAL_Driver\Src\stm32f4xx_hal_tim.o
 .debug_loc     0x00008b4c      0xa7c Drivers\STM32F4xx_HAL_Driver\Src\stm32f4xx_hal_tim_ex.o
 .debug_loc     0x000095c8     0x1350 Drivers\STM32F4xx_HAL_Driver\Src\stm32f4xx_hal_uart.o
 .debug_loc     0x0000a918     0x1b55 Drivers\STM32F4xx_HAL_Driver\Src\stm32f4xx_ll_usb.o
 .debug_loc     0x0000c46d      0x469 Middlewares\ST\STM32_USB_Device_Library\Class\HID\Src\usbd_hid.o
 .debug_loc     0x0000c8d6      0x705 Middlewares\ST\STM32_USB_Device_Library\Core\Src\usbd_core.o
 .debug_loc     0x0000cfdb      0x8e0 Middlewares\ST\STM32_USB_Device_Library\Core\Src\usbd_ctlreq.o
 .debug_loc     0x0000d8bb      0x23c Middlewares\ST\STM32_USB_Device_Library\Core\Src\usbd_ioreq.o
 .debug_loc     0x0000daf7      0x8dd Src\keyboardBinds.o
 .debug_loc     0x0000e3d4      0x31d Src\main.o
 .debug_loc     0x0000e6f1       0xc6 Src\stm32f4xx_hal_msp.o
 .debug_loc     0x0000e7b7      0x3ef Src\syscalls.o
 .debug_loc     0x0000eba6      0x11c Src\system_stm32f4xx.o
 .debug_loc     0x0000ecc2      0x8ea Src\usbd_conf.o
 .debug_loc     0x0000f5ac      0x2f9 Src\usbd_desc.o

.debug_aranges  0x00000000     0x12b8
 .debug_aranges
                0x00000000       0xe8 Drivers\STM32F4xx_HAL_Driver\Src\stm32f4xx_hal.o
 .debug_aranges
                0x000000e8       0xa8 Drivers\STM32F4xx_HAL_Driver\Src\stm32f4xx_hal_cortex.o
 .debug_aranges
                0x00000190       0x80 Drivers\STM32F4xx_HAL_Driver\Src\stm32f4xx_hal_dma.o
 .debug_aranges
                0x00000210       0x58 Drivers\STM32F4xx_HAL_Driver\Src\stm32f4xx_hal_gpio.o
 .debug_aranges
                0x00000268      0x1b8 Drivers\STM32F4xx_HAL_Driver\Src\stm32f4xx_hal_i2c.o
 .debug_aranges
                0x00000420       0xc0 Drivers\STM32F4xx_HAL_Driver\Src\stm32f4xx_hal_pcd.o
 .debug_aranges
                0x000004e0       0x30 Drivers\STM32F4xx_HAL_Driver\Src\stm32f4xx_hal_pcd_ex.o
 .debug_aranges
                0x00000510       0x88 Drivers\STM32F4xx_HAL_Driver\Src\stm32f4xx_hal_rcc.o
 .debug_aranges
                0x00000598       0x48 Drivers\STM32F4xx_HAL_Driver\Src\stm32f4xx_hal_rcc_ex.o
 .debug_aranges
                0x000005e0       0xa8 Drivers\STM32F4xx_HAL_Driver\Src\stm32f4xx_hal_rtc.o
 .debug_aranges
                0x00000688      0x278 Drivers\STM32F4xx_HAL_Driver\Src\stm32f4xx_hal_tim.o
 .debug_aranges
                0x00000900       0xf8 Drivers\STM32F4xx_HAL_Driver\Src\stm32f4xx_hal_tim_ex.o
 .debug_aranges
                0x000009f8      0x170 Drivers\STM32F4xx_HAL_Driver\Src\stm32f4xx_hal_uart.o
 .debug_aranges
                0x00000b68      0x198 Drivers\STM32F4xx_HAL_Driver\Src\stm32f4xx_ll_usb.o
 .debug_aranges
                0x00000d00       0x68 Middlewares\ST\STM32_USB_Device_Library\Class\HID\Src\usbd_hid.o
 .debug_aranges
                0x00000d68       0xa8 Middlewares\ST\STM32_USB_Device_Library\Core\Src\usbd_core.o
 .debug_aranges
                0x00000e10       0x50 Middlewares\ST\STM32_USB_Device_Library\Core\Src\usbd_ctlreq.o
 .debug_aranges
                0x00000e60       0x50 Middlewares\ST\STM32_USB_Device_Library\Core\Src\usbd_ioreq.o
 .debug_aranges
                0x00000eb0       0x48 Src\keyboardBinds.o
 .debug_aranges
                0x00000ef8       0x80 Src\main.o
 .debug_aranges
                0x00000f78       0x60 Src\stm32f4xx_hal_msp.o
 .debug_aranges
                0x00000fd8       0x68 Src\stm32f4xx_it.o
 .debug_aranges
                0x00001040       0xb0 Src\syscalls.o
 .debug_aranges
                0x000010f0       0x28 Src\system_stm32f4xx.o
 .debug_aranges
                0x00001118       0x20 Src\usb_device.o
 .debug_aranges
                0x00001138      0x100 Src\usbd_conf.o
 .debug_aranges
                0x00001238       0x58 Src\usbd_desc.o
 .debug_aranges
                0x00001290       0x28 startup\startup_stm32f401xc.o

.debug_ranges   0x00000000     0x1828
 .debug_ranges  0x00000000       0xd8 Drivers\STM32F4xx_HAL_Driver\Src\stm32f4xx_hal.o
 .debug_ranges  0x000000d8      0x128 Drivers\STM32F4xx_HAL_Driver\Src\stm32f4xx_hal_cortex.o
 .debug_ranges  0x00000200       0xc8 Drivers\STM32F4xx_HAL_Driver\Src\stm32f4xx_hal_dma.o
 .debug_ranges  0x000002c8       0x68 Drivers\STM32F4xx_HAL_Driver\Src\stm32f4xx_hal_gpio.o
 .debug_ranges  0x00000330      0x3c0 Drivers\STM32F4xx_HAL_Driver\Src\stm32f4xx_hal_i2c.o
 .debug_ranges  0x000006f0       0xe0 Drivers\STM32F4xx_HAL_Driver\Src\stm32f4xx_hal_pcd.o
 .debug_ranges  0x000007d0       0x20 Drivers\STM32F4xx_HAL_Driver\Src\stm32f4xx_hal_pcd_ex.o
 .debug_ranges  0x000007f0       0xb0 Drivers\STM32F4xx_HAL_Driver\Src\stm32f4xx_hal_rcc.o
 .debug_ranges  0x000008a0       0x50 Drivers\STM32F4xx_HAL_Driver\Src\stm32f4xx_hal_rcc_ex.o
 .debug_ranges  0x000008f0       0x98 Drivers\STM32F4xx_HAL_Driver\Src\stm32f4xx_hal_rtc.o
 .debug_ranges  0x00000988      0x340 Drivers\STM32F4xx_HAL_Driver\Src\stm32f4xx_hal_tim.o
 .debug_ranges  0x00000cc8       0xe8 Drivers\STM32F4xx_HAL_Driver\Src\stm32f4xx_hal_tim_ex.o
 .debug_ranges  0x00000db0      0x178 Drivers\STM32F4xx_HAL_Driver\Src\stm32f4xx_hal_uart.o
 .debug_ranges  0x00000f28      0x1a0 Drivers\STM32F4xx_HAL_Driver\Src\stm32f4xx_ll_usb.o
 .debug_ranges  0x000010c8       0x58 Middlewares\ST\STM32_USB_Device_Library\Class\HID\Src\usbd_hid.o
 .debug_ranges  0x00001120       0x98 Middlewares\ST\STM32_USB_Device_Library\Core\Src\usbd_core.o
 .debug_ranges  0x000011b8       0x88 Middlewares\ST\STM32_USB_Device_Library\Core\Src\usbd_ctlreq.o
 .debug_ranges  0x00001240       0x40 Middlewares\ST\STM32_USB_Device_Library\Core\Src\usbd_ioreq.o
 .debug_ranges  0x00001280       0x90 Src\keyboardBinds.o
 .debug_ranges  0x00001310      0x1d0 Src\main.o
 .debug_ranges  0x000014e0       0xa0 Src\stm32f4xx_hal_msp.o
 .debug_ranges  0x00001580       0x58 Src\stm32f4xx_it.o
 .debug_ranges  0x000015d8       0xa0 Src\syscalls.o
 .debug_ranges  0x00001678       0x18 Src\system_stm32f4xx.o
 .debug_ranges  0x00001690       0x10 Src\usb_device.o
 .debug_ranges  0x000016a0      0x120 Src\usbd_conf.o
 .debug_ranges  0x000017c0       0x48 Src\usbd_desc.o
 .debug_ranges  0x00001808       0x20 startup\startup_stm32f401xc.o

.debug_line     0x00000000     0xa3c0
 .debug_line    0x00000000      0x3e8 Drivers\STM32F4xx_HAL_Driver\Src\stm32f4xx_hal.o
 .debug_line    0x000003e8      0x431 Drivers\STM32F4xx_HAL_Driver\Src\stm32f4xx_hal_cortex.o
 .debug_line    0x00000819      0x536 Drivers\STM32F4xx_HAL_Driver\Src\stm32f4xx_hal_dma.o
 .debug_line    0x00000d4f      0x3a0 Drivers\STM32F4xx_HAL_Driver\Src\stm32f4xx_hal_gpio.o
 .debug_line    0x000010ef     0x1be3 Drivers\STM32F4xx_HAL_Driver\Src\stm32f4xx_hal_i2c.o
 .debug_line    0x00002cd2      0x6f9 Drivers\STM32F4xx_HAL_Driver\Src\stm32f4xx_hal_pcd.o
 .debug_line    0x000033cb      0x24d Drivers\STM32F4xx_HAL_Driver\Src\stm32f4xx_hal_pcd_ex.o
 .debug_line    0x00003618      0x4e2 Drivers\STM32F4xx_HAL_Driver\Src\stm32f4xx_hal_rcc.o
 .debug_line    0x00003afa      0x35b Drivers\STM32F4xx_HAL_Driver\Src\stm32f4xx_hal_rcc_ex.o
 .debug_line    0x00003e55      0x5d6 Drivers\STM32F4xx_HAL_Driver\Src\stm32f4xx_hal_rtc.o
 .debug_line    0x0000442b     0x10a7 Drivers\STM32F4xx_HAL_Driver\Src\stm32f4xx_hal_tim.o
 .debug_line    0x000054d2      0x672 Drivers\STM32F4xx_HAL_Driver\Src\stm32f4xx_hal_tim_ex.o
 .debug_line    0x00005b44      0xb5d Drivers\STM32F4xx_HAL_Driver\Src\stm32f4xx_hal_uart.o
 .debug_line    0x000066a1      0x90f Drivers\STM32F4xx_HAL_Driver\Src\stm32f4xx_ll_usb.o
 .debug_line    0x00006fb0      0x434 Middlewares\ST\STM32_USB_Device_Library\Class\HID\Src\usbd_hid.o
 .debug_line    0x000073e4      0x4da Middlewares\ST\STM32_USB_Device_Library\Core\Src\usbd_core.o
 .debug_line    0x000078be      0x477 Middlewares\ST\STM32_USB_Device_Library\Core\Src\usbd_ctlreq.o
 .debug_line    0x00007d35      0x350 Middlewares\ST\STM32_USB_Device_Library\Core\Src\usbd_ioreq.o
 .debug_line    0x00008085      0x444 Src\keyboardBinds.o
 .debug_line    0x000084c9      0x72f Src\main.o
 .debug_line    0x00008bf8      0x382 Src\stm32f4xx_hal_msp.o
 .debug_line    0x00008f7a      0x295 Src\stm32f4xx_it.o
 .debug_line    0x0000920f      0x34b Src\syscalls.o
 .debug_line    0x0000955a      0x1d5 Src\system_stm32f4xx.o
 .debug_line    0x0000972f      0x31a Src\usb_device.o
 .debug_line    0x00009a49      0x58f Src\usbd_conf.o
 .debug_line    0x00009fd8      0x369 Src\usbd_desc.o
 .debug_line    0x0000a341       0x7f startup\startup_stm32f401xc.o

.debug_str      0x00000000     0x6ed4
 .debug_str     0x00000000      0x9f8 Drivers\STM32F4xx_HAL_Driver\Src\stm32f4xx_hal.o
                                0xa66 (size before relaxing)
 .debug_str     0x000009f8      0x4a8 Drivers\STM32F4xx_HAL_Driver\Src\stm32f4xx_hal_cortex.o
                                0xb93 (size before relaxing)
 .debug_str     0x00000ea0      0x522 Drivers\STM32F4xx_HAL_Driver\Src\stm32f4xx_hal_dma.o
                                0x841 (size before relaxing)
 .debug_str     0x000013c2      0x1d1 Drivers\STM32F4xx_HAL_Driver\Src\stm32f4xx_hal_gpio.o
                                0x5cd (size before relaxing)
 .debug_str     0x00001593      0xb0a Drivers\STM32F4xx_HAL_Driver\Src\stm32f4xx_hal_i2c.o
                               0x10f5 (size before relaxing)
 .debug_str     0x0000209d      0xac7 Drivers\STM32F4xx_HAL_Driver\Src\stm32f4xx_hal_pcd.o
                                0xe01 (size before relaxing)
 .debug_str     0x00002b64      0x150 Drivers\STM32F4xx_HAL_Driver\Src\stm32f4xx_hal_pcd_ex.o
                                0x7d9 (size before relaxing)
 .debug_str     0x00002cb4      0x2c0 Drivers\STM32F4xx_HAL_Driver\Src\stm32f4xx_hal_rcc.o
                                0x7ab (size before relaxing)
 .debug_str     0x00002f74      0x18a Drivers\STM32F4xx_HAL_Driver\Src\stm32f4xx_hal_rcc_ex.o
                                0x5aa (size before relaxing)
 .debug_str     0x000030fe      0x49e Drivers\STM32F4xx_HAL_Driver\Src\stm32f4xx_hal_rtc.o
                                0x810 (size before relaxing)
 .debug_str     0x0000359c      0xfe1 Drivers\STM32F4xx_HAL_Driver\Src\stm32f4xx_hal_tim.o
                               0x1598 (size before relaxing)
 .debug_str     0x0000457d      0x548 Drivers\STM32F4xx_HAL_Driver\Src\stm32f4xx_hal_tim_ex.o
                                0xdb0 (size before relaxing)
 .debug_str     0x00004ac5      0x6c0 Drivers\STM32F4xx_HAL_Driver\Src\stm32f4xx_hal_uart.o
                                0xcfc (size before relaxing)
 .debug_str     0x00005185      0x42f Drivers\STM32F4xx_HAL_Driver\Src\stm32f4xx_ll_usb.o
                                0xd17 (size before relaxing)
 .debug_str     0x000055b4      0x991 Middlewares\ST\STM32_USB_Device_Library\Class\HID\Src\usbd_hid.o
                                0xd13 (size before relaxing)
 .debug_str     0x00005f45      0x2a4 Middlewares\ST\STM32_USB_Device_Library\Core\Src\usbd_core.o
                                0xd3f (size before relaxing)
 .debug_str     0x000061e9      0x112 Middlewares\ST\STM32_USB_Device_Library\Core\Src\usbd_ctlreq.o
                                0xc59 (size before relaxing)
 .debug_str     0x000062fb       0x79 Middlewares\ST\STM32_USB_Device_Library\Core\Src\usbd_ioreq.o
                                0xb86 (size before relaxing)
 .debug_str     0x00006374      0x22b Src\keyboardBinds.o
                                0x915 (size before relaxing)
 .debug_str     0x0000659f      0x399 Src\main.o
                               0x220f (size before relaxing)
 .debug_str     0x00006938       0x25 Src\stm32f4xx_hal_msp.o
                                0xfa8 (size before relaxing)
 .debug_str     0x0000695d      0x110 Src\stm32f4xx_it.o
                                0x97a (size before relaxing)
 .debug_str     0x00006a6d      0x244 Src\syscalls.o
                                0x86e (size before relaxing)
 .debug_str     0x00006cb1       0x45 Src\system_stm32f4xx.o
                                0x431 (size before relaxing)
 .debug_str     0x00006cf6       0x14 Src\usb_device.o
                                0xad5 (size before relaxing)
 .debug_str     0x00006d0a       0x65 Src\usbd_conf.o
                               0x18b9 (size before relaxing)
 .debug_str     0x00006d6f      0x165 Src\usbd_desc.o
                                0x954 (size before relaxing)

.comment        0x00000000       0x7c
 .comment       0x00000000       0x7c Drivers\STM32F4xx_HAL_Driver\Src\stm32f4xx_hal.o
                                 0x7d (size before relaxing)
 .comment       0x0000007c       0x7d Drivers\STM32F4xx_HAL_Driver\Src\stm32f4xx_hal_cortex.o
 .comment       0x0000007c       0x7d Drivers\STM32F4xx_HAL_Driver\Src\stm32f4xx_hal_dma.o
 .comment       0x0000007c       0x7d Drivers\STM32F4xx_HAL_Driver\Src\stm32f4xx_hal_gpio.o
 .comment       0x0000007c       0x7d Drivers\STM32F4xx_HAL_Driver\Src\stm32f4xx_hal_i2c.o
 .comment       0x0000007c       0x7d Drivers\STM32F4xx_HAL_Driver\Src\stm32f4xx_hal_pcd.o
 .comment       0x0000007c       0x7d Drivers\STM32F4xx_HAL_Driver\Src\stm32f4xx_hal_pcd_ex.o
 .comment       0x0000007c       0x7d Drivers\STM32F4xx_HAL_Driver\Src\stm32f4xx_hal_rcc.o
 .comment       0x0000007c       0x7d Drivers\STM32F4xx_HAL_Driver\Src\stm32f4xx_hal_rcc_ex.o
 .comment       0x0000007c       0x7d Drivers\STM32F4xx_HAL_Driver\Src\stm32f4xx_hal_rtc.o
 .comment       0x0000007c       0x7d Drivers\STM32F4xx_HAL_Driver\Src\stm32f4xx_hal_tim.o
 .comment       0x0000007c       0x7d Drivers\STM32F4xx_HAL_Driver\Src\stm32f4xx_hal_tim_ex.o
 .comment       0x0000007c       0x7d Drivers\STM32F4xx_HAL_Driver\Src\stm32f4xx_hal_uart.o
 .comment       0x0000007c       0x7d Drivers\STM32F4xx_HAL_Driver\Src\stm32f4xx_ll_usb.o
 .comment       0x0000007c       0x7d Middlewares\ST\STM32_USB_Device_Library\Class\HID\Src\usbd_hid.o
 .comment       0x0000007c       0x7d Middlewares\ST\STM32_USB_Device_Library\Core\Src\usbd_core.o
 .comment       0x0000007c       0x7d Middlewares\ST\STM32_USB_Device_Library\Core\Src\usbd_ctlreq.o
 .comment       0x0000007c       0x7d Middlewares\ST\STM32_USB_Device_Library\Core\Src\usbd_ioreq.o
 .comment       0x0000007c       0x7d Src\keyboardBinds.o
 .comment       0x0000007c       0x7d Src\main.o
 .comment       0x0000007c       0x7d Src\stm32f4xx_hal_msp.o
 .comment       0x0000007c       0x7d Src\stm32f4xx_it.o
 .comment       0x0000007c       0x7d Src\syscalls.o
 .comment       0x0000007c       0x7d Src\system_stm32f4xx.o
 .comment       0x0000007c       0x7d Src\usb_device.o
 .comment       0x0000007c       0x7d Src\usbd_conf.o
 .comment       0x0000007c       0x7d Src\usbd_desc.o

.debug_frame    0x00000000     0x3c78
 .debug_frame   0x00000000      0x1f4 Drivers\STM32F4xx_HAL_Driver\Src\stm32f4xx_hal.o
 .debug_frame   0x000001f4      0x158 Drivers\STM32F4xx_HAL_Driver\Src\stm32f4xx_hal_cortex.o
 .debug_frame   0x0000034c      0x150 Drivers\STM32F4xx_HAL_Driver\Src\stm32f4xx_hal_dma.o
 .debug_frame   0x0000049c       0xd8 Drivers\STM32F4xx_HAL_Driver\Src\stm32f4xx_hal_gpio.o
 .debug_frame   0x00000574      0x710 Drivers\STM32F4xx_HAL_Driver\Src\stm32f4xx_hal_i2c.o
 .debug_frame   0x00000c84      0x2c4 Drivers\STM32F4xx_HAL_Driver\Src\stm32f4xx_hal_pcd.o
 .debug_frame   0x00000f48       0x5c Drivers\STM32F4xx_HAL_Driver\Src\stm32f4xx_hal_pcd_ex.o
 .debug_frame   0x00000fa4      0x13c Drivers\STM32F4xx_HAL_Driver\Src\stm32f4xx_hal_rcc.o
 .debug_frame   0x000010e0       0xac Drivers\STM32F4xx_HAL_Driver\Src\stm32f4xx_hal_rcc_ex.o
 .debug_frame   0x0000118c      0x218 Drivers\STM32F4xx_HAL_Driver\Src\stm32f4xx_hal_rtc.o
 .debug_frame   0x000013a4      0x928 Drivers\STM32F4xx_HAL_Driver\Src\stm32f4xx_hal_tim.o
 .debug_frame   0x00001ccc      0x360 Drivers\STM32F4xx_HAL_Driver\Src\stm32f4xx_hal_tim_ex.o
 .debug_frame   0x0000202c      0x4a0 Drivers\STM32F4xx_HAL_Driver\Src\stm32f4xx_hal_uart.o
 .debug_frame   0x000024cc      0x45c Drivers\STM32F4xx_HAL_Driver\Src\stm32f4xx_ll_usb.o
 .debug_frame   0x00002928       0xdc Middlewares\ST\STM32_USB_Device_Library\Class\HID\Src\usbd_hid.o
 .debug_frame   0x00002a04      0x1c0 Middlewares\ST\STM32_USB_Device_Library\Core\Src\usbd_core.o
 .debug_frame   0x00002bc4       0xcc Middlewares\ST\STM32_USB_Device_Library\Core\Src\usbd_ctlreq.o
 .debug_frame   0x00002c90       0xb0 Middlewares\ST\STM32_USB_Device_Library\Core\Src\usbd_ioreq.o
 .debug_frame   0x00002d40      0x10c Src\keyboardBinds.o
 .debug_frame   0x00002e4c      0x174 Src\main.o
 .debug_frame   0x00002fc0       0xfc Src\stm32f4xx_hal_msp.o
 .debug_frame   0x000030bc       0xe0 Src\stm32f4xx_it.o
 .debug_frame   0x0000319c      0x1a8 Src\syscalls.o
 .debug_frame   0x00003344       0x38 Src\system_stm32f4xx.o
 .debug_frame   0x0000337c       0x30 Src\usb_device.o
 .debug_frame   0x000033ac      0x274 Src\usbd_conf.o
 .debug_frame   0x00003620       0xc4 Src\usbd_desc.o
 .debug_frame   0x000036e4       0x20 e:/truestudio for stm32 9.3.0/armtools/bin/../lib/gcc/arm-atollic-eabi/6.3.1/../../../../arm-atollic-eabi/lib/armv7e-m/fpu\libc_nano.a(lib_a-errno.o)
 .debug_frame   0x00003704       0x2c e:/truestudio for stm32 9.3.0/armtools/bin/../lib/gcc/arm-atollic-eabi/6.3.1/../../../../arm-atollic-eabi/lib/armv7e-m/fpu\libc_nano.a(lib_a-init.o)
 .debug_frame   0x00003730       0x30 e:/truestudio for stm32 9.3.0/armtools/bin/../lib/gcc/arm-atollic-eabi/6.3.1/../../../../arm-atollic-eabi/lib/armv7e-m/fpu\libc_nano.a(lib_a-malloc.o)
 .debug_frame   0x00003760       0x20 e:/truestudio for stm32 9.3.0/armtools/bin/../lib/gcc/arm-atollic-eabi/6.3.1/../../../../arm-atollic-eabi/lib/armv7e-m/fpu\libc_nano.a(lib_a-memset.o)
 .debug_frame   0x00003780       0x38 e:/truestudio for stm32 9.3.0/armtools/bin/../lib/gcc/arm-atollic-eabi/6.3.1/../../../../arm-atollic-eabi/lib/armv7e-m/fpu\libc_nano.a(lib_a-nano-freer.o)
 .debug_frame   0x000037b8       0x2c e:/truestudio for stm32 9.3.0/armtools/bin/../lib/gcc/arm-atollic-eabi/6.3.1/../../../../arm-atollic-eabi/lib/armv7e-m/fpu\libc_nano.a(lib_a-nano-mallocr.o)
 .debug_frame   0x000037e4       0x2c e:/truestudio for stm32 9.3.0/armtools/bin/../lib/gcc/arm-atollic-eabi/6.3.1/../../../../arm-atollic-eabi/lib/armv7e-m/fpu\libc_nano.a(lib_a-sbrkr.o)
 .debug_frame   0x00003810       0x7c e:/truestudio for stm32 9.3.0/armtools/bin/../lib/gcc/arm-atollic-eabi/6.3.1/../../../../arm-atollic-eabi/lib/armv7e-m/fpu\libc_nano.a(lib_a-snprintf.o)
 .debug_frame   0x0000388c       0x28 e:/truestudio for stm32 9.3.0/armtools/bin/../lib/gcc/arm-atollic-eabi/6.3.1/../../../../arm-atollic-eabi/lib/armv7e-m/fpu\libc_nano.a(lib_a-strcat.o)
 .debug_frame   0x000038b4       0x20 e:/truestudio for stm32 9.3.0/armtools/bin/../lib/gcc/arm-atollic-eabi/6.3.1/../../../../arm-atollic-eabi/lib/armv7e-m/fpu\libc_nano.a(lib_a-strcpy.o)
 .debug_frame   0x000038d4      0x11c e:/truestudio for stm32 9.3.0/armtools/bin/../lib/gcc/arm-atollic-eabi/6.3.1/../../../../arm-atollic-eabi/lib/armv7e-m/fpu\libc_nano.a(lib_a-findfp.o)
 .debug_frame   0x000039f0       0x30 e:/truestudio for stm32 9.3.0/armtools/bin/../lib/gcc/arm-atollic-eabi/6.3.1/../../../../arm-atollic-eabi/lib/armv7e-m/fpu\libc_nano.a(lib_a-mlock.o)
 .debug_frame   0x00003a20       0x90 e:/truestudio for stm32 9.3.0/armtools/bin/../lib/gcc/arm-atollic-eabi/6.3.1/../../../../arm-atollic-eabi/lib/armv7e-m/fpu\libc_nano.a(lib_a-nano-svfprintf.o)
 .debug_frame   0x00003ab0       0x60 e:/truestudio for stm32 9.3.0/armtools/bin/../lib/gcc/arm-atollic-eabi/6.3.1/../../../../arm-atollic-eabi/lib/armv7e-m/fpu\libc_nano.a(lib_a-nano-vfprintf_i.o)
 .debug_frame   0x00003b10       0x5c e:/truestudio for stm32 9.3.0/armtools/bin/../lib/gcc/arm-atollic-eabi/6.3.1/../../../../arm-atollic-eabi/lib/armv7e-m/fpu\libc_nano.a(lib_a-reent.o)
 .debug_frame   0x00003b6c       0x28 e:/truestudio for stm32 9.3.0/armtools/bin/../lib/gcc/arm-atollic-eabi/6.3.1/../../../../arm-atollic-eabi/lib/armv7e-m/fpu\libc_nano.a(lib_a-memcpy-stub.o)
 .debug_frame   0x00003b94       0x28 e:/truestudio for stm32 9.3.0/armtools/bin/../lib/gcc/arm-atollic-eabi/6.3.1/../../../../arm-atollic-eabi/lib/armv7e-m/fpu\libc_nano.a(lib_a-memmove.o)
 .debug_frame   0x00003bbc       0x3c e:/truestudio for stm32 9.3.0/armtools/bin/../lib/gcc/arm-atollic-eabi/6.3.1/../../../../arm-atollic-eabi/lib/armv7e-m/fpu\libc_nano.a(lib_a-nano-reallocr.o)
 .debug_frame   0x00003bf8       0x20 e:/truestudio for stm32 9.3.0/armtools/bin/../lib/gcc/arm-atollic-eabi/6.3.1/../../../../arm-atollic-eabi/lib/armv7e-m/fpu\libc_nano.a(lib_a-nano-msizer.o)
 .debug_frame   0x00003c18       0x2c e:/truestudio for stm32 9.3.0/armtools/bin/../lib/gcc/arm-atollic-eabi/6.3.1/armv7e-m/fpu\libgcc.a(_aeabi_uldivmod.o)
 .debug_frame   0x00003c44       0x34 e:/truestudio for stm32 9.3.0/armtools/bin/../lib/gcc/arm-atollic-eabi/6.3.1/armv7e-m/fpu\libgcc.a(_udivmoddi4.o)
