Archive member included to satisfy reference by file (symbol)

e:/truestudio for stm32 9.3.0/armtools/bin/../lib/gcc/arm-atollic-eabi/6.3.1/../../../../arm-atollic-eabi/lib/armv7e-m/fpu\libc_nano.a(lib_a-errno.o)
                              Src\syscalls.o (__errno)
e:/truestudio for stm32 9.3.0/armtools/bin/../lib/gcc/arm-atollic-eabi/6.3.1/../../../../arm-atollic-eabi/lib/armv7e-m/fpu\libc_nano.a(lib_a-impure.o)
                              e:/truestudio for stm32 9.3.0/armtools/bin/../lib/gcc/arm-atollic-eabi/6.3.1/../../../../arm-atollic-eabi/lib/armv7e-m/fpu\libc_nano.a(lib_a-errno.o) (_impure_ptr)
e:/truestudio for stm32 9.3.0/armtools/bin/../lib/gcc/arm-atollic-eabi/6.3.1/../../../../arm-atollic-eabi/lib/armv7e-m/fpu\libc_nano.a(lib_a-init.o)
                              startup\startup_stm32f401xc.o (__libc_init_array)
e:/truestudio for stm32 9.3.0/armtools/bin/../lib/gcc/arm-atollic-eabi/6.3.1/../../../../arm-atollic-eabi/lib/armv7e-m/fpu\libc_nano.a(lib_a-malloc.o)
                              Middlewares\ST\STM32_USB_Device_Library\Class\HID\Src\usbd_hid.o (malloc)
e:/truestudio for stm32 9.3.0/armtools/bin/../lib/gcc/arm-atollic-eabi/6.3.1/../../../../arm-atollic-eabi/lib/armv7e-m/fpu\libc_nano.a(lib_a-memset.o)
                              Src\main.o (memset)
e:/truestudio for stm32 9.3.0/armtools/bin/../lib/gcc/arm-atollic-eabi/6.3.1/../../../../arm-atollic-eabi/lib/armv7e-m/fpu\libc_nano.a(lib_a-nano-freer.o)
                              e:/truestudio for stm32 9.3.0/armtools/bin/../lib/gcc/arm-atollic-eabi/6.3.1/../../../../arm-atollic-eabi/lib/armv7e-m/fpu\libc_nano.a(lib_a-malloc.o) (_free_r)
e:/truestudio for stm32 9.3.0/armtools/bin/../lib/gcc/arm-atollic-eabi/6.3.1/../../../../arm-atollic-eabi/lib/armv7e-m/fpu\libc_nano.a(lib_a-nano-mallocr.o)
                              e:/truestudio for stm32 9.3.0/armtools/bin/../lib/gcc/arm-atollic-eabi/6.3.1/../../../../arm-atollic-eabi/lib/armv7e-m/fpu\libc_nano.a(lib_a-malloc.o) (_malloc_r)
e:/truestudio for stm32 9.3.0/armtools/bin/../lib/gcc/arm-atollic-eabi/6.3.1/../../../../arm-atollic-eabi/lib/armv7e-m/fpu\libc_nano.a(lib_a-sbrkr.o)
                              e:/truestudio for stm32 9.3.0/armtools/bin/../lib/gcc/arm-atollic-eabi/6.3.1/../../../../arm-atollic-eabi/lib/armv7e-m/fpu\libc_nano.a(lib_a-nano-mallocr.o) (_sbrk_r)
e:/truestudio for stm32 9.3.0/armtools/bin/../lib/gcc/arm-atollic-eabi/6.3.1/../../../../arm-atollic-eabi/lib/armv7e-m/fpu\libc_nano.a(lib_a-strcpy.o)
                              Src\main.o (strcpy)
e:/truestudio for stm32 9.3.0/armtools/bin/../lib/gcc/arm-atollic-eabi/6.3.1/../../../../arm-atollic-eabi/lib/armv7e-m/fpu\libc_nano.a(lib_a-mlock.o)
                              e:/truestudio for stm32 9.3.0/armtools/bin/../lib/gcc/arm-atollic-eabi/6.3.1/../../../../arm-atollic-eabi/lib/armv7e-m/fpu\libc_nano.a(lib_a-nano-freer.o) (__malloc_lock)
e:/truestudio for stm32 9.3.0/armtools/bin/../lib/gcc/arm-atollic-eabi/6.3.1/../../../../arm-atollic-eabi/lib/armv7e-m/fpu\libc_nano.a(lib_a-reent.o)
                              e:/truestudio for stm32 9.3.0/armtools/bin/../lib/gcc/arm-atollic-eabi/6.3.1/../../../../arm-atollic-eabi/lib/armv7e-m/fpu\libc_nano.a(lib_a-sbrkr.o) (errno)
e:/truestudio for stm32 9.3.0/armtools/bin/../lib/gcc/arm-atollic-eabi/6.3.1/armv7e-m/fpu\libgcc.a(_aeabi_uldivmod.o)
                              Drivers\STM32F4xx_HAL_Driver\Src\stm32f4xx_hal_rcc.o (__aeabi_uldivmod)
e:/truestudio for stm32 9.3.0/armtools/bin/../lib/gcc/arm-atollic-eabi/6.3.1/armv7e-m/fpu\libgcc.a(_udivmoddi4.o)
                              e:/truestudio for stm32 9.3.0/armtools/bin/../lib/gcc/arm-atollic-eabi/6.3.1/armv7e-m/fpu\libgcc.a(_aeabi_uldivmod.o) (__udivmoddi4)
e:/truestudio for stm32 9.3.0/armtools/bin/../lib/gcc/arm-atollic-eabi/6.3.1/armv7e-m/fpu\libgcc.a(_dvmd_tls.o)
                              e:/truestudio for stm32 9.3.0/armtools/bin/../lib/gcc/arm-atollic-eabi/6.3.1/armv7e-m/fpu\libgcc.a(_aeabi_uldivmod.o) (__aeabi_ldiv0)

Allocating common symbols
Common symbol       size              file

hUsbDeviceFS        0x29c             Src\usb_device.o
errno               0x4               e:/truestudio for stm32 9.3.0/armtools/bin/../lib/gcc/arm-atollic-eabi/6.3.1/../../../../arm-atollic-eabi/lib/armv7e-m/fpu\libc_nano.a(lib_a-reent.o)
hdma_i2c1_tx        0x60              Src\main.o
hi2c1               0x54              Src\main.o
hpcd_USB_OTG_FS     0x408             Src\usbd_conf.o
macroLst            0x30              Src\main.o
uwTick              0x4               Drivers\STM32F4xx_HAL_Driver\Src\stm32f4xx_hal.o
pFlash              0x20              Drivers\STM32F4xx_HAL_Driver\Src\stm32f4xx_hal_flash.o
hdma_usart1_tx      0x60              Src\main.o
hdma_usart1_rx      0x60              Src\main.o
huart1              0x40              Src\main.o
hrtc                0x20              Src\main.o
htim1               0x40              Src\main.o
USBD_StrDesc        0x200             Src\usbd_desc.o

[...]
Memory Configuration

Name             Origin             Length             Attributes
RAM              0x20000000         0x00010000         xrw
FLASH            0x08000000         0x00040000         xr
*default*        0x00000000         0xffffffff

Linker script and memory map

LOAD e:/truestudio for stm32 9.3.0/armtools/bin/../lib/gcc/arm-atollic-eabi/6.3.1/armv7e-m/fpu/crti.o
LOAD e:/truestudio for stm32 9.3.0/armtools/bin/../lib/gcc/arm-atollic-eabi/6.3.1/armv7e-m/fpu/crtbegin.o
LOAD Drivers\STM32F4xx_HAL_Driver\Src\stm32f4xx_hal.o
LOAD Drivers\STM32F4xx_HAL_Driver\Src\stm32f4xx_hal_cortex.o
LOAD Drivers\STM32F4xx_HAL_Driver\Src\stm32f4xx_hal_dma.o
LOAD Drivers\STM32F4xx_HAL_Driver\Src\stm32f4xx_hal_dma_ex.o
LOAD Drivers\STM32F4xx_HAL_Driver\Src\stm32f4xx_hal_exti.o
LOAD Drivers\STM32F4xx_HAL_Driver\Src\stm32f4xx_hal_flash.o
LOAD Drivers\STM32F4xx_HAL_Driver\Src\stm32f4xx_hal_flash_ex.o
LOAD Drivers\STM32F4xx_HAL_Driver\Src\stm32f4xx_hal_flash_ramfunc.o
LOAD Drivers\STM32F4xx_HAL_Driver\Src\stm32f4xx_hal_gpio.o
LOAD Drivers\STM32F4xx_HAL_Driver\Src\stm32f4xx_hal_i2c.o
LOAD Drivers\STM32F4xx_HAL_Driver\Src\stm32f4xx_hal_i2c_ex.o
LOAD Drivers\STM32F4xx_HAL_Driver\Src\stm32f4xx_hal_pcd.o
LOAD Drivers\STM32F4xx_HAL_Driver\Src\stm32f4xx_hal_pcd_ex.o
LOAD Drivers\STM32F4xx_HAL_Driver\Src\stm32f4xx_hal_pwr.o
LOAD Drivers\STM32F4xx_HAL_Driver\Src\stm32f4xx_hal_pwr_ex.o
LOAD Drivers\STM32F4xx_HAL_Driver\Src\stm32f4xx_hal_rcc.o
LOAD Drivers\STM32F4xx_HAL_Driver\Src\stm32f4xx_hal_rcc_ex.o
LOAD Drivers\STM32F4xx_HAL_Driver\Src\stm32f4xx_hal_rtc.o
LOAD Drivers\STM32F4xx_HAL_Driver\Src\stm32f4xx_hal_rtc_ex.o
LOAD Drivers\STM32F4xx_HAL_Driver\Src\stm32f4xx_hal_tim.o
LOAD Drivers\STM32F4xx_HAL_Driver\Src\stm32f4xx_hal_tim_ex.o
LOAD Drivers\STM32F4xx_HAL_Driver\Src\stm32f4xx_hal_uart.o
LOAD Drivers\STM32F4xx_HAL_Driver\Src\stm32f4xx_ll_usb.o
LOAD Middlewares\ST\STM32_USB_Device_Library\Class\HID\Src\usbd_hid.o
LOAD Middlewares\ST\STM32_USB_Device_Library\Core\Src\usbd_core.o
LOAD Middlewares\ST\STM32_USB_Device_Library\Core\Src\usbd_ctlreq.o
LOAD Middlewares\ST\STM32_USB_Device_Library\Core\Src\usbd_ioreq.o
LOAD Src\main.o
LOAD Src\stm32f4xx_hal_msp.o
LOAD Src\stm32f4xx_it.o
LOAD Src\syscalls.o
LOAD Src\system_stm32f4xx.o
LOAD Src\usb_device.o
LOAD Src\usbd_conf.o
LOAD Src\usbd_desc.o
LOAD startup\startup_stm32f401xc.o
                0x00000080                malloc_getpagesize_P = 0x80
START GROUP
LOAD e:/truestudio for stm32 9.3.0/armtools/bin/../lib/gcc/arm-atollic-eabi/6.3.1/../../../../arm-atollic-eabi/lib/armv7e-m/fpu\libc_nano.a
LOAD e:/truestudio for stm32 9.3.0/armtools/bin/../lib/gcc/arm-atollic-eabi/6.3.1/../../../../arm-atollic-eabi/lib/armv7e-m/fpu\libm.a
END GROUP
START GROUP
LOAD e:/truestudio for stm32 9.3.0/armtools/bin/../lib/gcc/arm-atollic-eabi/6.3.1/armv7e-m/fpu\libgcc.a
LOAD e:/truestudio for stm32 9.3.0/armtools/bin/../lib/gcc/arm-atollic-eabi/6.3.1/../../../../arm-atollic-eabi/lib/armv7e-m/fpu\libc_nano.a
END GROUP
START GROUP
LOAD e:/truestudio for stm32 9.3.0/armtools/bin/../lib/gcc/arm-atollic-eabi/6.3.1/armv7e-m/fpu\libgcc.a
LOAD e:/truestudio for stm32 9.3.0/armtools/bin/../lib/gcc/arm-atollic-eabi/6.3.1/../../../../arm-atollic-eabi/lib/armv7e-m/fpu\libc_nano.a
LOAD e:/truestudio for stm32 9.3.0/armtools/bin/../lib/gcc/arm-atollic-eabi/6.3.1/../../../../arm-atollic-eabi/lib/armv7e-m/fpu\libnosys.a
END GROUP
START GROUP
LOAD e:/truestudio for stm32 9.3.0/armtools/bin/../lib/gcc/arm-atollic-eabi/6.3.1/armv7e-m/fpu\libgcc.a
LOAD e:/truestudio for stm32 9.3.0/armtools/bin/../lib/gcc/arm-atollic-eabi/6.3.1/../../../../arm-atollic-eabi/lib/armv7e-m/fpu\libc_nano.a
LOAD e:/truestudio for stm32 9.3.0/armtools/bin/../lib/gcc/arm-atollic-eabi/6.3.1/../../../../arm-atollic-eabi/lib/armv7e-m/fpu\libnosys.a
END GROUP
LOAD e:/truestudio for stm32 9.3.0/armtools/bin/../lib/gcc/arm-atollic-eabi/6.3.1/armv7e-m/fpu/crtend.o
LOAD e:/truestudio for stm32 9.3.0/armtools/bin/../lib/gcc/arm-atollic-eabi/6.3.1/armv7e-m/fpu/crtn.o
                0x20010000                _estack = 0x20010000
                0x00000200                _Min_Heap_Size = 0x200
                0x00000400                _Min_Stack_Size = 0x400

.isr_vector     0x08000000      0x194
                0x08000000                . = ALIGN (0x4)
 *(.isr_vector)
 .isr_vector    0x08000000      0x194 startup\startup_stm32f401xc.o
                0x08000000                g_pfnVectors
                0x08000194                . = ALIGN (0x4)

.text           0x08000194     0x3ec0
                0x08000194                . = ALIGN (0x4)
 *(.text)
 .text          0x08000194       0x40 e:/truestudio for stm32 9.3.0/armtools/bin/../lib/gcc/arm-atollic-eabi/6.3.1/armv7e-m/fpu/crtbegin.o
 .text          0x080001d4       0x30 e:/truestudio for stm32 9.3.0/armtools/bin/../lib/gcc/arm-atollic-eabi/6.3.1/armv7e-m/fpu\libgcc.a(_aeabi_uldivmod.o)
                0x080001d4                __aeabi_uldivmod
 .text          0x08000204      0x2dc e:/truestudio for stm32 9.3.0/armtools/bin/../lib/gcc/arm-atollic-eabi/6.3.1/armv7e-m/fpu\libgcc.a(_udivmoddi4.o)
                0x08000204                __udivmoddi4
 .text          0x080004e0        0x4 e:/truestudio for stm32 9.3.0/armtools/bin/../lib/gcc/arm-atollic-eabi/6.3.1/armv7e-m/fpu\libgcc.a(_dvmd_tls.o)
                0x080004e0                __aeabi_idiv0
                0x080004e0                __aeabi_ldiv0
 *(.text*)
 .text.HAL_InitTick
                0x080004e4       0x48 Drivers\STM32F4xx_HAL_Driver\Src\stm32f4xx_hal.o
                0x080004e4                HAL_InitTick
 .text.HAL_Init
                0x0800052c       0x34 Drivers\STM32F4xx_HAL_Driver\Src\stm32f4xx_hal.o
                0x0800052c                HAL_Init
 .text.HAL_IncTick
                0x08000560       0x18 Drivers\STM32F4xx_HAL_Driver\Src\stm32f4xx_hal.o
                0x08000560                HAL_IncTick
 .text.HAL_GetTick
                0x08000578        0xc Drivers\STM32F4xx_HAL_Driver\Src\stm32f4xx_hal.o
                0x08000578                HAL_GetTick
 .text.HAL_Delay
                0x08000584       0x28 Drivers\STM32F4xx_HAL_Driver\Src\stm32f4xx_hal.o
                0x08000584                HAL_Delay
 .text.HAL_NVIC_SetPriorityGrouping
                0x080005ac       0x24 Drivers\STM32F4xx_HAL_Driver\Src\stm32f4xx_hal_cortex.o
                0x080005ac                HAL_NVIC_SetPriorityGrouping
 .text.HAL_NVIC_SetPriority
                0x080005d0       0x68 Drivers\STM32F4xx_HAL_Driver\Src\stm32f4xx_hal_cortex.o
                0x080005d0                HAL_NVIC_SetPriority
 .text.HAL_NVIC_EnableIRQ
                0x08000638       0x1c Drivers\STM32F4xx_HAL_Driver\Src\stm32f4xx_hal_cortex.o
                0x08000638                HAL_NVIC_EnableIRQ
 .text.HAL_SYSTICK_Config
                0x08000654       0x2c Drivers\STM32F4xx_HAL_Driver\Src\stm32f4xx_hal_cortex.o
                0x08000654                HAL_SYSTICK_Config
 .text.DMA_CalcBaseAndBitshift
                0x08000680       0x2c Drivers\STM32F4xx_HAL_Driver\Src\stm32f4xx_hal_dma.o
 .text.HAL_DMA_Init
                0x080006ac       0xfc Drivers\STM32F4xx_HAL_Driver\Src\stm32f4xx_hal_dma.o
                0x080006ac                HAL_DMA_Init
 .text.HAL_DMA_IRQHandler
                0x080007a8      0x174 Drivers\STM32F4xx_HAL_Driver\Src\stm32f4xx_hal_dma.o
                0x080007a8                HAL_DMA_IRQHandler
 .text.HAL_GPIO_Init
                0x0800091c      0x19c Drivers\STM32F4xx_HAL_Driver\Src\stm32f4xx_hal_gpio.o
                0x0800091c                HAL_GPIO_Init
 .text.HAL_GPIO_WritePin
                0x08000ab8        0xa Drivers\STM32F4xx_HAL_Driver\Src\stm32f4xx_hal_gpio.o
                0x08000ab8                HAL_GPIO_WritePin
 *fill*         0x08000ac2        0x2 
 .text.HAL_I2C_Init
                0x08000ac4      0x158 Drivers\STM32F4xx_HAL_Driver\Src\stm32f4xx_hal_i2c.o
                0x08000ac4                HAL_I2C_Init
 .text.HAL_PCD_Init
                0x08000c1c      0x10e Drivers\STM32F4xx_HAL_Driver\Src\stm32f4xx_hal_pcd.o
                0x08000c1c                HAL_PCD_Init
 .text.HAL_PCD_Start
                0x08000d2a       0x3e Drivers\STM32F4xx_HAL_Driver\Src\stm32f4xx_hal_pcd.o
                0x08000d2a                HAL_PCD_Start
 .text.HAL_PCD_IRQHandler
                0x08000d68      0x574 Drivers\STM32F4xx_HAL_Driver\Src\stm32f4xx_hal_pcd.o
                0x08000d68                HAL_PCD_IRQHandler
 .text.HAL_PCD_SetAddress
                0x080012dc       0x28 Drivers\STM32F4xx_HAL_Driver\Src\stm32f4xx_hal_pcd.o
                0x080012dc                HAL_PCD_SetAddress
 .text.HAL_PCD_EP_Open
                0x08001304       0x6a Drivers\STM32F4xx_HAL_Driver\Src\stm32f4xx_hal_pcd.o
                0x08001304                HAL_PCD_EP_Open
 .text.HAL_PCD_EP_Close
                0x0800136e       0x54 Drivers\STM32F4xx_HAL_Driver\Src\stm32f4xx_hal_pcd.o
                0x0800136e                HAL_PCD_EP_Close
 .text.HAL_PCD_EP_Receive
                0x080013c2       0x48 Drivers\STM32F4xx_HAL_Driver\Src\stm32f4xx_hal_pcd.o
                0x080013c2                HAL_PCD_EP_Receive
 .text.HAL_PCD_EP_Transmit
                0x0800140a       0x40 Drivers\STM32F4xx_HAL_Driver\Src\stm32f4xx_hal_pcd.o
                0x0800140a                HAL_PCD_EP_Transmit
 .text.HAL_PCD_EP_SetStall
                0x0800144a       0x74 Drivers\STM32F4xx_HAL_Driver\Src\stm32f4xx_hal_pcd.o
                0x0800144a                HAL_PCD_EP_SetStall
 .text.HAL_PCD_EP_ClrStall
                0x080014be       0x64 Drivers\STM32F4xx_HAL_Driver\Src\stm32f4xx_hal_pcd.o
                0x080014be                HAL_PCD_EP_ClrStall
 .text.HAL_PCDEx_SetTxFiFo
                0x08001522       0x42 Drivers\STM32F4xx_HAL_Driver\Src\stm32f4xx_hal_pcd_ex.o
                0x08001522                HAL_PCDEx_SetTxFiFo
 .text.HAL_PCDEx_SetRxFiFo
                0x08001564        0x8 Drivers\STM32F4xx_HAL_Driver\Src\stm32f4xx_hal_pcd_ex.o
                0x08001564                HAL_PCDEx_SetRxFiFo
 .text.HAL_PCDEx_LPM_Callback
                0x0800156c        0x2 Drivers\STM32F4xx_HAL_Driver\Src\stm32f4xx_hal_pcd_ex.o
                0x0800156c                HAL_PCDEx_LPM_Callback
 *fill*         0x0800156e        0x2 
 .text.HAL_RCC_OscConfig
                0x08001570      0x34c Drivers\STM32F4xx_HAL_Driver\Src\stm32f4xx_hal_rcc.o
                0x08001570                HAL_RCC_OscConfig
 .text.HAL_RCC_GetSysClockFreq
                0x080018bc       0x5c Drivers\STM32F4xx_HAL_Driver\Src\stm32f4xx_hal_rcc.o
                0x080018bc                HAL_RCC_GetSysClockFreq
 .text.HAL_RCC_ClockConfig
                0x08001918      0x138 Drivers\STM32F4xx_HAL_Driver\Src\stm32f4xx_hal_rcc.o
                0x08001918                HAL_RCC_ClockConfig
 .text.HAL_RCC_GetHCLKFreq
                0x08001a50        0xc Drivers\STM32F4xx_HAL_Driver\Src\stm32f4xx_hal_rcc.o
                0x08001a50                HAL_RCC_GetHCLKFreq
 .text.HAL_RCC_GetPCLK1Freq
                0x08001a5c       0x20 Drivers\STM32F4xx_HAL_Driver\Src\stm32f4xx_hal_rcc.o
                0x08001a5c                HAL_RCC_GetPCLK1Freq
 .text.HAL_RCC_GetPCLK2Freq
                0x08001a7c       0x20 Drivers\STM32F4xx_HAL_Driver\Src\stm32f4xx_hal_rcc.o
                0x08001a7c                HAL_RCC_GetPCLK2Freq
 .text.HAL_RCCEx_PeriphCLKConfig
                0x08001a9c      0x13c Drivers\STM32F4xx_HAL_Driver\Src\stm32f4xx_hal_rcc_ex.o
                0x08001a9c                HAL_RCCEx_PeriphCLKConfig
 .text.HAL_RTC_WaitForSynchro
                0x08001bd8       0x30 Drivers\STM32F4xx_HAL_Driver\Src\stm32f4xx_hal_rtc.o
                0x08001bd8                HAL_RTC_WaitForSynchro
 .text.RTC_EnterInitMode
                0x08001c08       0x34 Drivers\STM32F4xx_HAL_Driver\Src\stm32f4xx_hal_rtc.o
                0x08001c08                RTC_EnterInitMode
 .text.HAL_RTC_Init
                0x08001c3c       0x9c Drivers\STM32F4xx_HAL_Driver\Src\stm32f4xx_hal_rtc.o
                0x08001c3c                HAL_RTC_Init
 .text.HAL_TIM_Base_Start
                0x08001cd8       0x24 Drivers\STM32F4xx_HAL_Driver\Src\stm32f4xx_hal_tim.o
                0x08001cd8                HAL_TIM_Base_Start
 .text.TIM_Base_SetConfig
                0x08001cfc       0x9c Drivers\STM32F4xx_HAL_Driver\Src\stm32f4xx_hal_tim.o
                0x08001cfc                TIM_Base_SetConfig
 .text.HAL_TIM_Base_Init
                0x08001d98       0x34 Drivers\STM32F4xx_HAL_Driver\Src\stm32f4xx_hal_tim.o
                0x08001d98                HAL_TIM_Base_Init
 .text.TIM_ETR_SetConfig
                0x08001dcc       0x14 Drivers\STM32F4xx_HAL_Driver\Src\stm32f4xx_hal_tim.o
                0x08001dcc                TIM_ETR_SetConfig
 .text.HAL_TIM_ConfigClockSource
                0x08001de0      0x128 Drivers\STM32F4xx_HAL_Driver\Src\stm32f4xx_hal_tim.o
                0x08001de0                HAL_TIM_ConfigClockSource
 .text.HAL_TIMEx_MasterConfigSynchronization
                0x08001f08       0x74 Drivers\STM32F4xx_HAL_Driver\Src\stm32f4xx_hal_tim_ex.o
                0x08001f08                HAL_TIMEx_MasterConfigSynchronization
 .text.UART_SetConfig
                0x08001f7c       0xdc Drivers\STM32F4xx_HAL_Driver\Src\stm32f4xx_hal_uart.o
 .text.UART_WaitOnFlagUntilTimeout.constprop.3
                0x08002058       0x50 Drivers\STM32F4xx_HAL_Driver\Src\stm32f4xx_hal_uart.o
 .text.HAL_UART_Init
                0x080020a8       0x5c Drivers\STM32F4xx_HAL_Driver\Src\stm32f4xx_hal_uart.o
                0x080020a8                HAL_UART_Init
 .text.HAL_UART_Transmit
                0x08002104       0xbe Drivers\STM32F4xx_HAL_Driver\Src\stm32f4xx_hal_uart.o
                0x08002104                HAL_UART_Transmit
 *fill*         0x080021c2        0x2 
 .text.USB_CoreReset
                0x080021c4       0x30 Drivers\STM32F4xx_HAL_Driver\Src\stm32f4xx_ll_usb.o
 .text.USB_CoreInit
                0x080021f4       0x80 Drivers\STM32F4xx_HAL_Driver\Src\stm32f4xx_ll_usb.o
                0x080021f4                USB_CoreInit
 .text.USB_SetTurnaroundTime
                0x08002274       0xe8 Drivers\STM32F4xx_HAL_Driver\Src\stm32f4xx_ll_usb.o
                0x08002274                USB_SetTurnaroundTime
 .text.USB_EnableGlobalInt
                0x0800235c        0xc Drivers\STM32F4xx_HAL_Driver\Src\stm32f4xx_ll_usb.o
                0x0800235c                USB_EnableGlobalInt
 .text.USB_DisableGlobalInt
                0x08002368        0xc Drivers\STM32F4xx_HAL_Driver\Src\stm32f4xx_ll_usb.o
                0x08002368                USB_DisableGlobalInt
 .text.USB_SetCurrentMode
                0x08002374       0x2e Drivers\STM32F4xx_HAL_Driver\Src\stm32f4xx_ll_usb.o
                0x08002374                USB_SetCurrentMode
 *fill*         0x080023a2        0x2 
 .text.USB_FlushTxFifo
                0x080023a4       0x24 Drivers\STM32F4xx_HAL_Driver\Src\stm32f4xx_ll_usb.o
                0x080023a4                USB_FlushTxFifo
 .text.USB_FlushRxFifo
                0x080023c8       0x20 Drivers\STM32F4xx_HAL_Driver\Src\stm32f4xx_ll_usb.o
                0x080023c8                USB_FlushRxFifo
 .text.USB_SetDevSpeed
                0x080023e8        0xe Drivers\STM32F4xx_HAL_Driver\Src\stm32f4xx_ll_usb.o
                0x080023e8                USB_SetDevSpeed
 *fill*         0x080023f6        0x2 
 .text.USB_DevInit
                0x080023f8      0x188 Drivers\STM32F4xx_HAL_Driver\Src\stm32f4xx_ll_usb.o
                0x080023f8                USB_DevInit
 .text.USB_GetDevSpeed
                0x08002580       0x16 Drivers\STM32F4xx_HAL_Driver\Src\stm32f4xx_ll_usb.o
                0x08002580                USB_GetDevSpeed
 .text.USB_ActivateEndpoint
                0x08002596       0x84 Drivers\STM32F4xx_HAL_Driver\Src\stm32f4xx_ll_usb.o
                0x08002596                USB_ActivateEndpoint
 *fill*         0x0800261a        0x2 
 .text.USB_DeactivateEndpoint
                0x0800261c       0x64 Drivers\STM32F4xx_HAL_Driver\Src\stm32f4xx_ll_usb.o
                0x0800261c                USB_DeactivateEndpoint
 .text.USB_EP0StartXfer
                0x08002680      0x114 Drivers\STM32F4xx_HAL_Driver\Src\stm32f4xx_ll_usb.o
                0x08002680                USB_EP0StartXfer
 .text.USB_WritePacket
                0x08002794       0x28 Drivers\STM32F4xx_HAL_Driver\Src\stm32f4xx_ll_usb.o
                0x08002794                USB_WritePacket
 .text.USB_EPStartXfer
                0x080027bc      0x1dc Drivers\STM32F4xx_HAL_Driver\Src\stm32f4xx_ll_usb.o
                0x080027bc                USB_EPStartXfer
 .text.USB_ReadPacket
                0x08002998       0x1c Drivers\STM32F4xx_HAL_Driver\Src\stm32f4xx_ll_usb.o
                0x08002998                USB_ReadPacket
 .text.USB_EPSetStall
                0x080029b4       0x5a Drivers\STM32F4xx_HAL_Driver\Src\stm32f4xx_ll_usb.o
                0x080029b4                USB_EPSetStall
 .text.USB_EPClearStall
                0x08002a0e       0x56 Drivers\STM32F4xx_HAL_Driver\Src\stm32f4xx_ll_usb.o
                0x08002a0e                USB_EPClearStall
 .text.USB_SetDevAddress
                0x08002a64       0x20 Drivers\STM32F4xx_HAL_Driver\Src\stm32f4xx_ll_usb.o
                0x08002a64                USB_SetDevAddress
 .text.USB_DevConnect
                0x08002a84       0x18 Drivers\STM32F4xx_HAL_Driver\Src\stm32f4xx_ll_usb.o
                0x08002a84                USB_DevConnect
 .text.USB_DevDisconnect
                0x08002a9c       0x18 Drivers\STM32F4xx_HAL_Driver\Src\stm32f4xx_ll_usb.o
                0x08002a9c                USB_DevDisconnect
 .text.USB_ReadInterrupts
                0x08002ab4        0x8 Drivers\STM32F4xx_HAL_Driver\Src\stm32f4xx_ll_usb.o
                0x08002ab4                USB_ReadInterrupts
 .text.USB_ReadDevAllOutEpInterrupt
                0x08002abc       0x10 Drivers\STM32F4xx_HAL_Driver\Src\stm32f4xx_ll_usb.o
                0x08002abc                USB_ReadDevAllOutEpInterrupt
 .text.USB_ReadDevAllInEpInterrupt
                0x08002acc       0x10 Drivers\STM32F4xx_HAL_Driver\Src\stm32f4xx_ll_usb.o
                0x08002acc                USB_ReadDevAllInEpInterrupt
 .text.USB_ReadDevOutEPInterrupt
                0x08002adc       0x12 Drivers\STM32F4xx_HAL_Driver\Src\stm32f4xx_ll_usb.o
                0x08002adc                USB_ReadDevOutEPInterrupt
 .text.USB_ReadDevInEPInterrupt
                0x08002aee       0x24 Drivers\STM32F4xx_HAL_Driver\Src\stm32f4xx_ll_usb.o
                0x08002aee                USB_ReadDevInEPInterrupt
 .text.USB_GetMode
                0x08002b12        0x8 Drivers\STM32F4xx_HAL_Driver\Src\stm32f4xx_ll_usb.o
                0x08002b12                USB_GetMode
 .text.USB_ActivateSetup
                0x08002b1a       0x36 Drivers\STM32F4xx_HAL_Driver\Src\stm32f4xx_ll_usb.o
                0x08002b1a                USB_ActivateSetup
 .text.USB_EP0_OutStart
                0x08002b50       0x60 Drivers\STM32F4xx_HAL_Driver\Src\stm32f4xx_ll_usb.o
                0x08002b50                USB_EP0_OutStart
 .text.USBD_HID_GetFSCfgDesc
                0x08002bb0        0xc Middlewares\ST\STM32_USB_Device_Library\Class\HID\Src\usbd_hid.o
 .text.USBD_HID_GetHSCfgDesc
                0x08002bbc        0xc Middlewares\ST\STM32_USB_Device_Library\Class\HID\Src\usbd_hid.o
 .text.USBD_HID_GetOtherSpeedCfgDesc
                0x08002bc8        0xc Middlewares\ST\STM32_USB_Device_Library\Class\HID\Src\usbd_hid.o
 .text.USBD_HID_DataIn
                0x08002bd4        0xa Middlewares\ST\STM32_USB_Device_Library\Class\HID\Src\usbd_hid.o
 *fill*         0x08002bde        0x2 
 .text.USBD_HID_GetDeviceQualifierDesc
                0x08002be0        0xc Middlewares\ST\STM32_USB_Device_Library\Class\HID\Src\usbd_hid.o
 .text.USBD_HID_Setup
                0x08002bec       0xd4 Middlewares\ST\STM32_USB_Device_Library\Class\HID\Src\usbd_hid.o
 .text.USBD_HID_DeInit
                0x08002cc0       0x20 Middlewares\ST\STM32_USB_Device_Library\Class\HID\Src\usbd_hid.o
 .text.USBD_HID_Init
                0x08002ce0       0x2a Middlewares\ST\STM32_USB_Device_Library\Class\HID\Src\usbd_hid.o
 .text.USBD_HID_SendReport
                0x08002d0a       0x24 Middlewares\ST\STM32_USB_Device_Library\Class\HID\Src\usbd_hid.o
                0x08002d0a                USBD_HID_SendReport
 .text.USBD_Init
                0x08002d2e       0x2a Middlewares\ST\STM32_USB_Device_Library\Core\Src\usbd_core.o
                0x08002d2e                USBD_Init
 .text.USBD_RegisterClass
                0x08002d58        0xe Middlewares\ST\STM32_USB_Device_Library\Core\Src\usbd_core.o
                0x08002d58                USBD_RegisterClass
 .text.USBD_Start
                0x08002d66        0xa Middlewares\ST\STM32_USB_Device_Library\Core\Src\usbd_core.o
                0x08002d66                USBD_Start
 .text.USBD_SetClassConfig
                0x08002d70       0x16 Middlewares\ST\STM32_USB_Device_Library\Core\Src\usbd_core.o
                0x08002d70                USBD_SetClassConfig
 .text.USBD_ClrClassConfig
                0x08002d86        0xe Middlewares\ST\STM32_USB_Device_Library\Core\Src\usbd_core.o
                0x08002d86                USBD_ClrClassConfig
 .text.USBD_LL_SetupStage
                0x08002d94       0x5a Middlewares\ST\STM32_USB_Device_Library\Core\Src\usbd_core.o
                0x08002d94                USBD_LL_SetupStage
 .text.USBD_LL_DataOutStage
                0x08002dee       0x74 Middlewares\ST\STM32_USB_Device_Library\Core\Src\usbd_core.o
                0x08002dee                USBD_LL_DataOutStage
 .text.USBD_LL_DataInStage
                0x08002e62       0xb8 Middlewares\ST\STM32_USB_Device_Library\Core\Src\usbd_core.o
                0x08002e62                USBD_LL_DataInStage
 .text.USBD_LL_Reset
                0x08002f1a       0x4e Middlewares\ST\STM32_USB_Device_Library\Core\Src\usbd_core.o
                0x08002f1a                USBD_LL_Reset
 .text.USBD_LL_SetSpeed
                0x08002f68        0x6 Middlewares\ST\STM32_USB_Device_Library\Core\Src\usbd_core.o
                0x08002f68                USBD_LL_SetSpeed
 .text.USBD_LL_Suspend
                0x08002f6e       0x12 Middlewares\ST\STM32_USB_Device_Library\Core\Src\usbd_core.o
                0x08002f6e                USBD_LL_Suspend
 .text.USBD_LL_Resume
                0x08002f80        0xc Middlewares\ST\STM32_USB_Device_Library\Core\Src\usbd_core.o
                0x08002f80                USBD_LL_Resume
 .text.USBD_LL_SOF
                0x08002f8c       0x18 Middlewares\ST\STM32_USB_Device_Library\Core\Src\usbd_core.o
                0x08002f8c                USBD_LL_SOF
 .text.USBD_LL_IsoINIncomplete
                0x08002fa4        0x4 Middlewares\ST\STM32_USB_Device_Library\Core\Src\usbd_core.o
                0x08002fa4                USBD_LL_IsoINIncomplete
 .text.USBD_LL_IsoOUTIncomplete
                0x08002fa8        0x4 Middlewares\ST\STM32_USB_Device_Library\Core\Src\usbd_core.o
                0x08002fa8                USBD_LL_IsoOUTIncomplete
 .text.USBD_LL_DevConnected
                0x08002fac        0x4 Middlewares\ST\STM32_USB_Device_Library\Core\Src\usbd_core.o
                0x08002fac                USBD_LL_DevConnected
 .text.USBD_LL_DevDisconnected
                0x08002fb0       0x16 Middlewares\ST\STM32_USB_Device_Library\Core\Src\usbd_core.o
                0x08002fb0                USBD_LL_DevDisconnected
 .text.USBD_CtlError.constprop.1
                0x08002fc6       0x16 Middlewares\ST\STM32_USB_Device_Library\Core\Src\usbd_ctlreq.o
 .text.USBD_StdDevReq
                0x08002fdc      0x234 Middlewares\ST\STM32_USB_Device_Library\Core\Src\usbd_ctlreq.o
                0x08002fdc                USBD_StdDevReq
 .text.USBD_StdItfReq
                0x08003210       0x4a Middlewares\ST\STM32_USB_Device_Library\Core\Src\usbd_ctlreq.o
                0x08003210                USBD_StdItfReq
 .text.USBD_StdEPReq
                0x0800325a      0x110 Middlewares\ST\STM32_USB_Device_Library\Core\Src\usbd_ctlreq.o
                0x0800325a                USBD_StdEPReq
 .text.USBD_ParseSetupRequest
                0x0800336a       0x28 Middlewares\ST\STM32_USB_Device_Library\Core\Src\usbd_ctlreq.o
                0x0800336a                USBD_ParseSetupRequest
 .text.USBD_CtlError
                0x08003392       0x16 Middlewares\ST\STM32_USB_Device_Library\Core\Src\usbd_ctlreq.o
                0x08003392                USBD_CtlError
 .text.USBD_GetString
                0x080033a8       0x38 Middlewares\ST\STM32_USB_Device_Library\Core\Src\usbd_ctlreq.o
                0x080033a8                USBD_GetString
 .text.USBD_CtlSendData
                0x080033e0       0x1a Middlewares\ST\STM32_USB_Device_Library\Core\Src\usbd_ioreq.o
                0x080033e0                USBD_CtlSendData
 .text.USBD_CtlContinueSendData
                0x080033fa       0x10 Middlewares\ST\STM32_USB_Device_Library\Core\Src\usbd_ioreq.o
                0x080033fa                USBD_CtlContinueSendData
 .text.USBD_CtlContinueRx
                0x0800340a       0x10 Middlewares\ST\STM32_USB_Device_Library\Core\Src\usbd_ioreq.o
                0x0800340a                USBD_CtlContinueRx
 .text.USBD_CtlSendStatus
                0x0800341a       0x16 Middlewares\ST\STM32_USB_Device_Library\Core\Src\usbd_ioreq.o
                0x0800341a                USBD_CtlSendStatus
 .text.USBD_CtlReceiveStatus
                0x08003430       0x16 Middlewares\ST\STM32_USB_Device_Library\Core\Src\usbd_ioreq.o
                0x08003430                USBD_CtlReceiveStatus
 .text.debugSendStr
                0x08003446       0x2a Src\main.o
                0x08003446                debugSendStr
 .text.SystemClock_Config
                0x08003470       0xbc Src\main.o
                0x08003470                SystemClock_Config
 .text.startup.main
                0x0800352c      0x238 Src\main.o
                0x0800352c                main
 .text.Error_Handler
                0x08003764        0x2 Src\main.o
                0x08003764                Error_Handler
 *fill*         0x08003766        0x2 
 .text.HAL_MspInit
                0x08003768       0x38 Src\stm32f4xx_hal_msp.o
                0x08003768                HAL_MspInit
 .text.HAL_I2C_MspInit
                0x080037a0       0xa8 Src\stm32f4xx_hal_msp.o
                0x080037a0                HAL_I2C_MspInit
 .text.HAL_RTC_MspInit
                0x08003848       0x18 Src\stm32f4xx_hal_msp.o
                0x08003848                HAL_RTC_MspInit
 .text.HAL_TIM_Base_MspInit
                0x08003860       0x30 Src\stm32f4xx_hal_msp.o
                0x08003860                HAL_TIM_Base_MspInit
 .text.HAL_UART_MspInit
                0x08003890       0xe4 Src\stm32f4xx_hal_msp.o
                0x08003890                HAL_UART_MspInit
 .text.NMI_Handler
                0x08003974        0x2 Src\stm32f4xx_it.o
                0x08003974                NMI_Handler
 .text.HardFault_Handler
                0x08003976        0x2 Src\stm32f4xx_it.o
                0x08003976                HardFault_Handler
 .text.MemManage_Handler
                0x08003978        0x2 Src\stm32f4xx_it.o
                0x08003978                MemManage_Handler
 .text.BusFault_Handler
                0x0800397a        0x2 Src\stm32f4xx_it.o
                0x0800397a                BusFault_Handler
 .text.UsageFault_Handler
                0x0800397c        0x2 Src\stm32f4xx_it.o
                0x0800397c                UsageFault_Handler
 .text.SVC_Handler
                0x0800397e        0x2 Src\stm32f4xx_it.o
                0x0800397e                SVC_Handler
 .text.DebugMon_Handler
                0x08003980        0x2 Src\stm32f4xx_it.o
                0x08003980                DebugMon_Handler
 .text.PendSV_Handler
                0x08003982        0x2 Src\stm32f4xx_it.o
                0x08003982                PendSV_Handler
 .text.SysTick_Handler
                0x08003984        0x4 Src\stm32f4xx_it.o
                0x08003984                SysTick_Handler
 .text.DMA1_Stream6_IRQHandler
                0x08003988        0xc Src\stm32f4xx_it.o
                0x08003988                DMA1_Stream6_IRQHandler
 .text.DMA2_Stream2_IRQHandler
                0x08003994        0xc Src\stm32f4xx_it.o
                0x08003994                DMA2_Stream2_IRQHandler
 .text.OTG_FS_IRQHandler
                0x080039a0        0xc Src\stm32f4xx_it.o
                0x080039a0                OTG_FS_IRQHandler
 .text.DMA2_Stream7_IRQHandler
                0x080039ac        0xc Src\stm32f4xx_it.o
                0x080039ac                DMA2_Stream7_IRQHandler
 .text._sbrk    0x080039b8       0x34 Src\syscalls.o
                0x080039b8                _sbrk
 .text.SystemInit
                0x080039ec       0x1c Src\system_stm32f4xx.o
                0x080039ec                SystemInit
 .text.MX_USB_DEVICE_Init
                0x08003a08       0x40 Src\usb_device.o
                0x08003a08                MX_USB_DEVICE_Init
 .text.HAL_PCD_MspInit
                0x08003a48       0x84 Src\usbd_conf.o
                0x08003a48                HAL_PCD_MspInit
 .text.HAL_PCD_SetupStageCallback
                0x08003acc        0xc Src\usbd_conf.o
                0x08003acc                HAL_PCD_SetupStageCallback
 .text.HAL_PCD_DataOutStageCallback
                0x08003ad8       0x12 Src\usbd_conf.o
                0x08003ad8                HAL_PCD_DataOutStageCallback
 .text.HAL_PCD_DataInStageCallback
                0x08003aea       0x10 Src\usbd_conf.o
                0x08003aea                HAL_PCD_DataInStageCallback
 .text.HAL_PCD_SOFCallback
                0x08003afa        0x8 Src\usbd_conf.o
                0x08003afa                HAL_PCD_SOFCallback
 .text.HAL_PCD_ResetCallback
                0x08003b02       0x24 Src\usbd_conf.o
                0x08003b02                HAL_PCD_ResetCallback
 *fill*         0x08003b26        0x2 
 .text.HAL_PCD_SuspendCallback
                0x08003b28       0x30 Src\usbd_conf.o
                0x08003b28                HAL_PCD_SuspendCallback
 .text.HAL_PCD_ResumeCallback
                0x08003b58        0x8 Src\usbd_conf.o
                0x08003b58                HAL_PCD_ResumeCallback
 .text.HAL_PCD_ISOOUTIncompleteCallback
                0x08003b60        0x8 Src\usbd_conf.o
                0x08003b60                HAL_PCD_ISOOUTIncompleteCallback
 .text.HAL_PCD_ISOINIncompleteCallback
                0x08003b68        0x8 Src\usbd_conf.o
                0x08003b68                HAL_PCD_ISOINIncompleteCallback
 .text.HAL_PCD_ConnectCallback
                0x08003b70        0x8 Src\usbd_conf.o
                0x08003b70                HAL_PCD_ConnectCallback
 .text.HAL_PCD_DisconnectCallback
                0x08003b78        0x8 Src\usbd_conf.o
                0x08003b78                HAL_PCD_DisconnectCallback
 .text.USBD_LL_Init
                0x08003b80       0x5c Src\usbd_conf.o
                0x08003b80                USBD_LL_Init
 .text.USBD_LL_Start
                0x08003bdc       0x1c Src\usbd_conf.o
                0x08003bdc                USBD_LL_Start
 .text.USBD_LL_OpenEP
                0x08003bf8       0x20 Src\usbd_conf.o
                0x08003bf8                USBD_LL_OpenEP
 .text.USBD_LL_CloseEP
                0x08003c18       0x1c Src\usbd_conf.o
                0x08003c18                USBD_LL_CloseEP
 .text.USBD_LL_StallEP
                0x08003c34       0x1c Src\usbd_conf.o
                0x08003c34                USBD_LL_StallEP
 .text.USBD_LL_ClearStallEP
                0x08003c50       0x1c Src\usbd_conf.o
                0x08003c50                USBD_LL_ClearStallEP
 .text.USBD_LL_IsStallEP
                0x08003c6c       0x26 Src\usbd_conf.o
                0x08003c6c                USBD_LL_IsStallEP
 *fill*         0x08003c92        0x2 
 .text.USBD_LL_SetUSBAddress
                0x08003c94       0x1c Src\usbd_conf.o
                0x08003c94                USBD_LL_SetUSBAddress
 .text.USBD_LL_Transmit
                0x08003cb0       0x1c Src\usbd_conf.o
                0x08003cb0                USBD_LL_Transmit
 .text.USBD_LL_PrepareReceive
                0x08003ccc       0x1c Src\usbd_conf.o
                0x08003ccc                USBD_LL_PrepareReceive
 .text.USBD_FS_DeviceDescriptor
                0x08003ce8        0xc Src\usbd_desc.o
                0x08003ce8                USBD_FS_DeviceDescriptor
 .text.USBD_FS_LangIDStrDescriptor
                0x08003cf4        0xc Src\usbd_desc.o
                0x08003cf4                USBD_FS_LangIDStrDescriptor
 .text.IntToUnicode
                0x08003d00       0x28 Src\usbd_desc.o
 .text.USBD_FS_SerialStrDescriptor
                0x08003d28       0x40 Src\usbd_desc.o
                0x08003d28                USBD_FS_SerialStrDescriptor
 .text.USBD_FS_ManufacturerStrDescriptor
                0x08003d68       0x1c Src\usbd_desc.o
                0x08003d68                USBD_FS_ManufacturerStrDescriptor
 .text.USBD_FS_ProductStrDescriptor
                0x08003d84       0x1c Src\usbd_desc.o
                0x08003d84                USBD_FS_ProductStrDescriptor
 .text.USBD_FS_ConfigStrDescriptor
                0x08003da0       0x1c Src\usbd_desc.o
                0x08003da0                USBD_FS_ConfigStrDescriptor
 .text.USBD_FS_InterfaceStrDescriptor
                0x08003dbc       0x1c Src\usbd_desc.o
                0x08003dbc                USBD_FS_InterfaceStrDescriptor
 .text.Reset_Handler
                0x08003dd8       0x50 startup\startup_stm32f401xc.o
                0x08003dd8                Reset_Handler
 .text.Default_Handler
                0x08003e28        0x2 startup\startup_stm32f401xc.o
                0x08003e28                RTC_Alarm_IRQHandler
                0x08003e28                EXTI2_IRQHandler
                0x08003e28                SPI4_IRQHandler
                0x08003e28                TIM1_CC_IRQHandler
                0x08003e28                DMA2_Stream5_IRQHandler
                0x08003e28                DMA1_Stream5_IRQHandler
                0x08003e28                PVD_IRQHandler
                0x08003e28                SDIO_IRQHandler
                0x08003e28                TAMP_STAMP_IRQHandler
                0x08003e28                EXTI3_IRQHandler
                0x08003e28                TIM1_UP_TIM10_IRQHandler
                0x08003e28                I2C3_ER_IRQHandler
                0x08003e28                EXTI0_IRQHandler
                0x08003e28                I2C2_EV_IRQHandler
                0x08003e28                DMA1_Stream2_IRQHandler
                0x08003e28                FPU_IRQHandler
                0x08003e28                SPI1_IRQHandler
                0x08003e28                TIM1_BRK_TIM9_IRQHandler
                0x08003e28                DMA2_Stream3_IRQHandler
                0x08003e28                USART6_IRQHandler
                0x08003e28                DMA2_Stream0_IRQHandler
                0x08003e28                TIM4_IRQHandler
                0x08003e28                I2C1_EV_IRQHandler
                0x08003e28                DMA1_Stream1_IRQHandler
                0x08003e28                TIM3_IRQHandler
                0x08003e28                RCC_IRQHandler
                0x08003e28                Default_Handler
                0x08003e28                EXTI15_10_IRQHandler
                0x08003e28                ADC_IRQHandler
                0x08003e28                DMA1_Stream7_IRQHandler
                0x08003e28                TIM5_IRQHandler
                0x08003e28                I2C3_EV_IRQHandler
                0x08003e28                EXTI9_5_IRQHandler
                0x08003e28                RTC_WKUP_IRQHandler
                0x08003e28                SPI2_IRQHandler
                0x08003e28                DMA1_Stream0_IRQHandler
                0x08003e28                EXTI4_IRQHandler
                0x08003e28                WWDG_IRQHandler
                0x08003e28                TIM2_IRQHandler
                0x08003e28                OTG_FS_WKUP_IRQHandler
                0x08003e28                TIM1_TRG_COM_TIM11_IRQHandler
                0x08003e28                EXTI1_IRQHandler
                0x08003e28                USART2_IRQHandler
                0x08003e28                I2C2_ER_IRQHandler
                0x08003e28                DMA2_Stream1_IRQHandler
                0x08003e28                FLASH_IRQHandler
                0x08003e28                DMA2_Stream4_IRQHandler
                0x08003e28                USART1_IRQHandler
                0x08003e28                SPI3_IRQHandler
                0x08003e28                DMA1_Stream4_IRQHandler
                0x08003e28                I2C1_ER_IRQHandler
                0x08003e28                DMA2_Stream6_IRQHandler
                0x08003e28                DMA1_Stream3_IRQHandler
 *fill*         0x08003e2a        0x2 
 .text.__errno  0x08003e2c        0xc e:/truestudio for stm32 9.3.0/armtools/bin/../lib/gcc/arm-atollic-eabi/6.3.1/../../../../arm-atollic-eabi/lib/armv7e-m/fpu\libc_nano.a(lib_a-errno.o)
                0x08003e2c                __errno
 .text.__libc_init_array
                0x08003e38       0x48 e:/truestudio for stm32 9.3.0/armtools/bin/../lib/gcc/arm-atollic-eabi/6.3.1/../../../../arm-atollic-eabi/lib/armv7e-m/fpu\libc_nano.a(lib_a-init.o)
                0x08003e38                __libc_init_array
 .text.malloc   0x08003e80       0x10 e:/truestudio for stm32 9.3.0/armtools/bin/../lib/gcc/arm-atollic-eabi/6.3.1/../../../../arm-atollic-eabi/lib/armv7e-m/fpu\libc_nano.a(lib_a-malloc.o)
                0x08003e80                malloc
 .text.free     0x08003e90       0x10 e:/truestudio for stm32 9.3.0/armtools/bin/../lib/gcc/arm-atollic-eabi/6.3.1/../../../../arm-atollic-eabi/lib/armv7e-m/fpu\libc_nano.a(lib_a-malloc.o)
                0x08003e90                free
 .text.memset   0x08003ea0       0x10 e:/truestudio for stm32 9.3.0/armtools/bin/../lib/gcc/arm-atollic-eabi/6.3.1/../../../../arm-atollic-eabi/lib/armv7e-m/fpu\libc_nano.a(lib_a-memset.o)
                0x08003ea0                memset
 .text._free_r  0x08003eb0       0x9c e:/truestudio for stm32 9.3.0/armtools/bin/../lib/gcc/arm-atollic-eabi/6.3.1/../../../../arm-atollic-eabi/lib/armv7e-m/fpu\libc_nano.a(lib_a-nano-freer.o)
                0x08003eb0                _free_r
 .text._malloc_r
                0x08003f4c       0xbc e:/truestudio for stm32 9.3.0/armtools/bin/../lib/gcc/arm-atollic-eabi/6.3.1/../../../../arm-atollic-eabi/lib/armv7e-m/fpu\libc_nano.a(lib_a-nano-mallocr.o)
                0x08003f4c                _malloc_r
 .text._sbrk_r  0x08004008       0x20 e:/truestudio for stm32 9.3.0/armtools/bin/../lib/gcc/arm-atollic-eabi/6.3.1/../../../../arm-atollic-eabi/lib/armv7e-m/fpu\libc_nano.a(lib_a-sbrkr.o)
                0x08004008                _sbrk_r
 .text.strcpy   0x08004028       0x10 e:/truestudio for stm32 9.3.0/armtools/bin/../lib/gcc/arm-atollic-eabi/6.3.1/../../../../arm-atollic-eabi/lib/armv7e-m/fpu\libc_nano.a(lib_a-strcpy.o)
                0x08004028                strcpy
 .text.__malloc_lock
                0x08004038        0x2 e:/truestudio for stm32 9.3.0/armtools/bin/../lib/gcc/arm-atollic-eabi/6.3.1/../../../../arm-atollic-eabi/lib/armv7e-m/fpu\libc_nano.a(lib_a-mlock.o)
                0x08004038                __malloc_lock
 .text.__malloc_unlock
                0x0800403a        0x2 e:/truestudio for stm32 9.3.0/armtools/bin/../lib/gcc/arm-atollic-eabi/6.3.1/../../../../arm-atollic-eabi/lib/armv7e-m/fpu\libc_nano.a(lib_a-mlock.o)
                0x0800403a                __malloc_unlock
 *(.glue_7)
 .glue_7        0x0800403c        0x0 linker stubs
 *(.glue_7t)
 .glue_7t       0x0800403c        0x0 linker stubs
 *(.eh_frame)
 .eh_frame      0x0800403c        0x0 e:/truestudio for stm32 9.3.0/armtools/bin/../lib/gcc/arm-atollic-eabi/6.3.1/armv7e-m/fpu/crtbegin.o
 *(.init)
 .init          0x0800403c        0x4 e:/truestudio for stm32 9.3.0/armtools/bin/../lib/gcc/arm-atollic-eabi/6.3.1/armv7e-m/fpu/crti.o
                0x0800403c                _init
 .init          0x08004040        0x8 e:/truestudio for stm32 9.3.0/armtools/bin/../lib/gcc/arm-atollic-eabi/6.3.1/armv7e-m/fpu/crtn.o
 *(.fini)
 .fini          0x08004048        0x4 e:/truestudio for stm32 9.3.0/armtools/bin/../lib/gcc/arm-atollic-eabi/6.3.1/armv7e-m/fpu/crti.o
                0x08004048                _fini
 .fini          0x0800404c        0x8 e:/truestudio for stm32 9.3.0/armtools/bin/../lib/gcc/arm-atollic-eabi/6.3.1/armv7e-m/fpu/crtn.o
                0x08004054                . = ALIGN (0x4)
                0x08004054                _etext = .

.vfp11_veneer   0x08004054        0x0
 .vfp11_veneer  0x08004054        0x0 linker stubs

.v4_bx          0x08004054        0x0
 .v4_bx         0x08004054        0x0 linker stubs

.iplt           0x08004054        0x0
 .iplt          0x08004054        0x0 e:/truestudio for stm32 9.3.0/armtools/bin/../lib/gcc/arm-atollic-eabi/6.3.1/armv7e-m/fpu/crtbegin.o

.rodata         0x08004054       0x78
                0x08004054                . = ALIGN (0x4)
 *(.rodata)
 .rodata        0x08004054        0x8 Src\main.o
 *(.rodata*)
 .rodata.flagBitshiftOffset.8623
                0x0800405c        0x8 Drivers\STM32F4xx_HAL_Driver\Src\stm32f4xx_hal_dma.o
 .rodata.main.str1.1
                0x08004064        0xa Src\main.o
 .rodata.AHBPrescTable
                0x0800406e       0x10 Src\system_stm32f4xx.o
                0x0800406e                AHBPrescTable
 .rodata.APBPrescTable
                0x0800407e        0x8 Src\system_stm32f4xx.o
                0x0800407e                APBPrescTable
 .rodata.CSWTCH.23
                0x08004086        0x4 Src\usbd_conf.o
 .rodata.USBD_FS_ConfigStrDescriptor.str1.1
                0x0800408a        0xb Src\usbd_desc.o
 .rodata.USBD_FS_InterfaceStrDescriptor.str1.1
                0x08004095        0xe Src\usbd_desc.o
 .rodata.USBD_FS_ManufacturerStrDescriptor.str1.1
                0x080040a3       0x13 Src\usbd_desc.o
 .rodata.USBD_FS_ProductStrDescriptor.str1.1
                0x080040b6       0x14 Src\usbd_desc.o
                0x080040cc                . = ALIGN (0x4)
 *fill*         0x080040ca        0x2 

.ARM.extab
 *(.ARM.extab* .gnu.linkonce.armextab.*)

.ARM            0x080040cc        0x8
                0x080040cc                __exidx_start = .
 *(.ARM.exidx*)
 .ARM.exidx     0x080040cc        0x8 e:/truestudio for stm32 9.3.0/armtools/bin/../lib/gcc/arm-atollic-eabi/6.3.1/armv7e-m/fpu\libgcc.a(_udivmoddi4.o)
                0x080040d4                __exidx_end = .

.rel.dyn        0x080040d4        0x0
 .rel.iplt      0x080040d4        0x0 e:/truestudio for stm32 9.3.0/armtools/bin/../lib/gcc/arm-atollic-eabi/6.3.1/armv7e-m/fpu/crtbegin.o

.preinit_array  0x080040d4        0x0
                0x080040d4                PROVIDE (__preinit_array_start, .)
 *(.preinit_array*)
                0x080040d4                PROVIDE (__preinit_array_end, .)

.init_array     0x080040d4        0x4
                0x080040d4                PROVIDE (__init_array_start, .)
 *(SORT(.init_array.*))
 *(.init_array*)
 .init_array    0x080040d4        0x4 e:/truestudio for stm32 9.3.0/armtools/bin/../lib/gcc/arm-atollic-eabi/6.3.1/armv7e-m/fpu/crtbegin.o
                0x080040d8                PROVIDE (__init_array_end, .)

.fini_array     0x080040d8        0x4
                [!provide]                PROVIDE (__fini_array_start, .)
 *(SORT(.fini_array.*))
 *(.fini_array*)
 .fini_array    0x080040d8        0x4 e:/truestudio for stm32 9.3.0/armtools/bin/../lib/gcc/arm-atollic-eabi/6.3.1/armv7e-m/fpu/crtbegin.o
                [!provide]                PROVIDE (__fini_array_end, .)
                0x080040dc                _sidata = LOADADDR (.data)

.data           0x20000000      0x1ac load address 0x080040dc
                0x20000000                . = ALIGN (0x4)
                0x20000000                _sdata = .
 *(.data)
 *(.data*)
 .data.uwTickFreq
                0x20000000        0x1 Drivers\STM32F4xx_HAL_Driver\Src\stm32f4xx_hal.o
                0x20000000                uwTickFreq
 *fill*         0x20000001        0x3 
 .data.uwTickPrio
                0x20000004        0x4 Drivers\STM32F4xx_HAL_Driver\Src\stm32f4xx_hal.o
                0x20000004                uwTickPrio
 .data.HID_KEYBOARD_ReportDesc
                0x20000008       0x2d Middlewares\ST\STM32_USB_Device_Library\Class\HID\Src\usbd_hid.o
 *fill*         0x20000035        0x3 
 .data.USBD_HID
                0x20000038       0x38 Middlewares\ST\STM32_USB_Device_Library\Class\HID\Src\usbd_hid.o
                0x20000038                USBD_HID
 .data.USBD_HID_CfgFSDesc
                0x20000070       0x22 Middlewares\ST\STM32_USB_Device_Library\Class\HID\Src\usbd_hid.o
 *fill*         0x20000092        0x2 
 .data.USBD_HID_CfgHSDesc
                0x20000094       0x22 Middlewares\ST\STM32_USB_Device_Library\Class\HID\Src\usbd_hid.o
 *fill*         0x200000b6        0x2 
 .data.USBD_HID_Desc
                0x200000b8        0x9 Middlewares\ST\STM32_USB_Device_Library\Class\HID\Src\usbd_hid.o
 *fill*         0x200000c1        0x3 
 .data.USBD_HID_DeviceQualifierDesc
                0x200000c4        0xa Middlewares\ST\STM32_USB_Device_Library\Class\HID\Src\usbd_hid.o
 *fill*         0x200000ce        0x2 
 .data.USBD_HID_OtherSpeedCfgDesc
                0x200000d0       0x22 Middlewares\ST\STM32_USB_Device_Library\Class\HID\Src\usbd_hid.o
 *fill*         0x200000f2        0x2 
 .data.SystemCoreClock
                0x200000f4        0x4 Src\system_stm32f4xx.o
                0x200000f4                SystemCoreClock
 .data.FS_Desc  0x200000f8       0x1c Src\usbd_desc.o
                0x200000f8                FS_Desc
 .data.USBD_FS_DeviceDesc
                0x20000114       0x12 Src\usbd_desc.o
                0x20000114                USBD_FS_DeviceDesc
 *fill*         0x20000126        0x2 
 .data.USBD_LangIDDesc
                0x20000128        0x4 Src\usbd_desc.o
                0x20000128                USBD_LangIDDesc
 .data.USBD_StringSerial
                0x2000012c       0x1a Src\usbd_desc.o
                0x2000012c                USBD_StringSerial
 *fill*         0x20000146        0x2 
 .data._impure_ptr
                0x20000148        0x4 e:/truestudio for stm32 9.3.0/armtools/bin/../lib/gcc/arm-atollic-eabi/6.3.1/../../../../arm-atollic-eabi/lib/armv7e-m/fpu\libc_nano.a(lib_a-impure.o)
                0x20000148                _impure_ptr
 .data.impure_data
                0x2000014c       0x60 e:/truestudio for stm32 9.3.0/armtools/bin/../lib/gcc/arm-atollic-eabi/6.3.1/../../../../arm-atollic-eabi/lib/armv7e-m/fpu\libc_nano.a(lib_a-impure.o)
                0x200001ac                . = ALIGN (0x4)
                0x200001ac                _edata = .

.igot.plt       0x200001ac        0x0 load address 0x08004288
 .igot.plt      0x200001ac        0x0 e:/truestudio for stm32 9.3.0/armtools/bin/../lib/gcc/arm-atollic-eabi/6.3.1/armv7e-m/fpu/crtbegin.o
                0x200001ac                . = ALIGN (0x4)

.bss            0x200001ac      0xb1c load address 0x08004288
                0x200001ac                _sbss = .
                0x200001ac                __bss_start__ = _sbss
 *(.bss)
 .bss           0x200001ac       0x1c e:/truestudio for stm32 9.3.0/armtools/bin/../lib/gcc/arm-atollic-eabi/6.3.1/armv7e-m/fpu/crtbegin.o
 *(.bss*)
 .bss.cfgidx.10424
                0x200001c8        0x1 Middlewares\ST\STM32_USB_Device_Library\Core\Src\usbd_ctlreq.o
 *fill*         0x200001c9        0x3 
 .bss.heap_end.7010
                0x200001cc        0x4 Src\syscalls.o
 .bss.__malloc_free_list
                0x200001d0        0x4 e:/truestudio for stm32 9.3.0/armtools/bin/../lib/gcc/arm-atollic-eabi/6.3.1/../../../../arm-atollic-eabi/lib/armv7e-m/fpu\libc_nano.a(lib_a-nano-mallocr.o)
                0x200001d0                __malloc_free_list
 .bss.__malloc_sbrk_start
                0x200001d4        0x4 e:/truestudio for stm32 9.3.0/armtools/bin/../lib/gcc/arm-atollic-eabi/6.3.1/../../../../arm-atollic-eabi/lib/armv7e-m/fpu\libc_nano.a(lib_a-nano-mallocr.o)
                0x200001d4                __malloc_sbrk_start
 *(COMMON)
 COMMON         0x200001d8        0x4 Drivers\STM32F4xx_HAL_Driver\Src\stm32f4xx_hal.o
                0x200001d8                uwTick
 COMMON         0x200001dc      0x244 Src\main.o
                0x200001dc                hdma_i2c1_tx
                0x2000023c                hi2c1
                0x20000290                macroLst
                0x200002c0                hdma_usart1_tx
                0x20000320                hdma_usart1_rx
                0x20000380                huart1
                0x200003c0                hrtc
                0x200003e0                htim1
 COMMON         0x20000420      0x29c Src\usb_device.o
                0x20000420                hUsbDeviceFS
 COMMON         0x200006bc      0x408 Src\usbd_conf.o
                0x200006bc                hpcd_USB_OTG_FS
 COMMON         0x20000ac4      0x200 Src\usbd_desc.o
                0x20000ac4                USBD_StrDesc
 COMMON         0x20000cc4        0x4 e:/truestudio for stm32 9.3.0/armtools/bin/../lib/gcc/arm-atollic-eabi/6.3.1/../../../../arm-atollic-eabi/lib/armv7e-m/fpu\libc_nano.a(lib_a-reent.o)
                0x20000cc4                errno
                0x20000cc8                . = ALIGN (0x4)
                0x20000cc8                _ebss = .
                0x20000cc8                __bss_end__ = _ebss

._user_heap_stack
                0x20000cc8      0x600 load address 0x08004288
                0x20000cc8                . = ALIGN (0x4)
                0x20000cc8                PROVIDE (end, .)
                [!provide]                PROVIDE (_end, .)
                0x20000ec8                . = (. + _Min_Heap_Size)
 *fill*         0x20000cc8      0x200 
                0x200012c8                . = (. + _Min_Stack_Size)
 *fill*         0x20000ec8      0x400 
                0x200012c8                . = ALIGN (0x4)

/DISCARD/
 libc.a(*)
 libm.a(*)
 libgcc.a(*)

.ARM.attributes
                0x00000000       0x30
 *(.ARM.attributes)
 .ARM.attributes
                0x00000000       0x22 e:/truestudio for stm32 9.3.0/armtools/bin/../lib/gcc/arm-atollic-eabi/6.3.1/armv7e-m/fpu/crti.o
 .ARM.attributes
                0x00000022       0x34 e:/truestudio for stm32 9.3.0/armtools/bin/../lib/gcc/arm-atollic-eabi/6.3.1/armv7e-m/fpu/crtbegin.o
 .ARM.attributes
                0x00000056       0x39 Drivers\STM32F4xx_HAL_Driver\Src\stm32f4xx_hal.o
 .ARM.attributes
                0x0000008f       0x39 Drivers\STM32F4xx_HAL_Driver\Src\stm32f4xx_hal_cortex.o
 .ARM.attributes
                0x000000c8       0x39 Drivers\STM32F4xx_HAL_Driver\Src\stm32f4xx_hal_dma.o
 .ARM.attributes
                0x00000101       0x39 Drivers\STM32F4xx_HAL_Driver\Src\stm32f4xx_hal_gpio.o
 .ARM.attributes
                0x0000013a       0x39 Drivers\STM32F4xx_HAL_Driver\Src\stm32f4xx_hal_i2c.o
 .ARM.attributes
                0x00000173       0x39 Drivers\STM32F4xx_HAL_Driver\Src\stm32f4xx_hal_pcd.o
 .ARM.attributes
                0x000001ac       0x39 Drivers\STM32F4xx_HAL_Driver\Src\stm32f4xx_hal_pcd_ex.o
 .ARM.attributes
                0x000001e5       0x39 Drivers\STM32F4xx_HAL_Driver\Src\stm32f4xx_hal_rcc.o
 .ARM.attributes
                0x0000021e       0x39 Drivers\STM32F4xx_HAL_Driver\Src\stm32f4xx_hal_rcc_ex.o
 .ARM.attributes
                0x00000257       0x39 Drivers\STM32F4xx_HAL_Driver\Src\stm32f4xx_hal_rtc.o
 .ARM.attributes
                0x00000290       0x39 Drivers\STM32F4xx_HAL_Driver\Src\stm32f4xx_hal_tim.o
 .ARM.attributes
                0x000002c9       0x39 Drivers\STM32F4xx_HAL_Driver\Src\stm32f4xx_hal_tim_ex.o
 .ARM.attributes
                0x00000302       0x39 Drivers\STM32F4xx_HAL_Driver\Src\stm32f4xx_hal_uart.o
 .ARM.attributes
                0x0000033b       0x39 Drivers\STM32F4xx_HAL_Driver\Src\stm32f4xx_ll_usb.o
 .ARM.attributes
                0x00000374       0x39 Middlewares\ST\STM32_USB_Device_Library\Class\HID\Src\usbd_hid.o
 .ARM.attributes
                0x000003ad       0x39 Middlewares\ST\STM32_USB_Device_Library\Core\Src\usbd_core.o
 .ARM.attributes
                0x000003e6       0x39 Middlewares\ST\STM32_USB_Device_Library\Core\Src\usbd_ctlreq.o
 .ARM.attributes
                0x0000041f       0x39 Middlewares\ST\STM32_USB_Device_Library\Core\Src\usbd_ioreq.o
 .ARM.attributes
                0x00000458       0x39 Src\main.o
 .ARM.attributes
                0x00000491       0x39 Src\stm32f4xx_hal_msp.o
 .ARM.attributes
                0x000004ca       0x39 Src\stm32f4xx_it.o
 .ARM.attributes
                0x00000503       0x39 Src\syscalls.o
 .ARM.attributes
                0x0000053c       0x39 Src\system_stm32f4xx.o
 .ARM.attributes
                0x00000575       0x39 Src\usb_device.o
 .ARM.attributes
                0x000005ae       0x39 Src\usbd_conf.o
 .ARM.attributes
                0x000005e7       0x39 Src\usbd_desc.o
 .ARM.attributes
                0x00000620       0x21 startup\startup_stm32f401xc.o
 .ARM.attributes
                0x00000641       0x34 e:/truestudio for stm32 9.3.0/armtools/bin/../lib/gcc/arm-atollic-eabi/6.3.1/../../../../arm-atollic-eabi/lib/armv7e-m/fpu\libc_nano.a(lib_a-errno.o)
 .ARM.attributes
                0x00000675       0x34 e:/truestudio for stm32 9.3.0/armtools/bin/../lib/gcc/arm-atollic-eabi/6.3.1/../../../../arm-atollic-eabi/lib/armv7e-m/fpu\libc_nano.a(lib_a-impure.o)
 .ARM.attributes
                0x000006a9       0x34 e:/truestudio for stm32 9.3.0/armtools/bin/../lib/gcc/arm-atollic-eabi/6.3.1/../../../../arm-atollic-eabi/lib/armv7e-m/fpu\libc_nano.a(lib_a-init.o)
 .ARM.attributes
                0x000006dd       0x34 e:/truestudio for stm32 9.3.0/armtools/bin/../lib/gcc/arm-atollic-eabi/6.3.1/../../../../arm-atollic-eabi/lib/armv7e-m/fpu\libc_nano.a(lib_a-malloc.o)
 .ARM.attributes
                0x00000711       0x34 e:/truestudio for stm32 9.3.0/armtools/bin/../lib/gcc/arm-atollic-eabi/6.3.1/../../../../arm-atollic-eabi/lib/armv7e-m/fpu\libc_nano.a(lib_a-memset.o)
 .ARM.attributes
                0x00000745       0x34 e:/truestudio for stm32 9.3.0/armtools/bin/../lib/gcc/arm-atollic-eabi/6.3.1/../../../../arm-atollic-eabi/lib/armv7e-m/fpu\libc_nano.a(lib_a-nano-freer.o)
 .ARM.attributes
                0x00000779       0x34 e:/truestudio for stm32 9.3.0/armtools/bin/../lib/gcc/arm-atollic-eabi/6.3.1/../../../../arm-atollic-eabi/lib/armv7e-m/fpu\libc_nano.a(lib_a-nano-mallocr.o)
 .ARM.attributes
                0x000007ad       0x34 e:/truestudio for stm32 9.3.0/armtools/bin/../lib/gcc/arm-atollic-eabi/6.3.1/../../../../arm-atollic-eabi/lib/armv7e-m/fpu\libc_nano.a(lib_a-sbrkr.o)
 .ARM.attributes
                0x000007e1       0x34 e:/truestudio for stm32 9.3.0/armtools/bin/../lib/gcc/arm-atollic-eabi/6.3.1/../../../../arm-atollic-eabi/lib/armv7e-m/fpu\libc_nano.a(lib_a-strcpy.o)
 .ARM.attributes
                0x00000815       0x34 e:/truestudio for stm32 9.3.0/armtools/bin/../lib/gcc/arm-atollic-eabi/6.3.1/../../../../arm-atollic-eabi/lib/armv7e-m/fpu\libc_nano.a(lib_a-mlock.o)
 .ARM.attributes
                0x00000849       0x34 e:/truestudio for stm32 9.3.0/armtools/bin/../lib/gcc/arm-atollic-eabi/6.3.1/../../../../arm-atollic-eabi/lib/armv7e-m/fpu\libc_nano.a(lib_a-reent.o)
 .ARM.attributes
                0x0000087d       0x22 e:/truestudio for stm32 9.3.0/armtools/bin/../lib/gcc/arm-atollic-eabi/6.3.1/armv7e-m/fpu\libgcc.a(_aeabi_uldivmod.o)
 .ARM.attributes
                0x0000089f       0x34 e:/truestudio for stm32 9.3.0/armtools/bin/../lib/gcc/arm-atollic-eabi/6.3.1/armv7e-m/fpu\libgcc.a(_udivmoddi4.o)
 .ARM.attributes
                0x000008d3       0x22 e:/truestudio for stm32 9.3.0/armtools/bin/../lib/gcc/arm-atollic-eabi/6.3.1/armv7e-m/fpu\libgcc.a(_dvmd_tls.o)
 .ARM.attributes
                0x000008f5       0x22 e:/truestudio for stm32 9.3.0/armtools/bin/../lib/gcc/arm-atollic-eabi/6.3.1/armv7e-m/fpu/crtn.o
OUTPUT(DexsF401Macropad.elf elf32-littlearm)

.debug_info     0x00000000    0x20786
 .debug_info    0x00000000      0x9a2 Drivers\STM32F4xx_HAL_Driver\Src\stm32f4xx_hal.o
 .debug_info    0x000009a2      0xef4 Drivers\STM32F4xx_HAL_Driver\Src\stm32f4xx_hal_cortex.o
 .debug_info    0x00001896      0xa95 Drivers\STM32F4xx_HAL_Driver\Src\stm32f4xx_hal_dma.o
 .debug_info    0x0000232b      0x7ed Drivers\STM32F4xx_HAL_Driver\Src\stm32f4xx_hal_gpio.o
 .debug_info    0x00002b18     0x3417 Drivers\STM32F4xx_HAL_Driver\Src\stm32f4xx_hal_i2c.o
 .debug_info    0x00005f2f     0x1797 Drivers\STM32F4xx_HAL_Driver\Src\stm32f4xx_hal_pcd.o
 .debug_info    0x000076c6      0x755 Drivers\STM32F4xx_HAL_Driver\Src\stm32f4xx_hal_pcd_ex.o
 .debug_info    0x00007e1b      0xad7 Drivers\STM32F4xx_HAL_Driver\Src\stm32f4xx_hal_rcc.o
 .debug_info    0x000088f2      0x6eb Drivers\STM32F4xx_HAL_Driver\Src\stm32f4xx_hal_rcc_ex.o
 .debug_info    0x00008fdd      0xed4 Drivers\STM32F4xx_HAL_Driver\Src\stm32f4xx_hal_rtc.o
 .debug_info    0x00009eb1     0x3519 Drivers\STM32F4xx_HAL_Driver\Src\stm32f4xx_hal_tim.o
 .debug_info    0x0000d3ca     0x1347 Drivers\STM32F4xx_HAL_Driver\Src\stm32f4xx_hal_tim_ex.o
 .debug_info    0x0000e711     0x16a8 Drivers\STM32F4xx_HAL_Driver\Src\stm32f4xx_hal_uart.o
 .debug_info    0x0000fdb9     0x1ba6 Drivers\STM32F4xx_HAL_Driver\Src\stm32f4xx_ll_usb.o
 .debug_info    0x0001195f     0x125f Middlewares\ST\STM32_USB_Device_Library\Class\HID\Src\usbd_hid.o
 .debug_info    0x00012bbe     0x150a Middlewares\ST\STM32_USB_Device_Library\Core\Src\usbd_core.o
 .debug_info    0x000140c8     0x1525 Middlewares\ST\STM32_USB_Device_Library\Core\Src\usbd_ctlreq.o
 .debug_info    0x000155ed     0x102d Middlewares\ST\STM32_USB_Device_Library\Core\Src\usbd_ioreq.o
 .debug_info    0x0001661a     0x2d85 Src\main.o
 .debug_info    0x0001939f     0x1466 Src\stm32f4xx_hal_msp.o
 .debug_info    0x0001a805      0x936 Src\stm32f4xx_it.o
 .debug_info    0x0001b13b      0xfe1 Src\syscalls.o
 .debug_info    0x0001c11c      0x585 Src\system_stm32f4xx.o
 .debug_info    0x0001c6a1      0xe5e Src\usb_device.o
 .debug_info    0x0001d4ff     0x2381 Src\usbd_conf.o
 .debug_info    0x0001f880      0xe9a Src\usbd_desc.o
 .debug_info    0x0002071a       0x6c startup\startup_stm32f401xc.o

.debug_abbrev   0x00000000     0x4580
 .debug_abbrev  0x00000000      0x264 Drivers\STM32F4xx_HAL_Driver\Src\stm32f4xx_hal.o
 .debug_abbrev  0x00000264      0x314 Drivers\STM32F4xx_HAL_Driver\Src\stm32f4xx_hal_cortex.o
 .debug_abbrev  0x00000578      0x2b0 Drivers\STM32F4xx_HAL_Driver\Src\stm32f4xx_hal_dma.o
 .debug_abbrev  0x00000828      0x1ef Drivers\STM32F4xx_HAL_Driver\Src\stm32f4xx_hal_gpio.o
 .debug_abbrev  0x00000a17      0x399 Drivers\STM32F4xx_HAL_Driver\Src\stm32f4xx_hal_i2c.o
 .debug_abbrev  0x00000db0      0x350 Drivers\STM32F4xx_HAL_Driver\Src\stm32f4xx_hal_pcd.o
 .debug_abbrev  0x00001100      0x1de Drivers\STM32F4xx_HAL_Driver\Src\stm32f4xx_hal_pcd_ex.o
 .debug_abbrev  0x000012de      0x2cb Drivers\STM32F4xx_HAL_Driver\Src\stm32f4xx_hal_rcc.o
 .debug_abbrev  0x000015a9      0x172 Drivers\STM32F4xx_HAL_Driver\Src\stm32f4xx_hal_rcc_ex.o
 .debug_abbrev  0x0000171b      0x24f Drivers\STM32F4xx_HAL_Driver\Src\stm32f4xx_hal_rtc.o
 .debug_abbrev  0x0000196a      0x333 Drivers\STM32F4xx_HAL_Driver\Src\stm32f4xx_hal_tim.o
 .debug_abbrev  0x00001c9d      0x2ab Drivers\STM32F4xx_HAL_Driver\Src\stm32f4xx_hal_tim_ex.o
 .debug_abbrev  0x00001f48      0x322 Drivers\STM32F4xx_HAL_Driver\Src\stm32f4xx_hal_uart.o
 .debug_abbrev  0x0000226a      0x33b Drivers\STM32F4xx_HAL_Driver\Src\stm32f4xx_ll_usb.o
 .debug_abbrev  0x000025a5      0x291 Middlewares\ST\STM32_USB_Device_Library\Class\HID\Src\usbd_hid.o
 .debug_abbrev  0x00002836      0x322 Middlewares\ST\STM32_USB_Device_Library\Core\Src\usbd_core.o
 .debug_abbrev  0x00002b58      0x3b9 Middlewares\ST\STM32_USB_Device_Library\Core\Src\usbd_ctlreq.o
 .debug_abbrev  0x00002f11      0x1f7 Middlewares\ST\STM32_USB_Device_Library\Core\Src\usbd_ioreq.o
 .debug_abbrev  0x00003108      0x452 Src\main.o
 .debug_abbrev  0x0000355a      0x22f Src\stm32f4xx_hal_msp.o
 .debug_abbrev  0x00003789      0x1e0 Src\stm32f4xx_it.o
 .debug_abbrev  0x00003969      0x2d9 Src\syscalls.o
 .debug_abbrev  0x00003c42      0x126 Src\system_stm32f4xx.o
 .debug_abbrev  0x00003d68      0x1f5 Src\usb_device.o
 .debug_abbrev  0x00003f5d      0x348 Src\usbd_conf.o
 .debug_abbrev  0x000042a5      0x2c9 Src\usbd_desc.o
 .debug_abbrev  0x0000456e       0x12 startup\startup_stm32f401xc.o

.debug_loc      0x00000000     0xef8a
 .debug_loc     0x00000000      0x12e Drivers\STM32F4xx_HAL_Driver\Src\stm32f4xx_hal.o
 .debug_loc     0x0000012e      0x4fb Drivers\STM32F4xx_HAL_Driver\Src\stm32f4xx_hal_cortex.o
 .debug_loc     0x00000629      0x727 Drivers\STM32F4xx_HAL_Driver\Src\stm32f4xx_hal_dma.o
 .debug_loc     0x00000d50      0x337 Drivers\STM32F4xx_HAL_Driver\Src\stm32f4xx_hal_gpio.o
 .debug_loc     0x00001087     0x3009 Drivers\STM32F4xx_HAL_Driver\Src\stm32f4xx_hal_i2c.o
 .debug_loc     0x00004090      0xc30 Drivers\STM32F4xx_HAL_Driver\Src\stm32f4xx_hal_pcd.o
 .debug_loc     0x00004cc0      0x100 Drivers\STM32F4xx_HAL_Driver\Src\stm32f4xx_hal_pcd_ex.o
 .debug_loc     0x00004dc0      0x346 Drivers\STM32F4xx_HAL_Driver\Src\stm32f4xx_hal_rcc.o
 .debug_loc     0x00005106      0x2ce Drivers\STM32F4xx_HAL_Driver\Src\stm32f4xx_hal_rcc_ex.o
 .debug_loc     0x000053d4      0x821 Drivers\STM32F4xx_HAL_Driver\Src\stm32f4xx_hal_rtc.o
 .debug_loc     0x00005bf5     0x2f57 Drivers\STM32F4xx_HAL_Driver\Src\stm32f4xx_hal_tim.o
 .debug_loc     0x00008b4c      0xa7c Drivers\STM32F4xx_HAL_Driver\Src\stm32f4xx_hal_tim_ex.o
 .debug_loc     0x000095c8     0x1350 Drivers\STM32F4xx_HAL_Driver\Src\stm32f4xx_hal_uart.o
 .debug_loc     0x0000a918     0x1b55 Drivers\STM32F4xx_HAL_Driver\Src\stm32f4xx_ll_usb.o
 .debug_loc     0x0000c46d      0x469 Middlewares\ST\STM32_USB_Device_Library\Class\HID\Src\usbd_hid.o
 .debug_loc     0x0000c8d6      0x705 Middlewares\ST\STM32_USB_Device_Library\Core\Src\usbd_core.o
 .debug_loc     0x0000cfdb      0x8e0 Middlewares\ST\STM32_USB_Device_Library\Core\Src\usbd_ctlreq.o
 .debug_loc     0x0000d8bb      0x23c Middlewares\ST\STM32_USB_Device_Library\Core\Src\usbd_ioreq.o
 .debug_loc     0x0000daf7      0x2df Src\main.o
 .debug_loc     0x0000ddd6       0xc6 Src\stm32f4xx_hal_msp.o
 .debug_loc     0x0000de9c      0x3ef Src\syscalls.o
 .debug_loc     0x0000e28b      0x11c Src\system_stm32f4xx.o
 .debug_loc     0x0000e3a7      0x8ea Src\usbd_conf.o
 .debug_loc     0x0000ec91      0x2f9 Src\usbd_desc.o

.debug_aranges  0x00000000     0x1250
 .debug_aranges
                0x00000000       0xe8 Drivers\STM32F4xx_HAL_Driver\Src\stm32f4xx_hal.o
 .debug_aranges
                0x000000e8       0xa8 Drivers\STM32F4xx_HAL_Driver\Src\stm32f4xx_hal_cortex.o
 .debug_aranges
                0x00000190       0x80 Drivers\STM32F4xx_HAL_Driver\Src\stm32f4xx_hal_dma.o
 .debug_aranges
                0x00000210       0x58 Drivers\STM32F4xx_HAL_Driver\Src\stm32f4xx_hal_gpio.o
 .debug_aranges
                0x00000268      0x1b8 Drivers\STM32F4xx_HAL_Driver\Src\stm32f4xx_hal_i2c.o
 .debug_aranges
                0x00000420       0xc0 Drivers\STM32F4xx_HAL_Driver\Src\stm32f4xx_hal_pcd.o
 .debug_aranges
                0x000004e0       0x30 Drivers\STM32F4xx_HAL_Driver\Src\stm32f4xx_hal_pcd_ex.o
 .debug_aranges
                0x00000510       0x88 Drivers\STM32F4xx_HAL_Driver\Src\stm32f4xx_hal_rcc.o
 .debug_aranges
                0x00000598       0x48 Drivers\STM32F4xx_HAL_Driver\Src\stm32f4xx_hal_rcc_ex.o
 .debug_aranges
                0x000005e0       0xa8 Drivers\STM32F4xx_HAL_Driver\Src\stm32f4xx_hal_rtc.o
 .debug_aranges
                0x00000688      0x278 Drivers\STM32F4xx_HAL_Driver\Src\stm32f4xx_hal_tim.o
 .debug_aranges
                0x00000900       0xf8 Drivers\STM32F4xx_HAL_Driver\Src\stm32f4xx_hal_tim_ex.o
 .debug_aranges
                0x000009f8      0x170 Drivers\STM32F4xx_HAL_Driver\Src\stm32f4xx_hal_uart.o
 .debug_aranges
                0x00000b68      0x198 Drivers\STM32F4xx_HAL_Driver\Src\stm32f4xx_ll_usb.o
 .debug_aranges
                0x00000d00       0x68 Middlewares\ST\STM32_USB_Device_Library\Class\HID\Src\usbd_hid.o
 .debug_aranges
                0x00000d68       0xa8 Middlewares\ST\STM32_USB_Device_Library\Core\Src\usbd_core.o
 .debug_aranges
                0x00000e10       0x50 Middlewares\ST\STM32_USB_Device_Library\Core\Src\usbd_ctlreq.o
 .debug_aranges
                0x00000e60       0x50 Middlewares\ST\STM32_USB_Device_Library\Core\Src\usbd_ioreq.o
 .debug_aranges
                0x00000eb0       0x60 Src\main.o
 .debug_aranges
                0x00000f10       0x60 Src\stm32f4xx_hal_msp.o
 .debug_aranges
                0x00000f70       0x68 Src\stm32f4xx_it.o
 .debug_aranges
                0x00000fd8       0xb0 Src\syscalls.o
 .debug_aranges
                0x00001088       0x28 Src\system_stm32f4xx.o
 .debug_aranges
                0x000010b0       0x20 Src\usb_device.o
 .debug_aranges
                0x000010d0      0x100 Src\usbd_conf.o
 .debug_aranges
                0x000011d0       0x58 Src\usbd_desc.o
 .debug_aranges
                0x00001228       0x28 startup\startup_stm32f401xc.o

.debug_ranges   0x00000000     0x1730
 .debug_ranges  0x00000000       0xd8 Drivers\STM32F4xx_HAL_Driver\Src\stm32f4xx_hal.o
 .debug_ranges  0x000000d8      0x128 Drivers\STM32F4xx_HAL_Driver\Src\stm32f4xx_hal_cortex.o
 .debug_ranges  0x00000200       0xc8 Drivers\STM32F4xx_HAL_Driver\Src\stm32f4xx_hal_dma.o
 .debug_ranges  0x000002c8       0x68 Drivers\STM32F4xx_HAL_Driver\Src\stm32f4xx_hal_gpio.o
 .debug_ranges  0x00000330      0x3c0 Drivers\STM32F4xx_HAL_Driver\Src\stm32f4xx_hal_i2c.o
 .debug_ranges  0x000006f0       0xe0 Drivers\STM32F4xx_HAL_Driver\Src\stm32f4xx_hal_pcd.o
 .debug_ranges  0x000007d0       0x20 Drivers\STM32F4xx_HAL_Driver\Src\stm32f4xx_hal_pcd_ex.o
 .debug_ranges  0x000007f0       0xb0 Drivers\STM32F4xx_HAL_Driver\Src\stm32f4xx_hal_rcc.o
 .debug_ranges  0x000008a0       0x50 Drivers\STM32F4xx_HAL_Driver\Src\stm32f4xx_hal_rcc_ex.o
 .debug_ranges  0x000008f0       0x98 Drivers\STM32F4xx_HAL_Driver\Src\stm32f4xx_hal_rtc.o
 .debug_ranges  0x00000988      0x340 Drivers\STM32F4xx_HAL_Driver\Src\stm32f4xx_hal_tim.o
 .debug_ranges  0x00000cc8       0xe8 Drivers\STM32F4xx_HAL_Driver\Src\stm32f4xx_hal_tim_ex.o
 .debug_ranges  0x00000db0      0x178 Drivers\STM32F4xx_HAL_Driver\Src\stm32f4xx_hal_uart.o
 .debug_ranges  0x00000f28      0x1a0 Drivers\STM32F4xx_HAL_Driver\Src\stm32f4xx_ll_usb.o
 .debug_ranges  0x000010c8       0x58 Middlewares\ST\STM32_USB_Device_Library\Class\HID\Src\usbd_hid.o
 .debug_ranges  0x00001120       0x98 Middlewares\ST\STM32_USB_Device_Library\Core\Src\usbd_core.o
 .debug_ranges  0x000011b8       0x88 Middlewares\ST\STM32_USB_Device_Library\Core\Src\usbd_ctlreq.o
 .debug_ranges  0x00001240       0x40 Middlewares\ST\STM32_USB_Device_Library\Core\Src\usbd_ioreq.o
 .debug_ranges  0x00001280      0x168 Src\main.o
 .debug_ranges  0x000013e8       0xa0 Src\stm32f4xx_hal_msp.o
 .debug_ranges  0x00001488       0x58 Src\stm32f4xx_it.o
 .debug_ranges  0x000014e0       0xa0 Src\syscalls.o
 .debug_ranges  0x00001580       0x18 Src\system_stm32f4xx.o
 .debug_ranges  0x00001598       0x10 Src\usb_device.o
 .debug_ranges  0x000015a8      0x120 Src\usbd_conf.o
 .debug_ranges  0x000016c8       0x48 Src\usbd_desc.o
 .debug_ranges  0x00001710       0x20 startup\startup_stm32f401xc.o

.debug_line     0x00000000     0x9dd6
 .debug_line    0x00000000      0x3e8 Drivers\STM32F4xx_HAL_Driver\Src\stm32f4xx_hal.o
 .debug_line    0x000003e8      0x431 Drivers\STM32F4xx_HAL_Driver\Src\stm32f4xx_hal_cortex.o
 .debug_line    0x00000819      0x536 Drivers\STM32F4xx_HAL_Driver\Src\stm32f4xx_hal_dma.o
 .debug_line    0x00000d4f      0x3a0 Drivers\STM32F4xx_HAL_Driver\Src\stm32f4xx_hal_gpio.o
 .debug_line    0x000010ef     0x1be3 Drivers\STM32F4xx_HAL_Driver\Src\stm32f4xx_hal_i2c.o
 .debug_line    0x00002cd2      0x6f9 Drivers\STM32F4xx_HAL_Driver\Src\stm32f4xx_hal_pcd.o
 .debug_line    0x000033cb      0x24d Drivers\STM32F4xx_HAL_Driver\Src\stm32f4xx_hal_pcd_ex.o
 .debug_line    0x00003618      0x4e2 Drivers\STM32F4xx_HAL_Driver\Src\stm32f4xx_hal_rcc.o
 .debug_line    0x00003afa      0x35b Drivers\STM32F4xx_HAL_Driver\Src\stm32f4xx_hal_rcc_ex.o
 .debug_line    0x00003e55      0x5d6 Drivers\STM32F4xx_HAL_Driver\Src\stm32f4xx_hal_rtc.o
 .debug_line    0x0000442b     0x10a7 Drivers\STM32F4xx_HAL_Driver\Src\stm32f4xx_hal_tim.o
 .debug_line    0x000054d2      0x672 Drivers\STM32F4xx_HAL_Driver\Src\stm32f4xx_hal_tim_ex.o
 .debug_line    0x00005b44      0xb5d Drivers\STM32F4xx_HAL_Driver\Src\stm32f4xx_hal_uart.o
 .debug_line    0x000066a1      0x90f Drivers\STM32F4xx_HAL_Driver\Src\stm32f4xx_ll_usb.o
 .debug_line    0x00006fb0      0x434 Middlewares\ST\STM32_USB_Device_Library\Class\HID\Src\usbd_hid.o
 .debug_line    0x000073e4      0x4da Middlewares\ST\STM32_USB_Device_Library\Core\Src\usbd_core.o
 .debug_line    0x000078be      0x477 Middlewares\ST\STM32_USB_Device_Library\Core\Src\usbd_ctlreq.o
 .debug_line    0x00007d35      0x350 Middlewares\ST\STM32_USB_Device_Library\Core\Src\usbd_ioreq.o
 .debug_line    0x00008085      0x592 Src\main.o
 .debug_line    0x00008617      0x379 Src\stm32f4xx_hal_msp.o
 .debug_line    0x00008990      0x295 Src\stm32f4xx_it.o
 .debug_line    0x00008c25      0x34b Src\syscalls.o
 .debug_line    0x00008f70      0x1d5 Src\system_stm32f4xx.o
 .debug_line    0x00009145      0x31a Src\usb_device.o
 .debug_line    0x0000945f      0x58f Src\usbd_conf.o
 .debug_line    0x000099ee      0x369 Src\usbd_desc.o
 .debug_line    0x00009d57       0x7f startup\startup_stm32f401xc.o

.debug_str      0x00000000     0x6c34
 .debug_str     0x00000000      0x9f8 Drivers\STM32F4xx_HAL_Driver\Src\stm32f4xx_hal.o
                                0xa66 (size before relaxing)
 .debug_str     0x000009f8      0x4a8 Drivers\STM32F4xx_HAL_Driver\Src\stm32f4xx_hal_cortex.o
                                0xb93 (size before relaxing)
 .debug_str     0x00000ea0      0x522 Drivers\STM32F4xx_HAL_Driver\Src\stm32f4xx_hal_dma.o
                                0x841 (size before relaxing)
 .debug_str     0x000013c2      0x1d1 Drivers\STM32F4xx_HAL_Driver\Src\stm32f4xx_hal_gpio.o
                                0x5cd (size before relaxing)
 .debug_str     0x00001593      0xb0a Drivers\STM32F4xx_HAL_Driver\Src\stm32f4xx_hal_i2c.o
                               0x10f5 (size before relaxing)
 .debug_str     0x0000209d      0xac7 Drivers\STM32F4xx_HAL_Driver\Src\stm32f4xx_hal_pcd.o
                                0xe01 (size before relaxing)
 .debug_str     0x00002b64      0x150 Drivers\STM32F4xx_HAL_Driver\Src\stm32f4xx_hal_pcd_ex.o
                                0x7d9 (size before relaxing)
 .debug_str     0x00002cb4      0x2c0 Drivers\STM32F4xx_HAL_Driver\Src\stm32f4xx_hal_rcc.o
                                0x7ab (size before relaxing)
 .debug_str     0x00002f74      0x18a Drivers\STM32F4xx_HAL_Driver\Src\stm32f4xx_hal_rcc_ex.o
                                0x5aa (size before relaxing)
 .debug_str     0x000030fe      0x49e Drivers\STM32F4xx_HAL_Driver\Src\stm32f4xx_hal_rtc.o
                                0x810 (size before relaxing)
 .debug_str     0x0000359c      0xfe8 Drivers\STM32F4xx_HAL_Driver\Src\stm32f4xx_hal_tim.o
                               0x1598 (size before relaxing)
 .debug_str     0x00004584      0x548 Drivers\STM32F4xx_HAL_Driver\Src\stm32f4xx_hal_tim_ex.o
                                0xdb0 (size before relaxing)
 .debug_str     0x00004acc      0x6c0 Drivers\STM32F4xx_HAL_Driver\Src\stm32f4xx_hal_uart.o
                                0xcfc (size before relaxing)
 .debug_str     0x0000518c      0x42f Drivers\STM32F4xx_HAL_Driver\Src\stm32f4xx_ll_usb.o
                                0xd17 (size before relaxing)
 .debug_str     0x000055bb      0x9a8 Middlewares\ST\STM32_USB_Device_Library\Class\HID\Src\usbd_hid.o
                                0xd2a (size before relaxing)
 .debug_str     0x00005f63      0x2a4 Middlewares\ST\STM32_USB_Device_Library\Core\Src\usbd_core.o
                                0xd3f (size before relaxing)
 .debug_str     0x00006207      0x112 Middlewares\ST\STM32_USB_Device_Library\Core\Src\usbd_ctlreq.o
                                0xc59 (size before relaxing)
 .debug_str     0x00006319       0x79 Middlewares\ST\STM32_USB_Device_Library\Core\Src\usbd_ioreq.o
                                0xb86 (size before relaxing)
 .debug_str     0x00006392      0x2fe Src\main.o
                               0x2045 (size before relaxing)
 .debug_str     0x00006690       0x25 Src\stm32f4xx_hal_msp.o
                                0xfa8 (size before relaxing)
 .debug_str     0x000066b5      0x110 Src\stm32f4xx_it.o
                                0x97a (size before relaxing)
 .debug_str     0x000067c5      0x244 Src\syscalls.o
                                0x86e (size before relaxing)
 .debug_str     0x00006a09       0x45 Src\system_stm32f4xx.o
                                0x431 (size before relaxing)
 .debug_str     0x00006a4e       0x1c Src\usb_device.o
                                0xad5 (size before relaxing)
 .debug_str     0x00006a6a       0x65 Src\usbd_conf.o
                               0x18b9 (size before relaxing)
 .debug_str     0x00006acf      0x165 Src\usbd_desc.o
                                0x954 (size before relaxing)

.comment        0x00000000       0x7c
 .comment       0x00000000       0x7c Drivers\STM32F4xx_HAL_Driver\Src\stm32f4xx_hal.o
                                 0x7d (size before relaxing)
 .comment       0x0000007c       0x7d Drivers\STM32F4xx_HAL_Driver\Src\stm32f4xx_hal_cortex.o
 .comment       0x0000007c       0x7d Drivers\STM32F4xx_HAL_Driver\Src\stm32f4xx_hal_dma.o
 .comment       0x0000007c       0x7d Drivers\STM32F4xx_HAL_Driver\Src\stm32f4xx_hal_gpio.o
 .comment       0x0000007c       0x7d Drivers\STM32F4xx_HAL_Driver\Src\stm32f4xx_hal_i2c.o
 .comment       0x0000007c       0x7d Drivers\STM32F4xx_HAL_Driver\Src\stm32f4xx_hal_pcd.o
 .comment       0x0000007c       0x7d Drivers\STM32F4xx_HAL_Driver\Src\stm32f4xx_hal_pcd_ex.o
 .comment       0x0000007c       0x7d Drivers\STM32F4xx_HAL_Driver\Src\stm32f4xx_hal_rcc.o
 .comment       0x0000007c       0x7d Drivers\STM32F4xx_HAL_Driver\Src\stm32f4xx_hal_rcc_ex.o
 .comment       0x0000007c       0x7d Drivers\STM32F4xx_HAL_Driver\Src\stm32f4xx_hal_rtc.o
 .comment       0x0000007c       0x7d Drivers\STM32F4xx_HAL_Driver\Src\stm32f4xx_hal_tim.o
 .comment       0x0000007c       0x7d Drivers\STM32F4xx_HAL_Driver\Src\stm32f4xx_hal_tim_ex.o
 .comment       0x0000007c       0x7d Drivers\STM32F4xx_HAL_Driver\Src\stm32f4xx_hal_uart.o
 .comment       0x0000007c       0x7d Drivers\STM32F4xx_HAL_Driver\Src\stm32f4xx_ll_usb.o
 .comment       0x0000007c       0x7d Middlewares\ST\STM32_USB_Device_Library\Class\HID\Src\usbd_hid.o
 .comment       0x0000007c       0x7d Middlewares\ST\STM32_USB_Device_Library\Core\Src\usbd_core.o
 .comment       0x0000007c       0x7d Middlewares\ST\STM32_USB_Device_Library\Core\Src\usbd_ctlreq.o
 .comment       0x0000007c       0x7d Middlewares\ST\STM32_USB_Device_Library\Core\Src\usbd_ioreq.o
 .comment       0x0000007c       0x7d Src\main.o
 .comment       0x0000007c       0x7d Src\stm32f4xx_hal_msp.o
 .comment       0x0000007c       0x7d Src\stm32f4xx_it.o
 .comment       0x0000007c       0x7d Src\syscalls.o
 .comment       0x0000007c       0x7d Src\system_stm32f4xx.o
 .comment       0x0000007c       0x7d Src\usb_device.o
 .comment       0x0000007c       0x7d Src\usbd_conf.o
 .comment       0x0000007c       0x7d Src\usbd_desc.o

.debug_frame    0x00000000     0x3790
 .debug_frame   0x00000000      0x1f4 Drivers\STM32F4xx_HAL_Driver\Src\stm32f4xx_hal.o
 .debug_frame   0x000001f4      0x158 Drivers\STM32F4xx_HAL_Driver\Src\stm32f4xx_hal_cortex.o
 .debug_frame   0x0000034c      0x150 Drivers\STM32F4xx_HAL_Driver\Src\stm32f4xx_hal_dma.o
 .debug_frame   0x0000049c       0xd8 Drivers\STM32F4xx_HAL_Driver\Src\stm32f4xx_hal_gpio.o
 .debug_frame   0x00000574      0x710 Drivers\STM32F4xx_HAL_Driver\Src\stm32f4xx_hal_i2c.o
 .debug_frame   0x00000c84      0x2c4 Drivers\STM32F4xx_HAL_Driver\Src\stm32f4xx_hal_pcd.o
 .debug_frame   0x00000f48       0x5c Drivers\STM32F4xx_HAL_Driver\Src\stm32f4xx_hal_pcd_ex.o
 .debug_frame   0x00000fa4      0x13c Drivers\STM32F4xx_HAL_Driver\Src\stm32f4xx_hal_rcc.o
 .debug_frame   0x000010e0       0xac Drivers\STM32F4xx_HAL_Driver\Src\stm32f4xx_hal_rcc_ex.o
 .debug_frame   0x0000118c      0x218 Drivers\STM32F4xx_HAL_Driver\Src\stm32f4xx_hal_rtc.o
 .debug_frame   0x000013a4      0x928 Drivers\STM32F4xx_HAL_Driver\Src\stm32f4xx_hal_tim.o
 .debug_frame   0x00001ccc      0x360 Drivers\STM32F4xx_HAL_Driver\Src\stm32f4xx_hal_tim_ex.o
 .debug_frame   0x0000202c      0x4a0 Drivers\STM32F4xx_HAL_Driver\Src\stm32f4xx_hal_uart.o
 .debug_frame   0x000024cc      0x45c Drivers\STM32F4xx_HAL_Driver\Src\stm32f4xx_ll_usb.o
 .debug_frame   0x00002928       0xdc Middlewares\ST\STM32_USB_Device_Library\Class\HID\Src\usbd_hid.o
 .debug_frame   0x00002a04      0x1c0 Middlewares\ST\STM32_USB_Device_Library\Core\Src\usbd_core.o
 .debug_frame   0x00002bc4       0xcc Middlewares\ST\STM32_USB_Device_Library\Core\Src\usbd_ctlreq.o
 .debug_frame   0x00002c90       0xb0 Middlewares\ST\STM32_USB_Device_Library\Core\Src\usbd_ioreq.o
 .debug_frame   0x00002d40       0xf8 Src\main.o
 .debug_frame   0x00002e38       0xf8 Src\stm32f4xx_hal_msp.o
 .debug_frame   0x00002f30       0xe0 Src\stm32f4xx_it.o
 .debug_frame   0x00003010      0x1a8 Src\syscalls.o
 .debug_frame   0x000031b8       0x38 Src\system_stm32f4xx.o
 .debug_frame   0x000031f0       0x30 Src\usb_device.o
 .debug_frame   0x00003220      0x274 Src\usbd_conf.o
 .debug_frame   0x00003494       0xc4 Src\usbd_desc.o
 .debug_frame   0x00003558       0x20 e:/truestudio for stm32 9.3.0/armtools/bin/../lib/gcc/arm-atollic-eabi/6.3.1/../../../../arm-atollic-eabi/lib/armv7e-m/fpu\libc_nano.a(lib_a-errno.o)
 .debug_frame   0x00003578       0x2c e:/truestudio for stm32 9.3.0/armtools/bin/../lib/gcc/arm-atollic-eabi/6.3.1/../../../../arm-atollic-eabi/lib/armv7e-m/fpu\libc_nano.a(lib_a-init.o)
 .debug_frame   0x000035a4       0x30 e:/truestudio for stm32 9.3.0/armtools/bin/../lib/gcc/arm-atollic-eabi/6.3.1/../../../../arm-atollic-eabi/lib/armv7e-m/fpu\libc_nano.a(lib_a-malloc.o)
 .debug_frame   0x000035d4       0x20 e:/truestudio for stm32 9.3.0/armtools/bin/../lib/gcc/arm-atollic-eabi/6.3.1/../../../../arm-atollic-eabi/lib/armv7e-m/fpu\libc_nano.a(lib_a-memset.o)
 .debug_frame   0x000035f4       0x38 e:/truestudio for stm32 9.3.0/armtools/bin/../lib/gcc/arm-atollic-eabi/6.3.1/../../../../arm-atollic-eabi/lib/armv7e-m/fpu\libc_nano.a(lib_a-nano-freer.o)
 .debug_frame   0x0000362c       0x2c e:/truestudio for stm32 9.3.0/armtools/bin/../lib/gcc/arm-atollic-eabi/6.3.1/../../../../arm-atollic-eabi/lib/armv7e-m/fpu\libc_nano.a(lib_a-nano-mallocr.o)
 .debug_frame   0x00003658       0x2c e:/truestudio for stm32 9.3.0/armtools/bin/../lib/gcc/arm-atollic-eabi/6.3.1/../../../../arm-atollic-eabi/lib/armv7e-m/fpu\libc_nano.a(lib_a-sbrkr.o)
 .debug_frame   0x00003684       0x20 e:/truestudio for stm32 9.3.0/armtools/bin/../lib/gcc/arm-atollic-eabi/6.3.1/../../../../arm-atollic-eabi/lib/armv7e-m/fpu\libc_nano.a(lib_a-strcpy.o)
 .debug_frame   0x000036a4       0x30 e:/truestudio for stm32 9.3.0/armtools/bin/../lib/gcc/arm-atollic-eabi/6.3.1/../../../../arm-atollic-eabi/lib/armv7e-m/fpu\libc_nano.a(lib_a-mlock.o)
 .debug_frame   0x000036d4       0x5c e:/truestudio for stm32 9.3.0/armtools/bin/../lib/gcc/arm-atollic-eabi/6.3.1/../../../../arm-atollic-eabi/lib/armv7e-m/fpu\libc_nano.a(lib_a-reent.o)
 .debug_frame   0x00003730       0x2c e:/truestudio for stm32 9.3.0/armtools/bin/../lib/gcc/arm-atollic-eabi/6.3.1/armv7e-m/fpu\libgcc.a(_aeabi_uldivmod.o)
 .debug_frame   0x0000375c       0x34 e:/truestudio for stm32 9.3.0/armtools/bin/../lib/gcc/arm-atollic-eabi/6.3.1/armv7e-m/fpu\libgcc.a(_udivmoddi4.o)
