main.c:665:13:MX_USART1_UART_Init	8	static
main.c:721:13:MX_GPIO_Init	64	static
main.c:696:13:MX_DMA_Init	16	static
main.c:506:13:MX_I2C1_Init	8	static
main.c:540:13:MX_RTC_Init	8	static
main.c:574:13:MX_TIM1_Init	40	static
main.c:620:13:MX_TIM2_Init	40	static
main.c:96:6:debugInit	8	static
main.c:100:6:debugTx	0	static
main.c:105:6:debugSendStr	0	static
main.c:115:6:debugSendMacro	72	static
main.c:135:6:keypadReadStep	16	static
main.c:163:6:encoderPoll	0	static
main.c:201:6:pollAllControlsStep	8	static
main.c:212:25:initPoll	8	static
main.c:261:6:ctrlDesignator	32	static
main.c:455:6:SystemClock_Config	112	static
main.c:340:5:main	48	static
main.c:771:6:Error_Handler	0	static
