stm32f4xx_hal_msp.c:69:6:HAL_MspInit	8	static
stm32f4xx_hal_msp.c:91:6:HAL_ADC_MspInit	48	static
stm32f4xx_hal_msp.c:150:6:HAL_ADC_MspDeInit	8	static
stm32f4xx_hal_msp.c:183:6:HAL_I2C_MspInit	48	static
stm32f4xx_hal_msp.c:239:6:HAL_I2C_MspDeInit	8	static
stm32f4xx_hal_msp.c:270:6:HAL_RTC_MspInit	0	static
stm32f4xx_hal_msp.c:292:6:HAL_RTC_MspDeInit	0	static
stm32f4xx_hal_msp.c:314:6:HAL_SPI_MspInit	56	static
stm32f4xx_hal_msp.c:378:6:HAL_SPI_MspDeInit	8	static
stm32f4xx_hal_msp.c:412:6:HAL_TIM_Base_MspInit	16	static
stm32f4xx_hal_msp.c:456:6:HAL_TIM_Base_MspDeInit	0	static
