usbd_ctlreq.c:822:16:USBD_GetLen	0	static
usbd_ctlreq.c:715:13:USBD_SetFeature	8	static
usbd_ctlreq.c:764:6:USBD_ParseSetupRequest	0	static
usbd_ctlreq.c:782:6:USBD_CtlError	8	static
usbd_ctlreq.c:403:13:USBD_GetDescriptor	24	static
usbd_ctlreq.c:523:13:USBD_SetAddress	16	static
usbd_ctlreq.c:565:13:USBD_SetConfig	16	static
usbd_ctlreq.c:640:13:USBD_GetConfig	8	static
usbd_ctlreq.c:674:13:USBD_GetStatus	8	static
usbd_ctlreq.c:735:13:USBD_ClrFeature	8	static
usbd_ctlreq.c:111:21:USBD_StdDevReq	8	static
usbd_ctlreq.c:177:21:USBD_StdItfReq	16	static
usbd_ctlreq.c:228:21:USBD_StdEPReq	16	static
usbd_ctlreq.c:798:6:USBD_GetString	16	static
